Archive member included to satisfy reference by file (symbol)

E:/NXP/S32DS_ARM_v2.2/S32DS/build_tools/gcc_v6.3/gcc-6.3-arm32-eabi/arm-none-eabi/newlib/lib/thumb/v7e-m/fpv4-sp/hard\libc_nano.a(lib_a-exit.o)
                              E:/NXP/S32DS_ARM_v2.2/S32DS/build_tools/gcc_v6.3/gcc-6.3-arm32-eabi/arm-none-eabi/newlib/lib/thumb/v7e-m/fpv4-sp/hard/crt0.o (exit)
E:/NXP/S32DS_ARM_v2.2/S32DS/build_tools/gcc_v6.3/gcc-6.3-arm32-eabi/arm-none-eabi/newlib/lib/thumb/v7e-m/fpv4-sp/hard\libc_nano.a(lib_a-impure.o)
                              E:/NXP/S32DS_ARM_v2.2/S32DS/build_tools/gcc_v6.3/gcc-6.3-arm32-eabi/arm-none-eabi/newlib/lib/thumb/v7e-m/fpv4-sp/hard\libc_nano.a(lib_a-exit.o) (_global_impure_ptr)
E:/NXP/S32DS_ARM_v2.2/S32DS/build_tools/gcc_v6.3/gcc-6.3-arm32-eabi/arm-none-eabi/newlib/lib/thumb/v7e-m/fpv4-sp/hard\libc_nano.a(lib_a-init.o)
                              E:/NXP/S32DS_ARM_v2.2/S32DS/build_tools/gcc_v6.3/gcc-6.3-arm32-eabi/arm-none-eabi/newlib/lib/thumb/v7e-m/fpv4-sp/hard/crt0.o (__libc_init_array)
E:/NXP/S32DS_ARM_v2.2/S32DS/build_tools/gcc_v6.3/gcc-6.3-arm32-eabi/arm-none-eabi/newlib/lib/thumb/v7e-m/fpv4-sp/hard\libc_nano.a(lib_a-malloc.o)
                              ./Sources/HardwareLib/Ymodem.o (malloc)
E:/NXP/S32DS_ARM_v2.2/S32DS/build_tools/gcc_v6.3/gcc-6.3-arm32-eabi/arm-none-eabi/newlib/lib/thumb/v7e-m/fpv4-sp/hard\libc_nano.a(lib_a-memcpy-stub.o)
                              ./SDK/rtos/FreeRTOS_S32K/Source/queue.o (memcpy)
E:/NXP/S32DS_ARM_v2.2/S32DS/build_tools/gcc_v6.3/gcc-6.3-arm32-eabi/arm-none-eabi/newlib/lib/thumb/v7e-m/fpv4-sp/hard\libc_nano.a(lib_a-memset.o)
                              E:/NXP/S32DS_ARM_v2.2/S32DS/build_tools/gcc_v6.3/gcc-6.3-arm32-eabi/arm-none-eabi/newlib/lib/thumb/v7e-m/fpv4-sp/hard/crt0.o (memset)
E:/NXP/S32DS_ARM_v2.2/S32DS/build_tools/gcc_v6.3/gcc-6.3-arm32-eabi/arm-none-eabi/newlib/lib/thumb/v7e-m/fpv4-sp/hard\libc_nano.a(lib_a-nano-freer.o)
                              E:/NXP/S32DS_ARM_v2.2/S32DS/build_tools/gcc_v6.3/gcc-6.3-arm32-eabi/arm-none-eabi/newlib/lib/thumb/v7e-m/fpv4-sp/hard\libc_nano.a(lib_a-malloc.o) (_free_r)
E:/NXP/S32DS_ARM_v2.2/S32DS/build_tools/gcc_v6.3/gcc-6.3-arm32-eabi/arm-none-eabi/newlib/lib/thumb/v7e-m/fpv4-sp/hard\libc_nano.a(lib_a-nano-mallocr.o)
                              E:/NXP/S32DS_ARM_v2.2/S32DS/build_tools/gcc_v6.3/gcc-6.3-arm32-eabi/arm-none-eabi/newlib/lib/thumb/v7e-m/fpv4-sp/hard\libc_nano.a(lib_a-malloc.o) (_malloc_r)
E:/NXP/S32DS_ARM_v2.2/S32DS/build_tools/gcc_v6.3/gcc-6.3-arm32-eabi/arm-none-eabi/newlib/lib/thumb/v7e-m/fpv4-sp/hard\libc_nano.a(lib_a-sbrkr.o)
                              E:/NXP/S32DS_ARM_v2.2/S32DS/build_tools/gcc_v6.3/gcc-6.3-arm32-eabi/arm-none-eabi/newlib/lib/thumb/v7e-m/fpv4-sp/hard\libc_nano.a(lib_a-nano-mallocr.o) (_sbrk_r)
E:/NXP/S32DS_ARM_v2.2/S32DS/build_tools/gcc_v6.3/gcc-6.3-arm32-eabi/arm-none-eabi/newlib/lib/thumb/v7e-m/fpv4-sp/hard\libc_nano.a(lib_a-sprintf.o)
                              ./SDK/rtos/FreeRTOS_S32K/Source/tasks.o (sprintf)
E:/NXP/S32DS_ARM_v2.2/S32DS/build_tools/gcc_v6.3/gcc-6.3-arm32-eabi/arm-none-eabi/newlib/lib/thumb/v7e-m/fpv4-sp/hard\libc_nano.a(lib_a-strcpy.o)
                              ./SDK/rtos/FreeRTOS_S32K/Source/tasks.o (strcpy)
E:/NXP/S32DS_ARM_v2.2/S32DS/build_tools/gcc_v6.3/gcc-6.3-arm32-eabi/arm-none-eabi/newlib/lib/thumb/v7e-m/fpv4-sp/hard\libc_nano.a(lib_a-strlen.o)
                              ./SDK/rtos/FreeRTOS_S32K/Source/tasks.o (strlen)
E:/NXP/S32DS_ARM_v2.2/S32DS/build_tools/gcc_v6.3/gcc-6.3-arm32-eabi/arm-none-eabi/newlib/lib/thumb/v7e-m/fpv4-sp/hard\libc_nano.a(lib_a-vsprintf.o)
                              ./Sources/HardwareLib/LPUART.o (vsprintf)
E:/NXP/S32DS_ARM_v2.2/S32DS/build_tools/gcc_v6.3/gcc-6.3-arm32-eabi/arm-none-eabi/newlib/lib/thumb/v7e-m/fpv4-sp/hard\libc_nano.a(lib_a-mlock.o)
                              E:/NXP/S32DS_ARM_v2.2/S32DS/build_tools/gcc_v6.3/gcc-6.3-arm32-eabi/arm-none-eabi/newlib/lib/thumb/v7e-m/fpv4-sp/hard\libc_nano.a(lib_a-nano-freer.o) (__malloc_lock)
E:/NXP/S32DS_ARM_v2.2/S32DS/build_tools/gcc_v6.3/gcc-6.3-arm32-eabi/arm-none-eabi/newlib/lib/thumb/v7e-m/fpv4-sp/hard\libc_nano.a(lib_a-nano-svfprintf.o)
                              E:/NXP/S32DS_ARM_v2.2/S32DS/build_tools/gcc_v6.3/gcc-6.3-arm32-eabi/arm-none-eabi/newlib/lib/thumb/v7e-m/fpv4-sp/hard\libc_nano.a(lib_a-sprintf.o) (_svfprintf_r)
E:/NXP/S32DS_ARM_v2.2/S32DS/build_tools/gcc_v6.3/gcc-6.3-arm32-eabi/arm-none-eabi/newlib/lib/thumb/v7e-m/fpv4-sp/hard\libc_nano.a(lib_a-nano-vfprintf_i.o)
                              E:/NXP/S32DS_ARM_v2.2/S32DS/build_tools/gcc_v6.3/gcc-6.3-arm32-eabi/arm-none-eabi/newlib/lib/thumb/v7e-m/fpv4-sp/hard\libc_nano.a(lib_a-nano-svfprintf.o) (_printf_i)
E:/NXP/S32DS_ARM_v2.2/S32DS/build_tools/gcc_v6.3/gcc-6.3-arm32-eabi/arm-none-eabi/newlib/lib/thumb/v7e-m/fpv4-sp/hard\libc_nano.a(lib_a-reent.o)
[...]
Memory Configuration

Name             Origin             Length             Attributes
m_interrupts     0x00000000         0x00000400         xr
m_flash_config   0x00000400         0x00000010         xr
m_text           0x00000410         0x00008bf0         xr
m_data           0x1fff8000         0x00008000         rw
m_data_2         0x20000000         0x00007000         rw
*default*        0x00000000         0xffffffff

Linker script and memory map

LOAD e:/nxp/s32ds_arm_v2.2/s32ds/build_tools/gcc_v6.3/gcc-6.3-arm32-eabi/bin/../lib/gcc/arm-none-eabi/6.3.1/thumb/v7e-m/fpv4-sp/hard/crti.o
LOAD e:/nxp/s32ds_arm_v2.2/s32ds/build_tools/gcc_v6.3/gcc-6.3-arm32-eabi/bin/../lib/gcc/arm-none-eabi/6.3.1/thumb/v7e-m/fpv4-sp/hard/crtbegin.o
LOAD E:/NXP/S32DS_ARM_v2.2/S32DS/build_tools/gcc_v6.3/gcc-6.3-arm32-eabi/arm-none-eabi/newlib/lib/thumb/v7e-m/fpv4-sp/hard/crt0.o
LOAD ./Generated_Code/Cpu.o
LOAD ./Generated_Code/Flash1.o
LOAD ./Generated_Code/clockMan1.o
LOAD ./Generated_Code/pin_mux.o
LOAD ./Project_Settings/Startup_Code/startup_S32K144.o
LOAD ./SDK/platform/devices/S32K144/startup/system_S32K144.o
LOAD ./SDK/platform/devices/startup.o
LOAD ./SDK/platform/drivers/src/clock/S32K1xx/clock_S32K1xx.o
LOAD ./SDK/platform/drivers/src/flash/flash_driver.o
LOAD ./SDK/platform/drivers/src/interrupt/interrupt_manager.o
LOAD ./SDK/platform/drivers/src/pins/pins_driver.o
LOAD ./SDK/platform/drivers/src/pins/pins_port_hw_access.o
LOAD ./SDK/rtos/FreeRTOS_S32K/Source/croutine.o
LOAD ./SDK/rtos/FreeRTOS_S32K/Source/event_groups.o
LOAD ./SDK/rtos/FreeRTOS_S32K/Source/list.o
LOAD ./SDK/rtos/FreeRTOS_S32K/Source/queue.o
LOAD ./SDK/rtos/FreeRTOS_S32K/Source/stream_buffer.o
LOAD ./SDK/rtos/FreeRTOS_S32K/Source/tasks.o
LOAD ./SDK/rtos/FreeRTOS_S32K/Source/timers.o
LOAD ./SDK/rtos/FreeRTOS_S32K/Source/portable/GCC/ARM_CM4F/port.o
LOAD ./SDK/rtos/FreeRTOS_S32K/Source/portable/MemMang/heap_4.o
LOAD ./Sources/HardwareLib/FlashWriteRead.o
LOAD ./Sources/HardwareLib/LPUART.o
LOAD ./Sources/HardwareLib/LP_IT_timer.o
LOAD ./Sources/HardwareLib/RGB_LED.o
LOAD ./Sources/HardwareLib/Ymodem.o
LOAD ./Sources/HardwareLib/latency.o
LOAD ./Sources/RTOS_Task.o
LOAD ./Sources/main.o
START GROUP
LOAD e:/nxp/s32ds_arm_v2.2/s32ds/build_tools/gcc_v6.3/gcc-6.3-arm32-eabi/bin/../lib/gcc/arm-none-eabi/6.3.1/thumb/v7e-m/fpv4-sp/hard\libgcc.a
LOAD E:/NXP/S32DS_ARM_v2.2/S32DS/build_tools/gcc_v6.3/gcc-6.3-arm32-eabi/arm-none-eabi/newlib/lib/thumb/v7e-m/fpv4-sp/hard\libc_nano.a
END GROUP
START GROUP
LOAD e:/nxp/s32ds_arm_v2.2/s32ds/build_tools/gcc_v6.3/gcc-6.3-arm32-eabi/bin/../lib/gcc/arm-none-eabi/6.3.1/thumb/v7e-m/fpv4-sp/hard\libgcc.a
LOAD E:/NXP/S32DS_ARM_v2.2/S32DS/build_tools/gcc_v6.3/gcc-6.3-arm32-eabi/arm-none-eabi/newlib/lib/thumb/v7e-m/fpv4-sp/hard\libc_nano.a
LOAD E:/NXP/S32DS_ARM_v2.2/S32DS/build_tools/gcc_v6.3/gcc-6.3-arm32-eabi/arm-none-eabi/newlib/lib/thumb/v7e-m/fpv4-sp/hard\libnosys.a
END GROUP
START GROUP
LOAD e:/nxp/s32ds_arm_v2.2/s32ds/build_tools/gcc_v6.3/gcc-6.3-arm32-eabi/bin/../lib/gcc/arm-none-eabi/6.3.1/thumb/v7e-m/fpv4-sp/hard\libgcc.a
LOAD E:/NXP/S32DS_ARM_v2.2/S32DS/build_tools/gcc_v6.3/gcc-6.3-arm32-eabi/arm-none-eabi/newlib/lib/thumb/v7e-m/fpv4-sp/hard\libc_nano.a
LOAD E:/NXP/S32DS_ARM_v2.2/S32DS/build_tools/gcc_v6.3/gcc-6.3-arm32-eabi/arm-none-eabi/newlib/lib/thumb/v7e-m/fpv4-sp/hard\libnosys.a
END GROUP
LOAD e:/nxp/s32ds_arm_v2.2/s32ds/build_tools/gcc_v6.3/gcc-6.3-arm32-eabi/bin/../lib/gcc/arm-none-eabi/6.3.1/thumb/v7e-m/fpv4-sp/hard/crtend.o
LOAD e:/nxp/s32ds_arm_v2.2/s32ds/build_tools/gcc_v6.3/gcc-6.3-arm32-eabi/bin/../lib/gcc/arm-none-eabi/6.3.1/thumb/v7e-m/fpv4-sp/hard/crtn.o
                0x00000400                HEAP_SIZE = DEFINED (__heap_size__)?__heap_size__:0x400
                0x00000400                STACK_SIZE = DEFINED (__stack_size__)?__stack_size__:0x400
                0x00000400                M_VECTOR_RAM_SIZE = DEFINED (__flash_vector_table__)?0x0:0x400

.interrupts     0x00000000      0x400
                0x00000000                __VECTOR_TABLE = .
                0x00000000                __interrupts_start__ = .
                0x00000000                . = ALIGN (0x4)
 *(.isr_vector)
 .isr_vector    0x00000000      0x400 ./Project_Settings/Startup_Code/startup_S32K144.o
                0x00000000                __isr_vector
                0x00000400                __interrupts_end__ = .
                0x00000400                . = ALIGN (0x4)

.flash_config   0x00000400       0x10
                0x00000400                . = ALIGN (0x4)
 *(.FlashConfig)
 .FlashConfig   0x00000400       0x10 ./Project_Settings/Startup_Code/startup_S32K144.o
                0x00000410                . = ALIGN (0x4)

.text           0x00000410     0x40f8
                0x00000410                . = ALIGN (0x4)
 *(.text)
 .text          0x00000410       0x4c ./Project_Settings/Startup_Code/startup_S32K144.o
                0x00000410                Reset_Handler
                0x00000458                DebugMon_Handler
                0x00000458                Reserved88_IRQHandler
                0x00000458                CAN0_ORed_IRQHandler
                0x00000458                HardFault_Handler
                0x00000458                Reserved86_IRQHandler
                0x00000458                Reserved103_IRQHandler
                0x00000458                FTM2_Ovf_Reload_IRQHandler
                0x00000458                Reserved50_IRQHandler
                0x00000458                FTFC_Fault_IRQHandler
                0x00000458                FTM0_Ch6_Ch7_IRQHandler
                0x00000458                Reserved114_IRQHandler
                0x00000458                NMI_Handler
                0x00000458                Reserved89_IRQHandler
                0x00000458                ERM_double_fault_IRQHandler
                0x00000458                DMA2_IRQHandler
                0x00000458                Reserved59_IRQHandler
                0x00000458                Reserved99_IRQHandler
                0x00000458                FTM3_Ch6_Ch7_IRQHandler
                0x00000458                CAN2_ORed_0_15_MB_IRQHandler
                0x00000458                LPIT0_Ch3_IRQHandler
                0x00000458                Reserved92_IRQHandler
                0x00000458                FTM0_Ch4_Ch5_IRQHandler
                0x00000458                CAN1_Error_IRQHandler
                0x00000458                FTM3_Ch0_Ch1_IRQHandler
                0x00000458                SWI_IRQHandler
                0x00000458                ADC0_IRQHandler
                0x00000458                FTM2_Ch4_Ch5_IRQHandler
                0x00000458                UsageFault_Handler
                0x00000458                FTM0_Ovf_Reload_IRQHandler
                0x00000458                DefaultISR
                0x00000458                DMA9_IRQHandler
                0x00000458                Reserved58_IRQHandler
                0x00000458                CAN1_ORed_0_15_MB_IRQHandler
                0x00000458                FTM1_Ch2_Ch3_IRQHandler
                0x00000458                DMA14_IRQHandler
                0x00000458                Reserved82_IRQHandler
                0x00000458                CAN0_ORed_16_31_MB_IRQHandler
                0x00000458                LPI2C0_Slave_IRQHandler
                0x00000458                Reserved71_IRQHandler
                0x00000458                PORTD_IRQHandler
                0x00000458                Reserved69_IRQHandler
                0x00000458                PORTB_IRQHandler
                0x00000458                Reserved70_IRQHandler
                0x00000458                ADC1_IRQHandler
                0x00000458                FTM2_Ch2_Ch3_IRQHandler
                0x00000458                Reserved53_IRQHandler
                0x00000458                DMA5_IRQHandler
                0x00000458                RTC_IRQHandler
                0x00000458                PDB0_IRQHandler
                0x00000458                Reserved54_IRQHandler
                0x00000458                FTM2_Ch6_Ch7_IRQHandler
                0x00000458                FTM3_Ch2_Ch3_IRQHandler
                0x00000458                FTM2_Ch0_Ch1_IRQHandler
                0x00000458                LPSPI1_IRQHandler
                0x00000458                RTC_Seconds_IRQHandler
                0x00000458                CAN2_ORed_IRQHandler
                0x00000458                Reserved72_IRQHandler
                0x00000458                Reserved110_IRQHandler
                0x00000458                DMA11_IRQHandler
                0x00000458                Reserved107_IRQHandler
                0x00000458                Read_Collision_IRQHandler
                0x00000458                CAN2_Error_IRQHandler
                0x00000458                FTFC_IRQHandler
                0x00000458                DMA7_IRQHandler
                0x00000458                FTM1_Ch6_Ch7_IRQHandler
                0x00000458                Reserved105_IRQHandler
                0x00000458                LPIT0_Ch1_IRQHandler
                0x00000458                FTM1_Ch4_Ch5_IRQHandler
                0x00000458                FTM3_Ovf_Reload_IRQHandler
                0x00000458                LPUART2_RxTx_IRQHandler
                0x00000458                LPSPI0_IRQHandler
                0x00000458                WDOG_EWM_IRQHandler
                0x00000458                MemManage_Handler
                0x00000458                Reserved90_IRQHandler
                0x00000458                Reserved83_IRQHandler
                0x00000458                FTM0_Fault_IRQHandler
                0x00000458                Reserved48_IRQHandler
                0x00000458                ERM_single_fault_IRQHandler
                0x00000458                FTM2_Fault_IRQHandler
                0x00000458                FTM0_Ch2_Ch3_IRQHandler
                0x00000458                DMA13_IRQHandler
                0x00000458                FTM0_Ch0_Ch1_IRQHandler
                0x00000458                FTM3_Fault_IRQHandler
                0x00000458                RCM_IRQHandler
                0x00000458                DMA3_IRQHandler
                0x00000458                Reserved100_IRQHandler
                0x00000458                DMA0_IRQHandler
                0x00000458                Reserved91_IRQHandler
                0x00000458                CAN1_ORed_IRQHandler
                0x00000458                DMA15_IRQHandler
                0x00000458                SCG_IRQHandler
                0x00000458                PDB1_IRQHandler
                0x00000458                Reserved81_IRQHandler
                0x00000458                Reserved46_IRQHandler
                0x00000458                Reserved45_IRQHandler
                0x00000458                CAN0_Error_IRQHandler
                0x00000458                Reserved112_IRQHandler
                0x00000458                LPI2C0_Master_IRQHandler
                0x00000458                DMA4_IRQHandler
                0x00000458                FTM1_Fault_IRQHandler
                0x00000458                Reserved106_IRQHandler
                0x00000458                DMA_Error_IRQHandler
                0x00000458                LVD_LVW_IRQHandler
                0x00000458                LPIT0_Ch2_IRQHandler
                0x00000458                PORTA_IRQHandler
                0x00000458                MCM_IRQHandler
                0x00000458                LPSPI2_IRQHandler
                0x00000458                DMA12_IRQHandler
                0x00000458                FTM3_Ch4_Ch5_IRQHandler
                0x00000458                CAN0_ORed_0_15_MB_IRQHandler
                0x00000458                PORTE_IRQHandler
                0x00000458                LPUART0_RxTx_IRQHandler
                0x00000458                LPTMR0_IRQHandler
                0x00000458                BusFault_Handler
                0x00000458                Reserved87_IRQHandler
                0x00000458                FTM1_Ovf_Reload_IRQHandler
                0x00000458                DMA8_IRQHandler
                0x00000458                Reserved93_IRQHandler
                0x00000458                DMA10_IRQHandler
                0x00000458                CAN0_Wake_Up_IRQHandler
                0x00000458                CMP0_IRQHandler
                0x00000458                Reserved52_IRQHandler
                0x00000458                PORTC_IRQHandler
                0x00000458                DMA6_IRQHandler
                0x00000458                FTM1_Ch0_Ch1_IRQHandler
                0x00000458                FLEXIO_IRQHandler
                0x00000458                DMA1_IRQHandler
                0x00000458                Reserved113_IRQHandler
 .text          0x0000045c       0x10 E:/NXP/S32DS_ARM_v2.2/S32DS/build_tools/gcc_v6.3/gcc-6.3-arm32-eabi/arm-none-eabi/newlib/lib/thumb/v7e-m/fpv4-sp/hard\libc_nano.a(lib_a-strlen.o)
                0x0000045c                strlen
 *fill*         0x0000046c        0x4 
 .text          0x00000470       0xa0 E:/NXP/S32DS_ARM_v2.2/S32DS/build_tools/gcc_v6.3/gcc-6.3-arm32-eabi/arm-none-eabi/newlib/lib/thumb/v7e-m/fpv4-sp/hard\libc_nano.a(lib_a-memchr.o)
                0x00000470                memchr
 *(.text*)
 .text.SystemInit
                0x00000510       0x3c ./SDK/platform/devices/S32K144/startup/system_S32K144.o
                0x00000510                SystemInit
 .text.init_data_bss
                0x0000054c       0xd8 ./SDK/platform/devices/startup.o
                0x0000054c                init_data_bss
 .text.CLOCK_SYS_GetCurrentRunMode
                0x00000624       0x24 ./SDK/platform/drivers/src/clock/S32K1xx/clock_S32K1xx.o
 .text.CLOCK_SYS_GetSysOscFreq
                0x00000648       0x1c ./SDK/platform/drivers/src/clock/S32K1xx/clock_S32K1xx.o
 .text.CLOCK_SYS_ConfigureSOSC
                0x00000664      0x12c ./SDK/platform/drivers/src/clock/S32K1xx/clock_S32K1xx.o
 .text.CLOCK_SYS_GetSircFreq
                0x00000790       0x2c ./SDK/platform/drivers/src/clock/S32K1xx/clock_S32K1xx.o
 .text.CLOCK_SYS_ConfigureSIRC
                0x000007bc       0xc4 ./SDK/platform/drivers/src/clock/S32K1xx/clock_S32K1xx.o
 .text.CLOCK_SYS_GetFircFreq
                0x00000880       0x20 ./SDK/platform/drivers/src/clock/S32K1xx/clock_S32K1xx.o
 .text.CLOCK_SYS_ConfigureFIRC
                0x000008a0       0xb4 ./SDK/platform/drivers/src/clock/S32K1xx/clock_S32K1xx.o
 .text.CLOCK_SYS_GetSysPllFreq
                0x00000954       0x44 ./SDK/platform/drivers/src/clock/S32K1xx/clock_S32K1xx.o
 .text.CLOCK_SYS_ConfigureSPLL
                0x00000998      0x104 ./SDK/platform/drivers/src/clock/S32K1xx/clock_S32K1xx.o
 .text.CLOCK_SYS_SetSystemClockConfig
                0x00000a9c      0x1e4 ./SDK/platform/drivers/src/clock/S32K1xx/clock_S32K1xx.o
 .text.CLOCK_SYS_TransitionSystemClock
                0x00000c80       0x3c ./SDK/platform/drivers/src/clock/S32K1xx/clock_S32K1xx.o
 .text.CLOCK_DRV_Init
                0x00000cbc      0x598 ./SDK/platform/drivers/src/clock/S32K1xx/clock_S32K1xx.o
                0x00000cbc                CLOCK_DRV_Init
 .text.FLASH_DRV_Init
                0x00001254       0xcc ./SDK/platform/drivers/src/flash/flash_driver.o
                0x00001254                FLASH_DRV_Init
 .text.FLASH_DRV_EraseSector
                0x00001320       0x98 ./SDK/platform/drivers/src/flash/flash_driver.o
                0x00001320                FLASH_DRV_EraseSector
 .text.FLASH_DRV_Program
                0x000013b8       0xb8 ./SDK/platform/drivers/src/flash/flash_driver.o
                0x000013b8                FLASH_DRV_Program
 .text.INT_SYS_EnableIRQGlobal
                0x00001470       0x1c ./SDK/platform/drivers/src/interrupt/interrupt_manager.o
                0x00001470                INT_SYS_EnableIRQGlobal
 .text.INT_SYS_DisableIRQGlobal
                0x0000148c       0x10 ./SDK/platform/drivers/src/interrupt/interrupt_manager.o
                0x0000148c                INT_SYS_DisableIRQGlobal
 .text.vListInitialise
                0x0000149c       0x16 ./SDK/rtos/FreeRTOS_S32K/Source/list.o
                0x0000149c                vListInitialise
 .text.vListInitialiseItem
                0x000014b2        0x6 ./SDK/rtos/FreeRTOS_S32K/Source/list.o
                0x000014b2                vListInitialiseItem
 .text.vListInsertEnd
                0x000014b8       0x18 ./SDK/rtos/FreeRTOS_S32K/Source/list.o
                0x000014b8                vListInsertEnd
 .text.vListInsert
                0x000014d0       0x34 ./SDK/rtos/FreeRTOS_S32K/Source/list.o
                0x000014d0                vListInsert
 .text.uxListRemove
                0x00001504       0x26 ./SDK/rtos/FreeRTOS_S32K/Source/list.o
                0x00001504                uxListRemove
 .text.prvIsQueueEmpty
                0x0000152a       0x16 ./SDK/rtos/FreeRTOS_S32K/Source/queue.o
 .text.prvCopyDataToQueue
                0x00001540       0x76 ./SDK/rtos/FreeRTOS_S32K/Source/queue.o
 .text.prvCopyDataFromQueue
                0x000015b6       0x24 ./SDK/rtos/FreeRTOS_S32K/Source/queue.o
 .text.prvUnlockQueue
                0x000015da       0x82 ./SDK/rtos/FreeRTOS_S32K/Source/queue.o
 .text.xQueueGenericReset
                0x0000165c       0x80 ./SDK/rtos/FreeRTOS_S32K/Source/queue.o
                0x0000165c                xQueueGenericReset
 .text.xQueueGenericCreate
                0x000016dc       0x4a ./SDK/rtos/FreeRTOS_S32K/Source/queue.o
                0x000016dc                xQueueGenericCreate
 *fill*         0x00001726        0x2 
 .text.xQueueGenericSend
                0x00001728      0x188 ./SDK/rtos/FreeRTOS_S32K/Source/queue.o
                0x00001728                xQueueGenericSend
 .text.xQueueGenericSendFromISR
                0x000018b0       0xd6 ./SDK/rtos/FreeRTOS_S32K/Source/queue.o
                0x000018b0                xQueueGenericSendFromISR
 *fill*         0x00001986        0x2 
 .text.xQueueReceive
                0x00001988      0x158 ./SDK/rtos/FreeRTOS_S32K/Source/queue.o
                0x00001988                xQueueReceive
 .text.vQueueWaitForMessageRestricted
                0x00001ae0       0x4e ./SDK/rtos/FreeRTOS_S32K/Source/queue.o
                0x00001ae0                vQueueWaitForMessageRestricted
 *fill*         0x00001b2e        0x2 
 .text.prvResetNextTaskUnblockTime
                0x00001b30       0x2c ./SDK/rtos/FreeRTOS_S32K/Source/tasks.o
 .text.prvIdleTask
                0x00001b5c       0x70 ./SDK/rtos/FreeRTOS_S32K/Source/tasks.o
 .text.prvAddCurrentTaskToDelayedList
                0x00001bcc       0xa0 ./SDK/rtos/FreeRTOS_S32K/Source/tasks.o
 .text.xTaskCreate
                0x00001c6c      0x1d0 ./SDK/rtos/FreeRTOS_S32K/Source/tasks.o
                0x00001c6c                xTaskCreate
 .text.vTaskDelete
                0x00001e3c       0xe4 ./SDK/rtos/FreeRTOS_S32K/Source/tasks.o
                0x00001e3c                vTaskDelete
 .text.vTaskStartScheduler
                0x00001f20       0x8c ./SDK/rtos/FreeRTOS_S32K/Source/tasks.o
                0x00001f20                vTaskStartScheduler
 .text.vTaskSuspendAll
                0x00001fac       0x10 ./SDK/rtos/FreeRTOS_S32K/Source/tasks.o
                0x00001fac                vTaskSuspendAll
 .text.xTaskGetTickCount
                0x00001fbc        0xc ./SDK/rtos/FreeRTOS_S32K/Source/tasks.o
                0x00001fbc                xTaskGetTickCount
 .text.xTaskIncrementTick
                0x00001fc8      0x128 ./SDK/rtos/FreeRTOS_S32K/Source/tasks.o
                0x00001fc8                xTaskIncrementTick
 .text.xTaskResumeAll
                0x000020f0      0x100 ./SDK/rtos/FreeRTOS_S32K/Source/tasks.o
                0x000020f0                xTaskResumeAll
 .text.vTaskDelay
                0x000021f0       0x4c ./SDK/rtos/FreeRTOS_S32K/Source/tasks.o
                0x000021f0                vTaskDelay
 .text.vTaskSwitchContext
                0x0000223c       0xb8 ./SDK/rtos/FreeRTOS_S32K/Source/tasks.o
                0x0000223c                vTaskSwitchContext
 .text.vTaskPlaceOnEventList
                0x000022f4       0x30 ./SDK/rtos/FreeRTOS_S32K/Source/tasks.o
                0x000022f4                vTaskPlaceOnEventList
 .text.vTaskPlaceOnEventListRestricted
                0x00002324       0x3c ./SDK/rtos/FreeRTOS_S32K/Source/tasks.o
                0x00002324                vTaskPlaceOnEventListRestricted
 .text.xTaskRemoveFromEventList
                0x00002360       0x88 ./SDK/rtos/FreeRTOS_S32K/Source/tasks.o
                0x00002360                xTaskRemoveFromEventList
 .text.vTaskInternalSetTimeOutState
                0x000023e8       0x18 ./SDK/rtos/FreeRTOS_S32K/Source/tasks.o
                0x000023e8                vTaskInternalSetTimeOutState
 .text.xTaskCheckForTimeOut
                0x00002400       0x9c ./SDK/rtos/FreeRTOS_S32K/Source/tasks.o
                0x00002400                xTaskCheckForTimeOut
 .text.vTaskMissedYield
                0x0000249c        0xc ./SDK/rtos/FreeRTOS_S32K/Source/tasks.o
                0x0000249c                vTaskMissedYield
 .text.xTaskGetSchedulerState
                0x000024a8       0x20 ./SDK/rtos/FreeRTOS_S32K/Source/tasks.o
                0x000024a8                xTaskGetSchedulerState
 .text.xTaskPriorityDisinherit
                0x000024c8       0xb0 ./SDK/rtos/FreeRTOS_S32K/Source/tasks.o
                0x000024c8                xTaskPriorityDisinherit
 .text.prvInsertTimerInActiveList
                0x00002578       0x48 ./SDK/rtos/FreeRTOS_S32K/Source/timers.o
 .text.prvCheckForValidListAndQueue
                0x000025c0       0x50 ./SDK/rtos/FreeRTOS_S32K/Source/timers.o
 .text.xTimerCreateTimerTask
                0x00002610       0x4c ./SDK/rtos/FreeRTOS_S32K/Source/timers.o
                0x00002610                xTimerCreateTimerTask
 .text.xTimerGenericCommand
                0x0000265c       0x60 ./SDK/rtos/FreeRTOS_S32K/Source/timers.o
                0x0000265c                xTimerGenericCommand
 .text.prvSampleTimeNow
                0x000026bc       0xa8 ./SDK/rtos/FreeRTOS_S32K/Source/timers.o
 .text.prvTimerTask
                0x00002764      0x1c8 ./SDK/rtos/FreeRTOS_S32K/Source/timers.o
 .text.prvTaskExitError
                0x0000292c       0x40 ./SDK/rtos/FreeRTOS_S32K/Source/portable/GCC/ARM_CM4F/port.o
 .text.prvPortStartFirstTask
                0x0000296c       0x28 ./SDK/rtos/FreeRTOS_S32K/Source/portable/GCC/ARM_CM4F/port.o
 .text.vPortEnableVFP
                0x00002994       0x14 ./SDK/rtos/FreeRTOS_S32K/Source/portable/GCC/ARM_CM4F/port.o
 .text.pxPortInitialiseStack
                0x000029a8       0x2c ./SDK/rtos/FreeRTOS_S32K/Source/portable/GCC/ARM_CM4F/port.o
                0x000029a8                pxPortInitialiseStack
 *fill*         0x000029d4        0xc 
 .text.SVC_Handler
                0x000029e0       0x24 ./SDK/rtos/FreeRTOS_S32K/Source/portable/GCC/ARM_CM4F/port.o
                0x000029e0                SVC_Handler
 .text.vPortEnterCritical
                0x00002a04       0x44 ./SDK/rtos/FreeRTOS_S32K/Source/portable/GCC/ARM_CM4F/port.o
                0x00002a04                vPortEnterCritical
 .text.vPortExitCritical
                0x00002a48       0x2c ./SDK/rtos/FreeRTOS_S32K/Source/portable/GCC/ARM_CM4F/port.o
                0x00002a48                vPortExitCritical
 *fill*         0x00002a74        0xc 
 .text.PendSV_Handler
                0x00002a80       0x64 ./SDK/rtos/FreeRTOS_S32K/Source/portable/GCC/ARM_CM4F/port.o
                0x00002a80                PendSV_Handler
 .text.SysTick_Handler
                0x00002ae4       0x2c ./SDK/rtos/FreeRTOS_S32K/Source/portable/GCC/ARM_CM4F/port.o
                0x00002ae4                SysTick_Handler
 .text.vPortSetupTimerInterrupt
                0x00002b10       0x28 ./SDK/rtos/FreeRTOS_S32K/Source/portable/GCC/ARM_CM4F/port.o
                0x00002b10                vPortSetupTimerInterrupt
 .text.xPortStartScheduler
                0x00002b38      0x118 ./SDK/rtos/FreeRTOS_S32K/Source/portable/GCC/ARM_CM4F/port.o
                0x00002b38                xPortStartScheduler
 .text.vPortValidateInterruptPriority
                0x00002c50       0x5c ./SDK/rtos/FreeRTOS_S32K/Source/portable/GCC/ARM_CM4F/port.o
                0x00002c50                vPortValidateInterruptPriority
 .text.prvInsertBlockIntoFreeList
                0x00002cac       0x58 ./SDK/rtos/FreeRTOS_S32K/Source/portable/MemMang/heap_4.o
 .text.pvPortMalloc
                0x00002d04      0x134 ./SDK/rtos/FreeRTOS_S32K/Source/portable/MemMang/heap_4.o
                0x00002d04                pvPortMalloc
 .text.vPortFree
                0x00002e38       0x6c ./SDK/rtos/FreeRTOS_S32K/Source/portable/MemMang/heap_4.o
                0x00002e38                vPortFree
 .text.Flash_Erase_Sector
                0x00002ea4       0x38 ./Sources/HardwareLib/FlashWriteRead.o
                0x00002ea4                Flash_Erase_Sector
 .text.Flash_Write_Data
                0x00002edc       0x3c ./Sources/HardwareLib/FlashWriteRead.o
                0x00002edc                Flash_Write_Data
 .text.Flash_Size_Calc
                0x00002f18       0x12 ./Sources/HardwareLib/FlashWriteRead.o
                0x00002f18                Flash_Size_Calc
 *fill*         0x00002f2a        0x2 
 .text.LPUART1_init
                0x00002f2c       0x74 ./Sources/HardwareLib/LPUART.o
                0x00002f2c                LPUART1_init
 .text.LPUART1_transmit_char
                0x00002fa0       0x18 ./Sources/HardwareLib/LPUART.o
                0x00002fa0                LPUART1_transmit_char
 .text.LPUART1_transmit_string
                0x00002fb8       0x1c ./Sources/HardwareLib/LPUART.o
                0x00002fb8                LPUART1_transmit_string
 .text.LPUART1_printf
                0x00002fd4       0x2c ./Sources/HardwareLib/LPUART.o
                0x00002fd4                LPUART1_printf
 .text.LPUART1_RxTx_IRQHandler
                0x00003000       0x98 ./Sources/HardwareLib/LPUART.o
                0x00003000                LPUART1_RxTx_IRQHandler
 .text.LPIT0_init
                0x00003098       0x4c ./Sources/HardwareLib/LP_IT_timer.o
                0x00003098                LPIT0_init
 .text.LPIT0_Ch0_IRQHandler
                0x000030e4       0x1c ./Sources/HardwareLib/LP_IT_timer.o
                0x000030e4                LPIT0_Ch0_IRQHandler
 .text.RGB_LED_KEY_init
                0x00003100       0x88 ./Sources/HardwareLib/RGB_LED.o
                0x00003100                RGB_LED_KEY_init
 .text.SW2_key  0x00003188       0x10 ./Sources/HardwareLib/RGB_LED.o
                0x00003188                SW2_key
 .text.SW3_key  0x00003198       0x10 ./Sources/HardwareLib/RGB_LED.o
                0x00003198                SW3_key
 .text.Ym_Cmd_Process
                0x000031a8       0x8c ./Sources/HardwareLib/Ymodem.o
 .text.Clear_YM
                0x00003234       0x2a ./Sources/HardwareLib/Ymodem.o
                0x00003234                Clear_YM
 .text.crc16    0x0000325e       0x44 ./Sources/HardwareLib/Ymodem.o
                0x0000325e                crc16
 *fill*         0x000032a2        0x2 
 .text.Receive_Packet
                0x000032a4      0x110 ./Sources/HardwareLib/Ymodem.o
                0x000032a4                Receive_Packet
 .text.Ymodem_Receive_File
                0x000033b4      0x2c4 ./Sources/HardwareLib/Ymodem.o
                0x000033b4                Ymodem_Receive_File
 .text.systick_later_init
                0x00003678       0x20 ./Sources/HardwareLib/latency.o
                0x00003678                systick_later_init
 .text.later_us
                0x00003698       0x28 ./Sources/HardwareLib/latency.o
                0x00003698                later_us
 .text.later_ms
                0x000036c0       0x22 ./Sources/HardwareLib/latency.o
                0x000036c0                later_ms
 *fill*         0x000036e2        0x2 
 .text.start_task
                0x000036e4       0x5c ./Sources/RTOS_Task.o
                0x000036e4                start_task
 .text.show_task
                0x00003740       0x1c ./Sources/RTOS_Task.o
                0x00003740                show_task
 .text.init_fcn
                0x0000375c       0x30 ./Sources/RTOS_Task.o
                0x0000375c                init_fcn
 .text.rtos_start
                0x0000378c       0x50 ./Sources/RTOS_Task.o
                0x0000378c                rtos_start
 .text.Boot_to_App
                0x000037dc       0x34 ./Sources/RTOS_Task.o
                0x000037dc                Boot_to_App
 .text.key_task
                0x00003810       0xa8 ./Sources/RTOS_Task.o
                0x00003810                key_task
 .text.main     0x000038b8       0x18 ./Sources/main.o
                0x000038b8                main
 .text.malloc   0x000038d0       0x10 E:/NXP/S32DS_ARM_v2.2/S32DS/build_tools/gcc_v6.3/gcc-6.3-arm32-eabi/arm-none-eabi/newlib/lib/thumb/v7e-m/fpv4-sp/hard\libc_nano.a(lib_a-malloc.o)
                0x000038d0                malloc
 .text.free     0x000038e0       0x10 E:/NXP/S32DS_ARM_v2.2/S32DS/build_tools/gcc_v6.3/gcc-6.3-arm32-eabi/arm-none-eabi/newlib/lib/thumb/v7e-m/fpv4-sp/hard\libc_nano.a(lib_a-malloc.o)
                0x000038e0                free
 .text.memcpy   0x000038f0       0x16 E:/NXP/S32DS_ARM_v2.2/S32DS/build_tools/gcc_v6.3/gcc-6.3-arm32-eabi/arm-none-eabi/newlib/lib/thumb/v7e-m/fpv4-sp/hard\libc_nano.a(lib_a-memcpy-stub.o)
                0x000038f0                memcpy
 .text.memset   0x00003906       0x10 E:/NXP/S32DS_ARM_v2.2/S32DS/build_tools/gcc_v6.3/gcc-6.3-arm32-eabi/arm-none-eabi/newlib/lib/thumb/v7e-m/fpv4-sp/hard\libc_nano.a(lib_a-memset.o)
                0x00003906                memset
 *fill*         0x00003916        0x2 
 .text._free_r  0x00003918       0x9c E:/NXP/S32DS_ARM_v2.2/S32DS/build_tools/gcc_v6.3/gcc-6.3-arm32-eabi/arm-none-eabi/newlib/lib/thumb/v7e-m/fpv4-sp/hard\libc_nano.a(lib_a-nano-freer.o)
                0x00003918                _free_r
 .text._malloc_r
                0x000039b4       0xbc E:/NXP/S32DS_ARM_v2.2/S32DS/build_tools/gcc_v6.3/gcc-6.3-arm32-eabi/arm-none-eabi/newlib/lib/thumb/v7e-m/fpv4-sp/hard\libc_nano.a(lib_a-nano-mallocr.o)
                0x000039b4                _malloc_r
 .text._sbrk_r  0x00003a70       0x20 E:/NXP/S32DS_ARM_v2.2/S32DS/build_tools/gcc_v6.3/gcc-6.3-arm32-eabi/arm-none-eabi/newlib/lib/thumb/v7e-m/fpv4-sp/hard\libc_nano.a(lib_a-sbrkr.o)
                0x00003a70                _sbrk_r
 .text._vsprintf_r
                0x00003a90       0x30 E:/NXP/S32DS_ARM_v2.2/S32DS/build_tools/gcc_v6.3/gcc-6.3-arm32-eabi/arm-none-eabi/newlib/lib/thumb/v7e-m/fpv4-sp/hard\libc_nano.a(lib_a-vsprintf.o)
                0x00003a90                _vsprintf_r
                0x00003a90                _vsiprintf_r
 .text.vsprintf
                0x00003ac0       0x14 E:/NXP/S32DS_ARM_v2.2/S32DS/build_tools/gcc_v6.3/gcc-6.3-arm32-eabi/arm-none-eabi/newlib/lib/thumb/v7e-m/fpv4-sp/hard\libc_nano.a(lib_a-vsprintf.o)
                0x00003ac0                vsiprintf
                0x00003ac0                vsprintf
 .text.__malloc_lock
                0x00003ad4        0x2 E:/NXP/S32DS_ARM_v2.2/S32DS/build_tools/gcc_v6.3/gcc-6.3-arm32-eabi/arm-none-eabi/newlib/lib/thumb/v7e-m/fpv4-sp/hard\libc_nano.a(lib_a-mlock.o)
                0x00003ad4                __malloc_lock
 .text.__malloc_unlock
                0x00003ad6        0x2 E:/NXP/S32DS_ARM_v2.2/S32DS/build_tools/gcc_v6.3/gcc-6.3-arm32-eabi/arm-none-eabi/newlib/lib/thumb/v7e-m/fpv4-sp/hard\libc_nano.a(lib_a-mlock.o)
                0x00003ad6                __malloc_unlock
 .text.__ssputs_r
                0x00003ad8       0xb6 E:/NXP/S32DS_ARM_v2.2/S32DS/build_tools/gcc_v6.3/gcc-6.3-arm32-eabi/arm-none-eabi/newlib/lib/thumb/v7e-m/fpv4-sp/hard\libc_nano.a(lib_a-nano-svfprintf.o)
                0x00003ad8                __ssputs_r
 *fill*         0x00003b8e        0x2 
 .text._svfprintf_r
                0x00003b90      0x1e8 E:/NXP/S32DS_ARM_v2.2/S32DS/build_tools/gcc_v6.3/gcc-6.3-arm32-eabi/arm-none-eabi/newlib/lib/thumb/v7e-m/fpv4-sp/hard\libc_nano.a(lib_a-nano-svfprintf.o)
                0x00003b90                _svfiprintf_r
                0x00003b90                _svfprintf_r
 .text._printf_common
                0x00003d78       0xec E:/NXP/S32DS_ARM_v2.2/S32DS/build_tools/gcc_v6.3/gcc-6.3-arm32-eabi/arm-none-eabi/newlib/lib/thumb/v7e-m/fpv4-sp/hard\libc_nano.a(lib_a-nano-vfprintf_i.o)
                0x00003d78                _printf_common
 .text._printf_i
                0x00003e64      0x240 E:/NXP/S32DS_ARM_v2.2/S32DS/build_tools/gcc_v6.3/gcc-6.3-arm32-eabi/arm-none-eabi/newlib/lib/thumb/v7e-m/fpv4-sp/hard\libc_nano.a(lib_a-nano-vfprintf_i.o)
                0x00003e64                _printf_i
 .text.memmove  0x000040a4       0x34 E:/NXP/S32DS_ARM_v2.2/S32DS/build_tools/gcc_v6.3/gcc-6.3-arm32-eabi/arm-none-eabi/newlib/lib/thumb/v7e-m/fpv4-sp/hard\libc_nano.a(lib_a-memmove.o)
                0x000040a4                memmove
 .text._realloc_r
                0x000040d8       0x4c E:/NXP/S32DS_ARM_v2.2/S32DS/build_tools/gcc_v6.3/gcc-6.3-arm32-eabi/arm-none-eabi/newlib/lib/thumb/v7e-m/fpv4-sp/hard\libc_nano.a(lib_a-nano-reallocr.o)
                0x000040d8                _realloc_r
 .text._malloc_usable_size_r
                0x00004124       0x12 E:/NXP/S32DS_ARM_v2.2/S32DS/build_tools/gcc_v6.3/gcc-6.3-arm32-eabi/arm-none-eabi/newlib/lib/thumb/v7e-m/fpv4-sp/hard\libc_nano.a(lib_a-nano-msizer.o)
                0x00004124                _malloc_usable_size_r
 *fill*         0x00004136        0x2 
 .text._sbrk    0x00004138       0x1c E:/NXP/S32DS_ARM_v2.2/S32DS/build_tools/gcc_v6.3/gcc-6.3-arm32-eabi/arm-none-eabi/newlib/lib/thumb/v7e-m/fpv4-sp/hard\libnosys.a(sbrk.o)
                0x00004138                _sbrk
 *(.rodata)
 *(.rodata*)
 .rodata.Flash1_InitConfig0
                0x00004154       0x14 ./Generated_Code/Flash1.o
                0x00004154                Flash1_InitConfig0
 .rodata.clockNameMappings
                0x00004168       0x9e ./SDK/platform/drivers/src/clock/S32K1xx/clock_S32K1xx.o
                0x00004168                clockNameMappings
 *fill*         0x00004206        0x2 
 .rodata.maxSysClksInHSRUN.7598
                0x00004208       0x54 ./SDK/platform/drivers/src/clock/S32K1xx/clock_S32K1xx.o
 .rodata.maxSysClksInRUN.7597
                0x0000425c       0x54 ./SDK/platform/drivers/src/clock/S32K1xx/clock_S32K1xx.o
 .rodata.maxSysClksInVLPR.7596
                0x000042b0       0x54 ./SDK/platform/drivers/src/clock/S32K1xx/clock_S32K1xx.o
 .rodata.vTaskStartScheduler.str1.4
                0x00004304        0x5 ./SDK/rtos/FreeRTOS_S32K/Source/tasks.o
 *fill*         0x00004309        0x3 
 .rodata.xTimerCreateTimerTask.str1.4
                0x0000430c        0x8 ./SDK/rtos/FreeRTOS_S32K/Source/timers.o
 .rodata.Flash_Erase_Sector.str1.4
                0x00004314       0x1f ./Sources/HardwareLib/FlashWriteRead.o
 *fill*         0x00004333        0x1 
 .rodata.Flash_Write_Data.str1.4
                0x00004334       0x1f ./Sources/HardwareLib/FlashWriteRead.o
 *fill*         0x00004353        0x1 
 .rodata.Receive_Packet.str1.4
                0x00004354       0x1c ./Sources/HardwareLib/Ymodem.o
 .rodata.Ym_Cmd_Process.str1.4
                0x00004370       0x49 ./Sources/HardwareLib/Ymodem.o
 *fill*         0x000043b9        0x3 
 .rodata.Ymodem_Receive_File.str1.4
                0x000043bc       0x7e ./Sources/HardwareLib/Ymodem.o
 *fill*         0x0000443a        0x2 
 .rodata.key_task.str1.4
                0x0000443c       0x49 ./Sources/RTOS_Task.o
 *fill*         0x00004485        0x3 
 .rodata.rtos_start.str1.4
                0x00004488        0xb ./Sources/RTOS_Task.o
 *fill*         0x00004493        0x1 
 .rodata.show_task.str1.4
                0x00004494       0x18 ./Sources/RTOS_Task.o
 .rodata.start_task.str1.4
                0x000044ac       0x18 ./Sources/RTOS_Task.o
                                 0x16 (size before relaxing)
 .rodata._svfprintf_r.str1.1
                0x000044c4       0x11 E:/NXP/S32DS_ARM_v2.2/S32DS/build_tools/gcc_v6.3/gcc-6.3-arm32-eabi/arm-none-eabi/newlib/lib/thumb/v7e-m/fpv4-sp/hard\libc_nano.a(lib_a-nano-svfprintf.o)
 .rodata._printf_i.str1.1
                0x000044d5       0x22 E:/NXP/S32DS_ARM_v2.2/S32DS/build_tools/gcc_v6.3/gcc-6.3-arm32-eabi/arm-none-eabi/newlib/lib/thumb/v7e-m/fpv4-sp/hard\libc_nano.a(lib_a-nano-vfprintf_i.o)
 *(.init)
 *fill*         0x000044f7        0x1 
 .init          0x000044f8        0x4 e:/nxp/s32ds_arm_v2.2/s32ds/build_tools/gcc_v6.3/gcc-6.3-arm32-eabi/bin/../lib/gcc/arm-none-eabi/6.3.1/thumb/v7e-m/fpv4-sp/hard/crti.o
                0x000044f8                _init
 *(.fini)
 .fini          0x000044fc        0x4 e:/nxp/s32ds_arm_v2.2/s32ds/build_tools/gcc_v6.3/gcc-6.3-arm32-eabi/bin/../lib/gcc/arm-none-eabi/6.3.1/thumb/v7e-m/fpv4-sp/hard/crti.o
                0x000044fc                _fini
 .fini.__stub   0x00004500        0x8 linker stubs
 *(.eh_frame)
                0x00004508                . = ALIGN (0x4)

.glue_7         0x00004508        0x0
 .glue_7        0x00004508        0x0 linker stubs

.glue_7t        0x00004508        0x0
 .glue_7t       0x00004508        0x0 linker stubs

.vfp11_veneer   0x00004508        0x0
 .vfp11_veneer  0x00004508        0x0 linker stubs

.v4_bx          0x00004508        0x0
 .v4_bx         0x00004508        0x0 linker stubs

.iplt           0x00004508        0x0
 .iplt          0x00004508        0x0 e:/nxp/s32ds_arm_v2.2/s32ds/build_tools/gcc_v6.3/gcc-6.3-arm32-eabi/bin/../lib/gcc/arm-none-eabi/6.3.1/thumb/v7e-m/fpv4-sp/hard/crtbegin.o

.ARM            0x00004508        0x0
                0x00004508                __exidx_start = .
 *(.ARM.exidx*)
                0x00004508                __exidx_end = .
                0x00004508                __etext = .
                0x00004508                __DATA_ROM = .

.interrupts_ram
                0x1fff8000      0x400
                0x1fff8000                . = ALIGN (0x4)
                0x1fff8000                __VECTOR_RAM__ = .
                0x1fff8000                __RAM_START = .
                0x1fff8000                __interrupts_ram_start__ = .
 *(.m_interrupts_ram)
                0x1fff8400                . = (. + M_VECTOR_RAM_SIZE)
 *fill*         0x1fff8000      0x400 
                0x1fff8400                . = ALIGN (0x4)
                0x1fff8400                __interrupts_ram_end__ = .
                0x1fff8000                __VECTOR_RAM = DEFINED (__flash_vector_table__)?ORIGIN (m_interrupts):__VECTOR_RAM__
                0x00000400                __RAM_VECTOR_TABLE_SIZE = DEFINED (__flash_vector_table__)?0x0:(__interrupts_ram_end__ - __interrupts_ram_start__)

.data           0x1fff8400      0x1a4 load address 0x00004508
                0x1fff8400                . = ALIGN (0x4)
                0x1fff8400                __DATA_RAM = .
                0x1fff8400                __data_start__ = .
 *(.data)
 *(.data*)
 .data.clockMan1_InitConfig0
                0x1fff8400       0x78 ./Generated_Code/clockMan1.o
                0x1fff8400                clockMan1_InitConfig0
 .data.peripheralClockConfig0
                0x1fff8478       0x19 ./Generated_Code/clockMan1.o
                0x1fff8478                peripheralClockConfig0
 *fill*         0x1fff8491        0x3 
 .data.peripheralClockConfig.7360
                0x1fff8494       0xa0 ./SDK/platform/drivers/src/clock/S32K1xx/clock_S32K1xx.o
 .data.uxCriticalNesting
                0x1fff8534        0x4 ./SDK/rtos/FreeRTOS_S32K/Source/portable/GCC/ARM_CM4F/port.o
 .data.bits_remain
                0x1fff8538        0x4 ./Sources/HardwareLib/Ymodem.o
                0x1fff8538                bits_remain
 .data.packets_index
                0x1fff853c        0x4 ./Sources/HardwareLib/Ymodem.o
                0x1fff853c                packets_index
 .data._impure_ptr
                0x1fff8540        0x4 E:/NXP/S32DS_ARM_v2.2/S32DS/build_tools/gcc_v6.3/gcc-6.3-arm32-eabi/arm-none-eabi/newlib/lib/thumb/v7e-m/fpv4-sp/hard\libc_nano.a(lib_a-impure.o)
                0x1fff8540                _impure_ptr
 .data.impure_data
                0x1fff8544       0x60 E:/NXP/S32DS_ARM_v2.2/S32DS/build_tools/gcc_v6.3/gcc-6.3-arm32-eabi/arm-none-eabi/newlib/lib/thumb/v7e-m/fpv4-sp/hard\libc_nano.a(lib_a-impure.o)
                0x1fff85a4                . = ALIGN (0x4)
                0x1fff85a4                __data_end__ = .
                0x000046ac                __DATA_END = (__DATA_ROM + (__data_end__ - __data_start__))
                0x000046ac                __CODE_ROM = __DATA_END

.igot.plt       0x1fff85a4        0x0 load address 0x000046ac
 .igot.plt      0x1fff85a4        0x0 e:/nxp/s32ds_arm_v2.2/s32ds/build_tools/gcc_v6.3/gcc-6.3-arm32-eabi/bin/../lib/gcc/arm-none-eabi/6.3.1/thumb/v7e-m/fpv4-sp/hard/crtbegin.o

.code           0x1fff85a4       0x38 load address 0x000046ac
                0x1fff85a4                . = ALIGN (0x4)
                0x1fff85a4                __CODE_RAM = .
                0x1fff85a4                __code_start__ = .
                0x1fff85a4                __code_ram_start__ = .
 *(.code_ram)
 .code_ram      0x1fff85a4       0x38 ./SDK/platform/drivers/src/flash/flash_driver.o
                0x1fff85dc                . = ALIGN (0x4)
                0x1fff85dc                __code_end__ = .
                0x1fff85dc                __code_ram_end__ = .
                0x000046e4                __CODE_END = (__CODE_ROM + (__code_end__ - __code_start__))
                0x000046e4                __CUSTOM_ROM = __CODE_END

.rel.dyn        0x1fff85dc        0x0 load address 0x000046e4
 .rel.iplt      0x1fff85dc        0x0 e:/nxp/s32ds_arm_v2.2/s32ds/build_tools/gcc_v6.3/gcc-6.3-arm32-eabi/bin/../lib/gcc/arm-none-eabi/6.3.1/thumb/v7e-m/fpv4-sp/hard/crtbegin.o

.customSectionBlock
                0x20000000        0x0 load address 0x000046e4
                0x20000000                __customSection_start__ = .
 *(.customSection)
                0x20000000                __customSection_end__ = .
                0x000046e4                __CUSTOM_END = (__CUSTOM_ROM + (__customSection_end__ - __customSection_start__))
                0x000046e4                __rom_end = __CUSTOM_END

.bss            0x20000000     0x2804
                0x20000000                . = ALIGN (0x4)
                0x20000000                __BSS_START = .
                0x20000000                __bss_start__ = .
 *(.bss)
 *(.bss*)
 .bss.g_RtcClkInFreq
                0x20000000        0x4 ./SDK/platform/drivers/src/clock/S32K1xx/clock_S32K1xx.o
                0x20000000                g_RtcClkInFreq
 .bss.g_TClkFreq
                0x20000004        0xc ./SDK/platform/drivers/src/clock/S32K1xx/clock_S32K1xx.o
                0x20000004                g_TClkFreq
 .bss.g_xtal0ClkFreq
                0x20000010        0x4 ./SDK/platform/drivers/src/clock/S32K1xx/clock_S32K1xx.o
                0x20000010                g_xtal0ClkFreq
 .bss.g_interruptDisableCount
                0x20000014        0x4 ./SDK/platform/drivers/src/interrupt/interrupt_manager.o
 .bss.pxCurrentTCB
                0x20000018        0x4 ./SDK/rtos/FreeRTOS_S32K/Source/tasks.o
                0x20000018                pxCurrentTCB
 .bss.pxDelayedTaskList
                0x2000001c        0x4 ./SDK/rtos/FreeRTOS_S32K/Source/tasks.o
 .bss.pxOverflowDelayedTaskList
                0x20000020        0x4 ./SDK/rtos/FreeRTOS_S32K/Source/tasks.o
 .bss.pxReadyTasksLists
                0x20000024      0x140 ./SDK/rtos/FreeRTOS_S32K/Source/tasks.o
 .bss.ulTaskSwitchedInTime
                0x20000164        0x4 ./SDK/rtos/FreeRTOS_S32K/Source/tasks.o
 .bss.uxCurrentNumberOfTasks
                0x20000168        0x4 ./SDK/rtos/FreeRTOS_S32K/Source/tasks.o
 .bss.uxDeletedTasksWaitingCleanUp
                0x2000016c        0x4 ./SDK/rtos/FreeRTOS_S32K/Source/tasks.o
 .bss.uxPendedTicks
                0x20000170        0x4 ./SDK/rtos/FreeRTOS_S32K/Source/tasks.o
 .bss.uxSchedulerSuspended
                0x20000174        0x4 ./SDK/rtos/FreeRTOS_S32K/Source/tasks.o
 .bss.uxTaskNumber
                0x20000178        0x4 ./SDK/rtos/FreeRTOS_S32K/Source/tasks.o
 .bss.uxTopReadyPriority
                0x2000017c        0x4 ./SDK/rtos/FreeRTOS_S32K/Source/tasks.o
 .bss.xDelayedTaskList1
                0x20000180       0x14 ./SDK/rtos/FreeRTOS_S32K/Source/tasks.o
 .bss.xDelayedTaskList2
                0x20000194       0x14 ./SDK/rtos/FreeRTOS_S32K/Source/tasks.o
 .bss.xIdleTaskHandle
                0x200001a8        0x4 ./SDK/rtos/FreeRTOS_S32K/Source/tasks.o
 .bss.xNextTaskUnblockTime
                0x200001ac        0x4 ./SDK/rtos/FreeRTOS_S32K/Source/tasks.o
 .bss.xNumOfOverflows
                0x200001b0        0x4 ./SDK/rtos/FreeRTOS_S32K/Source/tasks.o
 .bss.xPendingReadyList
                0x200001b4       0x14 ./SDK/rtos/FreeRTOS_S32K/Source/tasks.o
 .bss.xSchedulerRunning
                0x200001c8        0x4 ./SDK/rtos/FreeRTOS_S32K/Source/tasks.o
 .bss.xSuspendedTaskList
                0x200001cc       0x14 ./SDK/rtos/FreeRTOS_S32K/Source/tasks.o
 .bss.xTasksWaitingTermination
                0x200001e0       0x14 ./SDK/rtos/FreeRTOS_S32K/Source/tasks.o
 .bss.xTickCount
                0x200001f4        0x4 ./SDK/rtos/FreeRTOS_S32K/Source/tasks.o
 .bss.xYieldPending
                0x200001f8        0x4 ./SDK/rtos/FreeRTOS_S32K/Source/tasks.o
 .bss.pxCurrentTimerList
                0x200001fc        0x4 ./SDK/rtos/FreeRTOS_S32K/Source/timers.o
 .bss.pxOverflowTimerList
                0x20000200        0x4 ./SDK/rtos/FreeRTOS_S32K/Source/timers.o
 .bss.xActiveTimerList1
                0x20000204       0x14 ./SDK/rtos/FreeRTOS_S32K/Source/timers.o
 .bss.xActiveTimerList2
                0x20000218       0x14 ./SDK/rtos/FreeRTOS_S32K/Source/timers.o
 .bss.xLastTime.6399
                0x2000022c        0x4 ./SDK/rtos/FreeRTOS_S32K/Source/timers.o
 .bss.xTimerQueue
                0x20000230        0x4 ./SDK/rtos/FreeRTOS_S32K/Source/timers.o
 .bss.xTimerTaskHandle
                0x20000234        0x4 ./SDK/rtos/FreeRTOS_S32K/Source/timers.o
 .bss.ucMaxSysCallPriority
                0x20000238        0x1 ./SDK/rtos/FreeRTOS_S32K/Source/portable/GCC/ARM_CM4F/port.o
 *fill*         0x20000239        0x3 
 .bss.ulMaxPRIGROUPValue
                0x2000023c        0x4 ./SDK/rtos/FreeRTOS_S32K/Source/portable/GCC/ARM_CM4F/port.o
 .bss.pxEnd     0x20000240        0x4 ./SDK/rtos/FreeRTOS_S32K/Source/portable/MemMang/heap_4.o
 .bss.ucHeap    0x20000244     0x2000 ./SDK/rtos/FreeRTOS_S32K/Source/portable/MemMang/heap_4.o
 .bss.xBlockAllocatedBit
                0x20002244        0x4 ./SDK/rtos/FreeRTOS_S32K/Source/portable/MemMang/heap_4.o
 .bss.xFreeBytesRemaining
                0x20002248        0x4 ./SDK/rtos/FreeRTOS_S32K/Source/portable/MemMang/heap_4.o
 .bss.xMinimumEverFreeBytesRemaining
                0x2000224c        0x4 ./SDK/rtos/FreeRTOS_S32K/Source/portable/MemMang/heap_4.o
 .bss.xStart    0x20002250        0x8 ./SDK/rtos/FreeRTOS_S32K/Source/portable/MemMang/heap_4.o
 .bss.flashConfig
                0x20002258       0x1c ./Sources/HardwareLib/FlashWriteRead.o
                0x20002258                flashConfig
 .bss.LPUART1_TX_BUF
                0x20002274       0xc8 ./Sources/HardwareLib/LPUART.o
                0x20002274                LPUART1_TX_BUF
 .bss.data_c    0x2000233c        0x1 ./Sources/HardwareLib/LPUART.o
                0x2000233c                data_c
 *fill*         0x2000233d        0x3 
 .bss.receivebuff
                0x20002340      0x405 ./Sources/HardwareLib/LPUART.o
                0x20002340                receivebuff
 *fill*         0x20002745        0x3 
 .bss.rev_i     0x20002748        0x4 ./Sources/HardwareLib/LPUART.o
                0x20002748                rev_i
 .bss.CPU_RunTime
                0x2000274c        0x4 ./Sources/HardwareLib/LP_IT_timer.o
                0x2000274c                CPU_RunTime
 .bss.Erase_Pages
                0x20002750        0x4 ./Sources/HardwareLib/Ymodem.o
                0x20002750                Erase_Pages
 .bss.file_name
                0x20002754       0x78 ./Sources/HardwareLib/Ymodem.o
                0x20002754                file_name
 .bss.file_size
                0x200027cc        0x8 ./Sources/HardwareLib/Ymodem.o
                0x200027cc                file_size
 .bss.appEntry  0x200027d4        0x4 ./Sources/RTOS_Task.o
                0x200027d4                appEntry
 .bss.appstack  0x200027d8        0x4 ./Sources/RTOS_Task.o
                0x200027d8                appstack
 .bss.jump_to_application.8901
                0x200027dc        0x4 ./Sources/RTOS_Task.o
 .bss.key_task_handler
                0x200027e0        0x4 ./Sources/RTOS_Task.o
                0x200027e0                key_task_handler
 .bss.show_task_handler
                0x200027e4        0x4 ./Sources/RTOS_Task.o
                0x200027e4                show_task_handler
 .bss.stack_pointer.8902
                0x200027e8        0x4 ./Sources/RTOS_Task.o
 .bss.start_task_handler
                0x200027ec        0x4 ./Sources/RTOS_Task.o
                0x200027ec                start_task_handler
 .bss.exit_code
                0x200027f0        0x4 ./Sources/main.o
                0x200027f0                exit_code
 .bss.__malloc_free_list
                0x200027f4        0x4 E:/NXP/S32DS_ARM_v2.2/S32DS/build_tools/gcc_v6.3/gcc-6.3-arm32-eabi/arm-none-eabi/newlib/lib/thumb/v7e-m/fpv4-sp/hard\libc_nano.a(lib_a-nano-mallocr.o)
                0x200027f4                __malloc_free_list
 .bss.__malloc_sbrk_start
                0x200027f8        0x4 E:/NXP/S32DS_ARM_v2.2/S32DS/build_tools/gcc_v6.3/gcc-6.3-arm32-eabi/arm-none-eabi/newlib/lib/thumb/v7e-m/fpv4-sp/hard\libc_nano.a(lib_a-nano-mallocr.o)
                0x200027f8                __malloc_sbrk_start
 .bss.heap_end.5365
                0x200027fc        0x4 E:/NXP/S32DS_ARM_v2.2/S32DS/build_tools/gcc_v6.3/gcc-6.3-arm32-eabi/arm-none-eabi/newlib/lib/thumb/v7e-m/fpv4-sp/hard\libnosys.a(sbrk.o)
 *(COMMON)
 COMMON         0x20002800        0x4 E:/NXP/S32DS_ARM_v2.2/S32DS/build_tools/gcc_v6.3/gcc-6.3-arm32-eabi/arm-none-eabi/newlib/lib/thumb/v7e-m/fpv4-sp/hard\libc_nano.a(lib_a-reent.o)
                0x20002800                errno
                0x20002804                . = ALIGN (0x4)
                0x20002804                __bss_end__ = .
                0x20002804                __BSS_END = .

.heap           0x20002804      0x404
                0x20002808                . = ALIGN (0x8)
 *fill*         0x20002804        0x4 
                0x20002808                __end__ = .
                0x20002808                __heap_start__ = .
                0x20002808                PROVIDE (end, .)
                [!provide]                PROVIDE (_end, .)
                [!provide]                PROVIDE (__end, .)
                0x20002808                __HeapBase = .
                0x20002c08                . = (. + HEAP_SIZE)
 *fill*         0x20002808      0x400 
                0x20002c08                __HeapLimit = .
                0x20002c08                __heap_limit = .
                0x20002c08                __heap_end__ = .
                0x20007000                __StackTop = (ORIGIN (m_data_2) + LENGTH (m_data_2))
                0x20006c00                __StackLimit = (__StackTop - STACK_SIZE)
                0x20007000                PROVIDE (__stack, __StackTop)
                0x20007000                __RAM_END = __StackTop

.stack          0x20006c00      0x400
                0x20006c00                . = ALIGN (0x8)
                0x20006c00                __stack_start__ = .
                0x20007000                . = (. + STACK_SIZE)
 *fill*         0x20006c00      0x400 
                0x20007000                __stack_end__ = .

.ARM.attributes
                0x00000000       0x30
 *(.ARM.attributes)
 .ARM.attributes
                0x00000000       0x22 e:/nxp/s32ds_arm_v2.2/s32ds/build_tools/gcc_v6.3/gcc-6.3-arm32-eabi/bin/../lib/gcc/arm-none-eabi/6.3.1/thumb/v7e-m/fpv4-sp/hard/crti.o
 .ARM.attributes
                0x00000022       0x39 ./Generated_Code/Flash1.o
 .ARM.attributes
                0x0000005b       0x39 ./Generated_Code/clockMan1.o
 .ARM.attributes
                0x00000094       0x1f ./Project_Settings/Startup_Code/startup_S32K144.o
 .ARM.attributes
                0x000000b3       0x39 ./SDK/platform/devices/S32K144/startup/system_S32K144.o
 .ARM.attributes
                0x000000ec       0x39 ./SDK/platform/devices/startup.o
 .ARM.attributes
                0x00000125       0x39 ./SDK/platform/drivers/src/clock/S32K1xx/clock_S32K1xx.o
 .ARM.attributes
                0x0000015e       0x39 ./SDK/platform/drivers/src/flash/flash_driver.o
 .ARM.attributes
                0x00000197       0x39 ./SDK/platform/drivers/src/interrupt/interrupt_manager.o
 .ARM.attributes
                0x000001d0       0x39 ./SDK/rtos/FreeRTOS_S32K/Source/list.o
 .ARM.attributes
                0x00000209       0x39 ./SDK/rtos/FreeRTOS_S32K/Source/queue.o
 .ARM.attributes
                0x00000242       0x39 ./SDK/rtos/FreeRTOS_S32K/Source/tasks.o
 .ARM.attributes
                0x0000027b       0x39 ./SDK/rtos/FreeRTOS_S32K/Source/timers.o
 .ARM.attributes
                0x000002b4       0x39 ./SDK/rtos/FreeRTOS_S32K/Source/portable/GCC/ARM_CM4F/port.o
 .ARM.attributes
                0x000002ed       0x39 ./SDK/rtos/FreeRTOS_S32K/Source/portable/MemMang/heap_4.o
 .ARM.attributes
                0x00000326       0x39 ./Sources/HardwareLib/FlashWriteRead.o
 .ARM.attributes
                0x0000035f       0x39 ./Sources/HardwareLib/LPUART.o
 .ARM.attributes
                0x00000398       0x39 ./Sources/HardwareLib/LP_IT_timer.o
 .ARM.attributes
                0x000003d1       0x39 ./Sources/HardwareLib/RGB_LED.o
 .ARM.attributes
                0x0000040a       0x39 ./Sources/HardwareLib/Ymodem.o
 .ARM.attributes
                0x00000443       0x39 ./Sources/HardwareLib/latency.o
 .ARM.attributes
                0x0000047c       0x39 ./Sources/RTOS_Task.o
 .ARM.attributes
                0x000004b5       0x39 ./Sources/main.o
 .ARM.attributes
                0x000004ee       0x34 E:/NXP/S32DS_ARM_v2.2/S32DS/build_tools/gcc_v6.3/gcc-6.3-arm32-eabi/arm-none-eabi/newlib/lib/thumb/v7e-m/fpv4-sp/hard\libc_nano.a(lib_a-impure.o)
 .ARM.attributes
                0x00000522       0x34 E:/NXP/S32DS_ARM_v2.2/S32DS/build_tools/gcc_v6.3/gcc-6.3-arm32-eabi/arm-none-eabi/newlib/lib/thumb/v7e-m/fpv4-sp/hard\libc_nano.a(lib_a-malloc.o)
 .ARM.attributes
                0x00000556       0x34 E:/NXP/S32DS_ARM_v2.2/S32DS/build_tools/gcc_v6.3/gcc-6.3-arm32-eabi/arm-none-eabi/newlib/lib/thumb/v7e-m/fpv4-sp/hard\libc_nano.a(lib_a-memcpy-stub.o)
 .ARM.attributes
                0x0000058a       0x34 E:/NXP/S32DS_ARM_v2.2/S32DS/build_tools/gcc_v6.3/gcc-6.3-arm32-eabi/arm-none-eabi/newlib/lib/thumb/v7e-m/fpv4-sp/hard\libc_nano.a(lib_a-memset.o)
 .ARM.attributes
                0x000005be       0x34 E:/NXP/S32DS_ARM_v2.2/S32DS/build_tools/gcc_v6.3/gcc-6.3-arm32-eabi/arm-none-eabi/newlib/lib/thumb/v7e-m/fpv4-sp/hard\libc_nano.a(lib_a-nano-freer.o)
 .ARM.attributes
                0x000005f2       0x34 E:/NXP/S32DS_ARM_v2.2/S32DS/build_tools/gcc_v6.3/gcc-6.3-arm32-eabi/arm-none-eabi/newlib/lib/thumb/v7e-m/fpv4-sp/hard\libc_nano.a(lib_a-nano-mallocr.o)
 .ARM.attributes
                0x00000626       0x34 E:/NXP/S32DS_ARM_v2.2/S32DS/build_tools/gcc_v6.3/gcc-6.3-arm32-eabi/arm-none-eabi/newlib/lib/thumb/v7e-m/fpv4-sp/hard\libc_nano.a(lib_a-sbrkr.o)
 .ARM.attributes
                0x0000065a       0x1b E:/NXP/S32DS_ARM_v2.2/S32DS/build_tools/gcc_v6.3/gcc-6.3-arm32-eabi/arm-none-eabi/newlib/lib/thumb/v7e-m/fpv4-sp/hard\libc_nano.a(lib_a-strlen.o)
 .ARM.attributes
                0x00000675       0x34 E:/NXP/S32DS_ARM_v2.2/S32DS/build_tools/gcc_v6.3/gcc-6.3-arm32-eabi/arm-none-eabi/newlib/lib/thumb/v7e-m/fpv4-sp/hard\libc_nano.a(lib_a-vsprintf.o)
 .ARM.attributes
                0x000006a9       0x34 E:/NXP/S32DS_ARM_v2.2/S32DS/build_tools/gcc_v6.3/gcc-6.3-arm32-eabi/arm-none-eabi/newlib/lib/thumb/v7e-m/fpv4-sp/hard\libc_nano.a(lib_a-mlock.o)
 .ARM.attributes
                0x000006dd       0x34 E:/NXP/S32DS_ARM_v2.2/S32DS/build_tools/gcc_v6.3/gcc-6.3-arm32-eabi/arm-none-eabi/newlib/lib/thumb/v7e-m/fpv4-sp/hard\libc_nano.a(lib_a-nano-svfprintf.o)
 .ARM.attributes
                0x00000711       0x34 E:/NXP/S32DS_ARM_v2.2/S32DS/build_tools/gcc_v6.3/gcc-6.3-arm32-eabi/arm-none-eabi/newlib/lib/thumb/v7e-m/fpv4-sp/hard\libc_nano.a(lib_a-nano-vfprintf_i.o)
 .ARM.attributes
                0x00000745       0x34 E:/NXP/S32DS_ARM_v2.2/S32DS/build_tools/gcc_v6.3/gcc-6.3-arm32-eabi/arm-none-eabi/newlib/lib/thumb/v7e-m/fpv4-sp/hard\libc_nano.a(lib_a-reent.o)
 .ARM.attributes
                0x00000779       0x20 E:/NXP/S32DS_ARM_v2.2/S32DS/build_tools/gcc_v6.3/gcc-6.3-arm32-eabi/arm-none-eabi/newlib/lib/thumb/v7e-m/fpv4-sp/hard\libc_nano.a(lib_a-memchr.o)
 .ARM.attributes
                0x00000799       0x34 E:/NXP/S32DS_ARM_v2.2/S32DS/build_tools/gcc_v6.3/gcc-6.3-arm32-eabi/arm-none-eabi/newlib/lib/thumb/v7e-m/fpv4-sp/hard\libc_nano.a(lib_a-memmove.o)
 .ARM.attributes
                0x000007cd       0x34 E:/NXP/S32DS_ARM_v2.2/S32DS/build_tools/gcc_v6.3/gcc-6.3-arm32-eabi/arm-none-eabi/newlib/lib/thumb/v7e-m/fpv4-sp/hard\libc_nano.a(lib_a-nano-reallocr.o)
 .ARM.attributes
                0x00000801       0x34 E:/NXP/S32DS_ARM_v2.2/S32DS/build_tools/gcc_v6.3/gcc-6.3-arm32-eabi/arm-none-eabi/newlib/lib/thumb/v7e-m/fpv4-sp/hard\libc_nano.a(lib_a-nano-msizer.o)
 .ARM.attributes
                0x00000835       0x34 E:/NXP/S32DS_ARM_v2.2/S32DS/build_tools/gcc_v6.3/gcc-6.3-arm32-eabi/arm-none-eabi/newlib/lib/thumb/v7e-m/fpv4-sp/hard\libnosys.a(sbrk.o)
                0x00000001                ASSERT ((__rom_end <= (ORIGIN (m_text) + LENGTH (m_text))), Region m_text overflowed!)
                0x00000001                ASSERT ((__StackLimit >= __HeapLimit), region m_data_2 overflowed with stack and heap)
OUTPUT(BOOT_RTOS.elf elf32-littlearm)

.debug_info     0x00000000    0x20a46
 .debug_info    0x00000000     0x11ee ./Generated_Code/Flash1.o
 .debug_info    0x000011ee     0x1323 ./Generated_Code/clockMan1.o
 .debug_info    0x00002511       0x26 ./Project_Settings/Startup_Code/startup_S32K144.o
 .debug_info    0x00002537      0x521 ./SDK/platform/devices/S32K144/startup/system_S32K144.o
 .debug_info    0x00002a58      0x2ad ./SDK/platform/devices/startup.o
 .debug_info    0x00002d05     0x5ae6 ./SDK/platform/drivers/src/clock/S32K1xx/clock_S32K1xx.o
 .debug_info    0x000087eb     0x188f ./SDK/platform/drivers/src/flash/flash_driver.o
 .debug_info    0x0000a07a      0x997 ./SDK/platform/drivers/src/interrupt/interrupt_manager.o
 .debug_info    0x0000aa11      0xab8 ./SDK/rtos/FreeRTOS_S32K/Source/list.o
 .debug_info    0x0000b4c9     0x26e4 ./SDK/rtos/FreeRTOS_S32K/Source/queue.o
 .debug_info    0x0000dbad     0x36f9 ./SDK/rtos/FreeRTOS_S32K/Source/tasks.o
 .debug_info    0x000112a6     0x1aec ./SDK/rtos/FreeRTOS_S32K/Source/timers.o
 .debug_info    0x00012d92      0x56b ./SDK/rtos/FreeRTOS_S32K/Source/portable/GCC/ARM_CM4F/port.o
 .debug_info    0x000132fd      0xcb0 ./SDK/rtos/FreeRTOS_S32K/Source/portable/MemMang/heap_4.o
 .debug_info    0x00013fad     0x1ed5 ./Sources/HardwareLib/FlashWriteRead.o
 .debug_info    0x00015e82     0x22f1 ./Sources/HardwareLib/LPUART.o
 .debug_info    0x00018173     0x205d ./Sources/HardwareLib/LP_IT_timer.o
 .debug_info    0x0001a1d0      0x2a2 ./Sources/HardwareLib/RGB_LED.o
 .debug_info    0x0001a472     0x255e ./Sources/HardwareLib/Ymodem.o
 .debug_info    0x0001c9d0      0x22e ./Sources/HardwareLib/latency.o
 .debug_info    0x0001cbfe     0x22fd ./Sources/RTOS_Task.o
 .debug_info    0x0001eefb     0x1b4b ./Sources/main.o

.debug_abbrev   0x00000000     0x3187
 .debug_abbrev  0x00000000      0x123 ./Generated_Code/Flash1.o
 .debug_abbrev  0x00000123      0x130 ./Generated_Code/clockMan1.o
 .debug_abbrev  0x00000253       0x14 ./Project_Settings/Startup_Code/startup_S32K144.o
 .debug_abbrev  0x00000267      0x140 ./SDK/platform/devices/S32K144/startup/system_S32K144.o
 .debug_abbrev  0x000003a7       0xe0 ./SDK/platform/devices/startup.o
 .debug_abbrev  0x00000487      0x3e3 ./SDK/platform/drivers/src/clock/S32K1xx/clock_S32K1xx.o
 .debug_abbrev  0x0000086a      0x2bf ./SDK/platform/drivers/src/flash/flash_driver.o
 .debug_abbrev  0x00000b29      0x1f4 ./SDK/platform/drivers/src/interrupt/interrupt_manager.o
 .debug_abbrev  0x00000d1d      0x1ea ./SDK/rtos/FreeRTOS_S32K/Source/list.o
 .debug_abbrev  0x00000f07      0x3a0 ./SDK/rtos/FreeRTOS_S32K/Source/queue.o
 .debug_abbrev  0x000012a7      0x3f1 ./SDK/rtos/FreeRTOS_S32K/Source/tasks.o
 .debug_abbrev  0x00001698      0x397 ./SDK/rtos/FreeRTOS_S32K/Source/timers.o
 .debug_abbrev  0x00001a2f      0x23a ./SDK/rtos/FreeRTOS_S32K/Source/portable/GCC/ARM_CM4F/port.o
 .debug_abbrev  0x00001c69      0x30d ./SDK/rtos/FreeRTOS_S32K/Source/portable/MemMang/heap_4.o
 .debug_abbrev  0x00001f76      0x27b ./Sources/HardwareLib/FlashWriteRead.o
 .debug_abbrev  0x000021f1      0x346 ./Sources/HardwareLib/LPUART.o
 .debug_abbrev  0x00002537      0x285 ./Sources/HardwareLib/LP_IT_timer.o
 .debug_abbrev  0x000027bc       0xce ./Sources/HardwareLib/RGB_LED.o
 .debug_abbrev  0x0000288a      0x32b ./Sources/HardwareLib/Ymodem.o
 .debug_abbrev  0x00002bb5      0x12f ./Sources/HardwareLib/latency.o
 .debug_abbrev  0x00002ce4      0x297 ./Sources/RTOS_Task.o
 .debug_abbrev  0x00002f7b      0x20c ./Sources/main.o

.debug_aranges  0x00000000      0xa00
 .debug_aranges
                0x00000000       0x18 ./Generated_Code/Flash1.o
 .debug_aranges
                0x00000018       0x18 ./Generated_Code/clockMan1.o
 .debug_aranges
                0x00000030       0x20 ./Project_Settings/Startup_Code/startup_S32K144.o
 .debug_aranges
                0x00000050       0x30 ./SDK/platform/devices/S32K144/startup/system_S32K144.o
 .debug_aranges
                0x00000080       0x20 ./SDK/platform/devices/startup.o
 .debug_aranges
                0x000000a0      0x120 ./SDK/platform/drivers/src/clock/S32K1xx/clock_S32K1xx.o
 .debug_aranges
                0x000001c0      0x130 ./SDK/platform/drivers/src/flash/flash_driver.o
 .debug_aranges
                0x000002f0       0x70 ./SDK/platform/drivers/src/interrupt/interrupt_manager.o
 .debug_aranges
                0x00000360       0x40 ./SDK/rtos/FreeRTOS_S32K/Source/list.o
 .debug_aranges
                0x000003a0      0x108 ./SDK/rtos/FreeRTOS_S32K/Source/queue.o
 .debug_aranges
                0x000004a8      0x1f0 ./SDK/rtos/FreeRTOS_S32K/Source/tasks.o
 .debug_aranges
                0x00000698       0xa8 ./SDK/rtos/FreeRTOS_S32K/Source/timers.o
 .debug_aranges
                0x00000740       0x80 ./SDK/rtos/FreeRTOS_S32K/Source/portable/GCC/ARM_CM4F/port.o
 .debug_aranges
                0x000007c0       0x48 ./SDK/rtos/FreeRTOS_S32K/Source/portable/MemMang/heap_4.o
 .debug_aranges
                0x00000808       0x40 ./Sources/HardwareLib/FlashWriteRead.o
 .debug_aranges
                0x00000848       0x50 ./Sources/HardwareLib/LPUART.o
 .debug_aranges
                0x00000898       0x30 ./Sources/HardwareLib/LP_IT_timer.o
 .debug_aranges
                0x000008c8       0x48 ./Sources/HardwareLib/RGB_LED.o
 .debug_aranges
                0x00000910       0x40 ./Sources/HardwareLib/Ymodem.o
 .debug_aranges
                0x00000950       0x40 ./Sources/HardwareLib/latency.o
 .debug_aranges
                0x00000990       0x50 ./Sources/RTOS_Task.o
 .debug_aranges
                0x000009e0       0x20 ./Sources/main.o

.debug_line     0x00000000     0x74fe
 .debug_line    0x00000000      0x374 ./Generated_Code/Flash1.o
 .debug_line    0x00000374      0x377 ./Generated_Code/clockMan1.o
 .debug_line    0x000006eb       0x82 ./Project_Settings/Startup_Code/startup_S32K144.o
 .debug_line    0x0000076d      0x202 ./SDK/platform/devices/S32K144/startup/system_S32K144.o
 .debug_line    0x0000096f      0x177 ./SDK/platform/devices/startup.o
 .debug_line    0x00000ae6     0x1109 ./SDK/platform/drivers/src/clock/S32K1xx/clock_S32K1xx.o
 .debug_line    0x00001bef      0x7c6 ./SDK/platform/drivers/src/flash/flash_driver.o
 .debug_line    0x000023b5      0x36b ./SDK/platform/drivers/src/interrupt/interrupt_manager.o
 .debug_line    0x00002720      0x365 ./SDK/rtos/FreeRTOS_S32K/Source/list.o
 .debug_line    0x00002a85      0x94f ./SDK/rtos/FreeRTOS_S32K/Source/queue.o
 .debug_line    0x000033d4      0xed6 ./SDK/rtos/FreeRTOS_S32K/Source/tasks.o
 .debug_line    0x000042aa      0x5c1 ./SDK/rtos/FreeRTOS_S32K/Source/timers.o
 .debug_line    0x0000486b      0x40c ./SDK/rtos/FreeRTOS_S32K/Source/portable/GCC/ARM_CM4F/port.o
 .debug_line    0x00004c77      0x400 ./SDK/rtos/FreeRTOS_S32K/Source/portable/MemMang/heap_4.o
 .debug_line    0x00005077      0x4e3 ./Sources/HardwareLib/FlashWriteRead.o
 .debug_line    0x0000555a      0x5a9 ./Sources/HardwareLib/LPUART.o
 .debug_line    0x00005b03      0x487 ./Sources/HardwareLib/LP_IT_timer.o
 .debug_line    0x00005f8a      0x1f4 ./Sources/HardwareLib/RGB_LED.o
 .debug_line    0x0000617e      0x5f8 ./Sources/HardwareLib/Ymodem.o
 .debug_line    0x00006776      0x254 ./Sources/HardwareLib/latency.o
 .debug_line    0x000069ca      0x6ad ./Sources/RTOS_Task.o
 .debug_line    0x00007077      0x487 ./Sources/main.o

.debug_str      0x00000000     0x7407
 .debug_str     0x00000000     0x1e80 ./Generated_Code/Flash1.o
                               0x1f25 (size before relaxing)
 .debug_str     0x00001e80      0x4b6 ./Generated_Code/clockMan1.o
                               0x23c0 (size before relaxing)
 .debug_str     0x00002336       0x3f ./Project_Settings/Startup_Code/startup_S32K144.o
                                 0x7b (size before relaxing)
 .debug_str     0x00002375      0x1f8 ./SDK/platform/devices/S32K144/startup/system_S32K144.o
                                0x435 (size before relaxing)
 .debug_str     0x0000256d      0x20c ./SDK/platform/devices/startup.o
                                0x424 (size before relaxing)
 .debug_str     0x00002779     0x155d ./SDK/platform/drivers/src/clock/S32K1xx/clock_S32K1xx.o
                               0x3934 (size before relaxing)
 .debug_str     0x00003cd6      0xce0 ./SDK/platform/drivers/src/flash/flash_driver.o
                               0x18db (size before relaxing)
 .debug_str     0x000049b6      0x19d ./SDK/platform/drivers/src/interrupt/interrupt_manager.o
                                0xb7a (size before relaxing)
 .debug_str     0x00004b53      0x534 ./SDK/rtos/FreeRTOS_S32K/Source/list.o
                                0x79a (size before relaxing)
 .debug_str     0x00005087      0x7d3 ./SDK/rtos/FreeRTOS_S32K/Source/queue.o
                                0xf2c (size before relaxing)
 .debug_str     0x0000585a      0xc93 ./SDK/rtos/FreeRTOS_S32K/Source/tasks.o
                               0x170a (size before relaxing)
 .debug_str     0x000064ed      0x510 ./SDK/rtos/FreeRTOS_S32K/Source/timers.o
                                0xe04 (size before relaxing)
 .debug_str     0x000069fd      0x186 ./SDK/rtos/FreeRTOS_S32K/Source/portable/GCC/ARM_CM4F/port.o
                                0x4ea (size before relaxing)
 .debug_str     0x00006b83      0x1ce ./SDK/rtos/FreeRTOS_S32K/Source/portable/MemMang/heap_4.o
                                0x883 (size before relaxing)
 .debug_str     0x00006d51       0xfc ./Sources/HardwareLib/FlashWriteRead.o
                               0x24d5 (size before relaxing)
 .debug_str     0x00006e4d      0x175 ./Sources/HardwareLib/LPUART.o
                               0x2bac (size before relaxing)
 .debug_str     0x00006fc2       0x86 ./Sources/HardwareLib/LP_IT_timer.o
                               0x2a8f (size before relaxing)
 .debug_str     0x00007048       0x93 ./Sources/HardwareLib/RGB_LED.o
                                0x30b (size before relaxing)
 .debug_str     0x000070db      0x19b ./Sources/HardwareLib/Ymodem.o
                               0x25e6 (size before relaxing)
 .debug_str     0x00007276       0x90 ./Sources/HardwareLib/latency.o
                                0x2af (size before relaxing)
 .debug_str     0x00007306       0xe5 ./Sources/RTOS_Task.o
                               0x2702 (size before relaxing)
 .debug_str     0x000073eb       0x1c ./Sources/main.o
                               0x23d0 (size before relaxing)

.comment        0x00000000       0xa0
 .comment       0x00000000       0xa0 ./Generated_Code/Flash1.o
                                 0xa1 (size before relaxing)
 .comment       0x000000a0       0xa1 ./Generated_Code/clockMan1.o
 .comment       0x000000a0       0xa1 ./SDK/platform/devices/S32K144/startup/system_S32K144.o
 .comment       0x000000a0       0xa1 ./SDK/platform/devices/startup.o
 .comment       0x000000a0       0xa1 ./SDK/platform/drivers/src/clock/S32K1xx/clock_S32K1xx.o
 .comment       0x000000a0       0xa1 ./SDK/platform/drivers/src/flash/flash_driver.o
 .comment       0x000000a0       0xa1 ./SDK/platform/drivers/src/interrupt/interrupt_manager.o
 .comment       0x000000a0       0xa1 ./SDK/rtos/FreeRTOS_S32K/Source/list.o
 .comment       0x000000a0       0xa1 ./SDK/rtos/FreeRTOS_S32K/Source/queue.o
 .comment       0x000000a0       0xa1 ./SDK/rtos/FreeRTOS_S32K/Source/tasks.o
 .comment       0x000000a0       0xa1 ./SDK/rtos/FreeRTOS_S32K/Source/timers.o
 .comment       0x000000a0       0xa1 ./SDK/rtos/FreeRTOS_S32K/Source/portable/GCC/ARM_CM4F/port.o
 .comment       0x000000a0       0xa1 ./SDK/rtos/FreeRTOS_S32K/Source/portable/MemMang/heap_4.o
 .comment       0x000000a0       0xa1 ./Sources/HardwareLib/FlashWriteRead.o
 .comment       0x000000a0       0xa1 ./Sources/HardwareLib/LPUART.o
 .comment       0x000000a0       0xa1 ./Sources/HardwareLib/LP_IT_timer.o
 .comment       0x000000a0       0xa1 ./Sources/HardwareLib/RGB_LED.o
 .comment       0x000000a0       0xa1 ./Sources/HardwareLib/Ymodem.o
 .comment       0x000000a0       0xa1 ./Sources/HardwareLib/latency.o
 .comment       0x000000a0       0xa1 ./Sources/RTOS_Task.o
 .comment       0x000000a0       0xa1 ./Sources/main.o

.debug_loc      0x00000000     0xc278
 .debug_loc     0x00000000       0xeb ./SDK/platform/devices/S32K144/startup/system_S32K144.o
 .debug_loc     0x000000eb       0xec ./SDK/platform/devices/startup.o
 .debug_loc     0x000001d7     0x4e0b ./SDK/platform/drivers/src/clock/S32K1xx/clock_S32K1xx.o
 .debug_loc     0x00004fe2     0x1e38 ./SDK/platform/drivers/src/flash/flash_driver.o
 .debug_loc     0x00006e1a      0x252 ./SDK/platform/drivers/src/interrupt/interrupt_manager.o
 .debug_loc     0x0000706c       0x65 ./SDK/rtos/FreeRTOS_S32K/Source/list.o
 .debug_loc     0x000070d1     0x1325 ./SDK/rtos/FreeRTOS_S32K/Source/queue.o
 .debug_loc     0x000083f6     0x2299 ./SDK/rtos/FreeRTOS_S32K/Source/tasks.o
 .debug_loc     0x0000a68f      0xab9 ./SDK/rtos/FreeRTOS_S32K/Source/timers.o
 .debug_loc     0x0000b148       0xdc ./SDK/rtos/FreeRTOS_S32K/Source/portable/GCC/ARM_CM4F/port.o
 .debug_loc     0x0000b224      0x3a6 ./SDK/rtos/FreeRTOS_S32K/Source/portable/MemMang/heap_4.o
 .debug_loc     0x0000b5ca      0x2f7 ./Sources/HardwareLib/FlashWriteRead.o
 .debug_loc     0x0000b8c1      0x1f2 ./Sources/HardwareLib/LPUART.o
 .debug_loc     0x0000bab3       0x7f ./Sources/HardwareLib/LP_IT_timer.o
 .debug_loc     0x0000bb32      0x5a3 ./Sources/HardwareLib/Ymodem.o
 .debug_loc     0x0000c0d5      0x161 ./Sources/HardwareLib/latency.o
 .debug_loc     0x0000c236       0x42 ./Sources/RTOS_Task.o

.debug_ranges   0x00000000      0xe68
 .debug_ranges  0x00000000       0x20 ./SDK/platform/devices/S32K144/startup/system_S32K144.o
 .debug_ranges  0x00000020       0x10 ./SDK/platform/devices/startup.o
 .debug_ranges  0x00000030      0x388 ./SDK/platform/drivers/src/clock/S32K1xx/clock_S32K1xx.o
 .debug_ranges  0x000003b8      0x190 ./SDK/platform/drivers/src/flash/flash_driver.o
 .debug_ranges  0x00000548       0x98 ./SDK/platform/drivers/src/interrupt/interrupt_manager.o
 .debug_ranges  0x000005e0       0x30 ./SDK/rtos/FreeRTOS_S32K/Source/list.o
 .debug_ranges  0x00000610      0x260 ./SDK/rtos/FreeRTOS_S32K/Source/queue.o
 .debug_ranges  0x00000870      0x2c0 ./SDK/rtos/FreeRTOS_S32K/Source/tasks.o
 .debug_ranges  0x00000b30       0xe8 ./SDK/rtos/FreeRTOS_S32K/Source/timers.o
 .debug_ranges  0x00000c18       0x70 ./SDK/rtos/FreeRTOS_S32K/Source/portable/GCC/ARM_CM4F/port.o
 .debug_ranges  0x00000c88       0x38 ./SDK/rtos/FreeRTOS_S32K/Source/portable/MemMang/heap_4.o
 .debug_ranges  0x00000cc0       0x30 ./Sources/HardwareLib/FlashWriteRead.o
 .debug_ranges  0x00000cf0       0x40 ./Sources/HardwareLib/LPUART.o
 .debug_ranges  0x00000d30       0x20 ./Sources/HardwareLib/LP_IT_timer.o
 .debug_ranges  0x00000d50       0x38 ./Sources/HardwareLib/RGB_LED.o
 .debug_ranges  0x00000d88       0x60 ./Sources/HardwareLib/Ymodem.o
 .debug_ranges  0x00000de8       0x30 ./Sources/HardwareLib/latency.o
 .debug_ranges  0x00000e18       0x40 ./Sources/RTOS_Task.o
 .debug_ranges  0x00000e58       0x10 ./Sources/main.o

.debug_frame    0x00000000     0x1db4
 .debug_frame   0x00000000       0x40 ./SDK/platform/devices/S32K144/startup/system_S32K144.o
 .debug_frame   0x00000040       0x2c ./SDK/platform/devices/startup.o
 .debug_frame   0x0000006c      0x37c ./SDK/platform/drivers/src/clock/S32K1xx/clock_S32K1xx.o
 .debug_frame   0x000003e8      0x39c ./SDK/platform/drivers/src/flash/flash_driver.o
 .debug_frame   0x00000784       0xd8 ./SDK/platform/drivers/src/interrupt/interrupt_manager.o
 .debug_frame   0x0000085c       0x6c ./SDK/rtos/FreeRTOS_S32K/Source/list.o
 .debug_frame   0x000008c8      0x36c ./SDK/rtos/FreeRTOS_S32K/Source/queue.o
 .debug_frame   0x00000c34      0x65c ./SDK/rtos/FreeRTOS_S32K/Source/tasks.o
 .debug_frame   0x00001290      0x1f0 ./SDK/rtos/FreeRTOS_S32K/Source/timers.o
 .debug_frame   0x00001480      0x100 ./SDK/rtos/FreeRTOS_S32K/Source/portable/GCC/ARM_CM4F/port.o
 .debug_frame   0x00001580       0x98 ./SDK/rtos/FreeRTOS_S32K/Source/portable/MemMang/heap_4.o
 .debug_frame   0x00001618       0x98 ./Sources/HardwareLib/FlashWriteRead.o
 .debug_frame   0x000016b0       0xc8 ./Sources/HardwareLib/LPUART.o
 .debug_frame   0x00001778       0x40 ./Sources/HardwareLib/LP_IT_timer.o
 .debug_frame   0x000017b8       0x70 ./Sources/HardwareLib/RGB_LED.o
 .debug_frame   0x00001828       0xb0 ./Sources/HardwareLib/Ymodem.o
 .debug_frame   0x000018d8       0x80 ./Sources/HardwareLib/latency.o
 .debug_frame   0x00001958       0xcc ./Sources/RTOS_Task.o
 .debug_frame   0x00001a24       0x28 ./Sources/main.o
 .debug_frame   0x00001a4c       0x30 E:/NXP/S32DS_ARM_v2.2/S32DS/build_tools/gcc_v6.3/gcc-6.3-arm32-eabi/arm-none-eabi/newlib/lib/thumb/v7e-m/fpv4-sp/hard\libc_nano.a(lib_a-malloc.o)
 .debug_frame   0x00001a7c       0x28 E:/NXP/S32DS_ARM_v2.2/S32DS/build_tools/gcc_v6.3/gcc-6.3-arm32-eabi/arm-none-eabi/newlib/lib/thumb/v7e-m/fpv4-sp/hard\libc_nano.a(lib_a-memcpy-stub.o)
 .debug_frame   0x00001aa4       0x20 E:/NXP/S32DS_ARM_v2.2/S32DS/build_tools/gcc_v6.3/gcc-6.3-arm32-eabi/arm-none-eabi/newlib/lib/thumb/v7e-m/fpv4-sp/hard\libc_nano.a(lib_a-memset.o)
 .debug_frame   0x00001ac4       0x38 E:/NXP/S32DS_ARM_v2.2/S32DS/build_tools/gcc_v6.3/gcc-6.3-arm32-eabi/arm-none-eabi/newlib/lib/thumb/v7e-m/fpv4-sp/hard\libc_nano.a(lib_a-nano-freer.o)
 .debug_frame   0x00001afc       0x2c E:/NXP/S32DS_ARM_v2.2/S32DS/build_tools/gcc_v6.3/gcc-6.3-arm32-eabi/arm-none-eabi/newlib/lib/thumb/v7e-m/fpv4-sp/hard\libc_nano.a(lib_a-nano-mallocr.o)
 .debug_frame   0x00001b28       0x2c E:/NXP/S32DS_ARM_v2.2/S32DS/build_tools/gcc_v6.3/gcc-6.3-arm32-eabi/arm-none-eabi/newlib/lib/thumb/v7e-m/fpv4-sp/hard\libc_nano.a(lib_a-sbrkr.o)
 .debug_frame   0x00001b54       0x40 E:/NXP/S32DS_ARM_v2.2/S32DS/build_tools/gcc_v6.3/gcc-6.3-arm32-eabi/arm-none-eabi/newlib/lib/thumb/v7e-m/fpv4-sp/hard\libc_nano.a(lib_a-vsprintf.o)
 .debug_frame   0x00001b94       0x30 E:/NXP/S32DS_ARM_v2.2/S32DS/build_tools/gcc_v6.3/gcc-6.3-arm32-eabi/arm-none-eabi/newlib/lib/thumb/v7e-m/fpv4-sp/hard\libc_nano.a(lib_a-mlock.o)
 .debug_frame   0x00001bc4       0x90 E:/NXP/S32DS_ARM_v2.2/S32DS/build_tools/gcc_v6.3/gcc-6.3-arm32-eabi/arm-none-eabi/newlib/lib/thumb/v7e-m/fpv4-sp/hard\libc_nano.a(lib_a-nano-svfprintf.o)
 .debug_frame   0x00001c54       0x60 E:/NXP/S32DS_ARM_v2.2/S32DS/build_tools/gcc_v6.3/gcc-6.3-arm32-eabi/arm-none-eabi/newlib/lib/thumb/v7e-m/fpv4-sp/hard\libc_nano.a(lib_a-nano-vfprintf_i.o)
 .debug_frame   0x00001cb4       0x5c E:/NXP/S32DS_ARM_v2.2/S32DS/build_tools/gcc_v6.3/gcc-6.3-arm32-eabi/arm-none-eabi/newlib/lib/thumb/v7e-m/fpv4-sp/hard\libc_nano.a(lib_a-reent.o)
 .debug_frame   0x00001d10       0x28 E:/NXP/S32DS_ARM_v2.2/S32DS/build_tools/gcc_v6.3/gcc-6.3-arm32-eabi/arm-none-eabi/newlib/lib/thumb/v7e-m/fpv4-sp/hard\libc_nano.a(lib_a-memmove.o)
 .debug_frame   0x00001d38       0x3c E:/NXP/S32DS_ARM_v2.2/S32DS/build_tools/gcc_v6.3/gcc-6.3-arm32-eabi/arm-none-eabi/newlib/lib/thumb/v7e-m/fpv4-sp/hard\libc_nano.a(lib_a-nano-reallocr.o)
 .debug_frame   0x00001d74       0x20 E:/NXP/S32DS_ARM_v2.2/S32DS/build_tools/gcc_v6.3/gcc-6.3-arm32-eabi/arm-none-eabi/newlib/lib/thumb/v7e-m/fpv4-sp/hard\libc_nano.a(lib_a-nano-msizer.o)
 .debug_frame   0x00001d94       0x20 E:/NXP/S32DS_ARM_v2.2/S32DS/build_tools/gcc_v6.3/gcc-6.3-arm32-eabi/arm-none-eabi/newlib/lib/thumb/v7e-m/fpv4-sp/hard\libnosys.a(sbrk.o)
