Archive member included to satisfy reference by file (symbol)

E:/NXP/S32DS_ARM_v2.2/S32DS/build_tools/gcc_v6.3/gcc-6.3-arm32-eabi/arm-none-eabi/newlib/lib/thumb/v7e-m/fpv4-sp/hard\libc_nano.a(lib_a-exit.o)
                              E:/NXP/S32DS_ARM_v2.2/S32DS/build_tools/gcc_v6.3/gcc-6.3-arm32-eabi/arm-none-eabi/newlib/lib/thumb/v7e-m/fpv4-sp/hard/crt0.o (exit)
E:/NXP/S32DS_ARM_v2.2/S32DS/build_tools/gcc_v6.3/gcc-6.3-arm32-eabi/arm-none-eabi/newlib/lib/thumb/v7e-m/fpv4-sp/hard\libc_nano.a(lib_a-impure.o)
                              E:/NXP/S32DS_ARM_v2.2/S32DS/build_tools/gcc_v6.3/gcc-6.3-arm32-eabi/arm-none-eabi/newlib/lib/thumb/v7e-m/fpv4-sp/hard\libc_nano.a(lib_a-exit.o) (_global_impure_ptr)
E:/NXP/S32DS_ARM_v2.2/S32DS/build_tools/gcc_v6.3/gcc-6.3-arm32-eabi/arm-none-eabi/newlib/lib/thumb/v7e-m/fpv4-sp/hard\libc_nano.a(lib_a-init.o)
                              E:/NXP/S32DS_ARM_v2.2/S32DS/build_tools/gcc_v6.3/gcc-6.3-arm32-eabi/arm-none-eabi/newlib/lib/thumb/v7e-m/fpv4-sp/hard/crt0.o (__libc_init_array)
E:/NXP/S32DS_ARM_v2.2/S32DS/build_tools/gcc_v6.3/gcc-6.3-arm32-eabi/arm-none-eabi/newlib/lib/thumb/v7e-m/fpv4-sp/hard\libc_nano.a(lib_a-malloc.o)
                              ./Sources/HardwareLib/Ymodem.o (malloc)
E:/NXP/S32DS_ARM_v2.2/S32DS/build_tools/gcc_v6.3/gcc-6.3-arm32-eabi/arm-none-eabi/newlib/lib/thumb/v7e-m/fpv4-sp/hard\libc_nano.a(lib_a-memcpy-stub.o)
                              ./SDK/rtos/FreeRTOS_S32K/Source/queue.o (memcpy)
E:/NXP/S32DS_ARM_v2.2/S32DS/build_tools/gcc_v6.3/gcc-6.3-arm32-eabi/arm-none-eabi/newlib/lib/thumb/v7e-m/fpv4-sp/hard\libc_nano.a(lib_a-memset.o)
                              E:/NXP/S32DS_ARM_v2.2/S32DS/build_tools/gcc_v6.3/gcc-6.3-arm32-eabi/arm-none-eabi/newlib/lib/thumb/v7e-m/fpv4-sp/hard/crt0.o (memset)
E:/NXP/S32DS_ARM_v2.2/S32DS/build_tools/gcc_v6.3/gcc-6.3-arm32-eabi/arm-none-eabi/newlib/lib/thumb/v7e-m/fpv4-sp/hard\libc_nano.a(lib_a-nano-freer.o)
                              E:/NXP/S32DS_ARM_v2.2/S32DS/build_tools/gcc_v6.3/gcc-6.3-arm32-eabi/arm-none-eabi/newlib/lib/thumb/v7e-m/fpv4-sp/hard\libc_nano.a(lib_a-malloc.o) (_free_r)
E:/NXP/S32DS_ARM_v2.2/S32DS/build_tools/gcc_v6.3/gcc-6.3-arm32-eabi/arm-none-eabi/newlib/lib/thumb/v7e-m/fpv4-sp/hard\libc_nano.a(lib_a-nano-mallocr.o)
                              E:/NXP/S32DS_ARM_v2.2/S32DS/build_tools/gcc_v6.3/gcc-6.3-arm32-eabi/arm-none-eabi/newlib/lib/thumb/v7e-m/fpv4-sp/hard\libc_nano.a(lib_a-malloc.o) (_malloc_r)
E:/NXP/S32DS_ARM_v2.2/S32DS/build_tools/gcc_v6.3/gcc-6.3-arm32-eabi/arm-none-eabi/newlib/lib/thumb/v7e-m/fpv4-sp/hard\libc_nano.a(lib_a-sbrkr.o)
                              E:/NXP/S32DS_ARM_v2.2/S32DS/build_tools/gcc_v6.3/gcc-6.3-arm32-eabi/arm-none-eabi/newlib/lib/thumb/v7e-m/fpv4-sp/hard\libc_nano.a(lib_a-nano-mallocr.o) (_sbrk_r)
E:/NXP/S32DS_ARM_v2.2/S32DS/build_tools/gcc_v6.3/gcc-6.3-arm32-eabi/arm-none-eabi/newlib/lib/thumb/v7e-m/fpv4-sp/hard\libc_nano.a(lib_a-sprintf.o)
                              ./SDK/rtos/FreeRTOS_S32K/Source/tasks.o (sprintf)
E:/NXP/S32DS_ARM_v2.2/S32DS/build_tools/gcc_v6.3/gcc-6.3-arm32-eabi/arm-none-eabi/newlib/lib/thumb/v7e-m/fpv4-sp/hard\libc_nano.a(lib_a-strcpy.o)
                              ./SDK/rtos/FreeRTOS_S32K/Source/tasks.o (strcpy)
E:/NXP/S32DS_ARM_v2.2/S32DS/build_tools/gcc_v6.3/gcc-6.3-arm32-eabi/arm-none-eabi/newlib/lib/thumb/v7e-m/fpv4-sp/hard\libc_nano.a(lib_a-strlen.o)
                              ./SDK/rtos/FreeRTOS_S32K/Source/tasks.o (strlen)
E:/NXP/S32DS_ARM_v2.2/S32DS/build_tools/gcc_v6.3/gcc-6.3-arm32-eabi/arm-none-eabi/newlib/lib/thumb/v7e-m/fpv4-sp/hard\libc_nano.a(lib_a-vsprintf.o)
                              ./Sources/HardwareLib/LPUART.o (vsprintf)
E:/NXP/S32DS_ARM_v2.2/S32DS/build_tools/gcc_v6.3/gcc-6.3-arm32-eabi/arm-none-eabi/newlib/lib/thumb/v7e-m/fpv4-sp/hard\libc_nano.a(lib_a-mlock.o)
                              E:/NXP/S32DS_ARM_v2.2/S32DS/build_tools/gcc_v6.3/gcc-6.3-arm32-eabi/arm-none-eabi/newlib/lib/thumb/v7e-m/fpv4-sp/hard\libc_nano.a(lib_a-nano-freer.o) (__malloc_lock)
E:/NXP/S32DS_ARM_v2.2/S32DS/build_tools/gcc_v6.3/gcc-6.3-arm32-eabi/arm-none-eabi/newlib/lib/thumb/v7e-m/fpv4-sp/hard\libc_nano.a(lib_a-nano-svfprintf.o)
                              E:/NXP/S32DS_ARM_v2.2/S32DS/build_tools/gcc_v6.3/gcc-6.3-arm32-eabi/arm-none-eabi/newlib/lib/thumb/v7e-m/fpv4-sp/hard\libc_nano.a(lib_a-sprintf.o) (_svfprintf_r)
E:/NXP/S32DS_ARM_v2.2/S32DS/build_tools/gcc_v6.3/gcc-6.3-arm32-eabi/arm-none-eabi/newlib/lib/thumb/v7e-m/fpv4-sp/hard\libc_nano.a(lib_a-nano-vfprintf_i.o)
                              E:/NXP/S32DS_ARM_v2.2/S32DS/build_tools/gcc_v6.3/gcc-6.3-arm32-eabi/arm-none-eabi/newlib/lib/thumb/v7e-m/fpv4-sp/hard\libc_nano.a(lib_a-nano-svfprintf.o) (_printf_i)
E:/NXP/S32DS_ARM_v2.2/S32DS/build_tools/gcc_v6.3/gcc-6.3-arm32-eabi/arm-none-eabi/newlib/lib/thumb/v7e-m/fpv4-sp/hard\libc_nano.a(lib_a-reent.o)
[...]
Memory Configuration

Name             Origin             Length             Attributes
m_interrupts     0x00000000         0x00000400         xr
m_flash_config   0x00000400         0x00000010         xr
m_text           0x00000410         0x00008bf0         xr
m_data           0x1fff8000         0x00008000         rw
m_data_2         0x20000000         0x00007000         rw
*default*        0x00000000         0xffffffff

Linker script and memory map

LOAD e:/nxp/s32ds_arm_v2.2/s32ds/build_tools/gcc_v6.3/gcc-6.3-arm32-eabi/bin/../lib/gcc/arm-none-eabi/6.3.1/thumb/v7e-m/fpv4-sp/hard/crti.o
LOAD e:/nxp/s32ds_arm_v2.2/s32ds/build_tools/gcc_v6.3/gcc-6.3-arm32-eabi/bin/../lib/gcc/arm-none-eabi/6.3.1/thumb/v7e-m/fpv4-sp/hard/crtbegin.o
LOAD E:/NXP/S32DS_ARM_v2.2/S32DS/build_tools/gcc_v6.3/gcc-6.3-arm32-eabi/arm-none-eabi/newlib/lib/thumb/v7e-m/fpv4-sp/hard/crt0.o
LOAD ./Generated_Code/Cpu.o
LOAD ./Generated_Code/Flash1.o
LOAD ./Generated_Code/clockMan1.o
LOAD ./Generated_Code/pin_mux.o
LOAD ./Project_Settings/Startup_Code/startup_S32K144.o
LOAD ./SDK/platform/devices/S32K144/startup/system_S32K144.o
LOAD ./SDK/platform/devices/startup.o
LOAD ./SDK/platform/drivers/src/clock/S32K1xx/clock_S32K1xx.o
LOAD ./SDK/platform/drivers/src/flash/flash_driver.o
LOAD ./SDK/platform/drivers/src/interrupt/interrupt_manager.o
LOAD ./SDK/platform/drivers/src/pins/pins_driver.o
LOAD ./SDK/platform/drivers/src/pins/pins_port_hw_access.o
LOAD ./SDK/rtos/FreeRTOS_S32K/Source/croutine.o
LOAD ./SDK/rtos/FreeRTOS_S32K/Source/event_groups.o
LOAD ./SDK/rtos/FreeRTOS_S32K/Source/list.o
LOAD ./SDK/rtos/FreeRTOS_S32K/Source/queue.o
LOAD ./SDK/rtos/FreeRTOS_S32K/Source/stream_buffer.o
LOAD ./SDK/rtos/FreeRTOS_S32K/Source/tasks.o
LOAD ./SDK/rtos/FreeRTOS_S32K/Source/timers.o
LOAD ./SDK/rtos/FreeRTOS_S32K/Source/portable/GCC/ARM_CM4F/port.o
LOAD ./SDK/rtos/FreeRTOS_S32K/Source/portable/MemMang/heap_4.o
LOAD ./Sources/HardwareLib/FlashWriteRead.o
LOAD ./Sources/HardwareLib/LPUART.o
LOAD ./Sources/HardwareLib/LP_IT_timer.o
LOAD ./Sources/HardwareLib/RGB_LED.o
LOAD ./Sources/HardwareLib/Ymodem.o
LOAD ./Sources/HardwareLib/latency.o
LOAD ./Sources/RTOS_Task.o
LOAD ./Sources/main.o
START GROUP
LOAD e:/nxp/s32ds_arm_v2.2/s32ds/build_tools/gcc_v6.3/gcc-6.3-arm32-eabi/bin/../lib/gcc/arm-none-eabi/6.3.1/thumb/v7e-m/fpv4-sp/hard\libgcc.a
LOAD E:/NXP/S32DS_ARM_v2.2/S32DS/build_tools/gcc_v6.3/gcc-6.3-arm32-eabi/arm-none-eabi/newlib/lib/thumb/v7e-m/fpv4-sp/hard\libc_nano.a
END GROUP
START GROUP
LOAD e:/nxp/s32ds_arm_v2.2/s32ds/build_tools/gcc_v6.3/gcc-6.3-arm32-eabi/bin/../lib/gcc/arm-none-eabi/6.3.1/thumb/v7e-m/fpv4-sp/hard\libgcc.a
LOAD E:/NXP/S32DS_ARM_v2.2/S32DS/build_tools/gcc_v6.3/gcc-6.3-arm32-eabi/arm-none-eabi/newlib/lib/thumb/v7e-m/fpv4-sp/hard\libc_nano.a
LOAD E:/NXP/S32DS_ARM_v2.2/S32DS/build_tools/gcc_v6.3/gcc-6.3-arm32-eabi/arm-none-eabi/newlib/lib/thumb/v7e-m/fpv4-sp/hard\libnosys.a
END GROUP
START GROUP
LOAD e:/nxp/s32ds_arm_v2.2/s32ds/build_tools/gcc_v6.3/gcc-6.3-arm32-eabi/bin/../lib/gcc/arm-none-eabi/6.3.1/thumb/v7e-m/fpv4-sp/hard\libgcc.a
LOAD E:/NXP/S32DS_ARM_v2.2/S32DS/build_tools/gcc_v6.3/gcc-6.3-arm32-eabi/arm-none-eabi/newlib/lib/thumb/v7e-m/fpv4-sp/hard\libc_nano.a
LOAD E:/NXP/S32DS_ARM_v2.2/S32DS/build_tools/gcc_v6.3/gcc-6.3-arm32-eabi/arm-none-eabi/newlib/lib/thumb/v7e-m/fpv4-sp/hard\libnosys.a
END GROUP
LOAD e:/nxp/s32ds_arm_v2.2/s32ds/build_tools/gcc_v6.3/gcc-6.3-arm32-eabi/bin/../lib/gcc/arm-none-eabi/6.3.1/thumb/v7e-m/fpv4-sp/hard/crtend.o
LOAD e:/nxp/s32ds_arm_v2.2/s32ds/build_tools/gcc_v6.3/gcc-6.3-arm32-eabi/bin/../lib/gcc/arm-none-eabi/6.3.1/thumb/v7e-m/fpv4-sp/hard/crtn.o
                0x00000400                HEAP_SIZE = DEFINED (__heap_size__)?__heap_size__:0x400
                0x00000400                STACK_SIZE = DEFINED (__stack_size__)?__stack_size__:0x400
                0x00000400                M_VECTOR_RAM_SIZE = DEFINED (__flash_vector_table__)?0x0:0x400

.interrupts     0x00000000      0x400
                0x00000000                __VECTOR_TABLE = .
                0x00000000                __interrupts_start__ = .
                0x00000000                . = ALIGN (0x4)
 *(.isr_vector)
 .isr_vector    0x00000000      0x400 ./Project_Settings/Startup_Code/startup_S32K144.o
                0x00000000                __isr_vector
                0x00000400                __interrupts_end__ = .
                0x00000400                . = ALIGN (0x4)

.flash_config   0x00000400       0x10
                0x00000400                . = ALIGN (0x4)
 *(.FlashConfig)
 .FlashConfig   0x00000400       0x10 ./Project_Settings/Startup_Code/startup_S32K144.o
                0x00000410                . = ALIGN (0x4)

.text           0x00000410     0x63f0
                0x00000410                . = ALIGN (0x4)
 *(.text)
 .text          0x00000410       0x4c ./Project_Settings/Startup_Code/startup_S32K144.o
                0x00000410                Reset_Handler
                0x00000458                DebugMon_Handler
                0x00000458                Reserved88_IRQHandler
                0x00000458                CAN0_ORed_IRQHandler
                0x00000458                HardFault_Handler
                0x00000458                Reserved86_IRQHandler
                0x00000458                Reserved103_IRQHandler
                0x00000458                FTM2_Ovf_Reload_IRQHandler
                0x00000458                Reserved50_IRQHandler
                0x00000458                FTFC_Fault_IRQHandler
                0x00000458                FTM0_Ch6_Ch7_IRQHandler
                0x00000458                Reserved114_IRQHandler
                0x00000458                NMI_Handler
                0x00000458                Reserved89_IRQHandler
                0x00000458                ERM_double_fault_IRQHandler
                0x00000458                DMA2_IRQHandler
                0x00000458                Reserved59_IRQHandler
                0x00000458                Reserved99_IRQHandler
                0x00000458                FTM3_Ch6_Ch7_IRQHandler
                0x00000458                CAN2_ORed_0_15_MB_IRQHandler
                0x00000458                LPIT0_Ch3_IRQHandler
                0x00000458                Reserved92_IRQHandler
                0x00000458                FTM0_Ch4_Ch5_IRQHandler
                0x00000458                CAN1_Error_IRQHandler
                0x00000458                FTM3_Ch0_Ch1_IRQHandler
                0x00000458                SWI_IRQHandler
                0x00000458                ADC0_IRQHandler
                0x00000458                FTM2_Ch4_Ch5_IRQHandler
                0x00000458                UsageFault_Handler
                0x00000458                FTM0_Ovf_Reload_IRQHandler
                0x00000458                DefaultISR
                0x00000458                DMA9_IRQHandler
                0x00000458                Reserved58_IRQHandler
                0x00000458                CAN1_ORed_0_15_MB_IRQHandler
                0x00000458                FTM1_Ch2_Ch3_IRQHandler
                0x00000458                DMA14_IRQHandler
                0x00000458                Reserved82_IRQHandler
                0x00000458                CAN0_ORed_16_31_MB_IRQHandler
                0x00000458                LPI2C0_Slave_IRQHandler
                0x00000458                Reserved71_IRQHandler
                0x00000458                PORTD_IRQHandler
                0x00000458                Reserved69_IRQHandler
                0x00000458                PORTB_IRQHandler
                0x00000458                Reserved70_IRQHandler
                0x00000458                ADC1_IRQHandler
                0x00000458                FTM2_Ch2_Ch3_IRQHandler
                0x00000458                Reserved53_IRQHandler
                0x00000458                DMA5_IRQHandler
                0x00000458                RTC_IRQHandler
                0x00000458                PDB0_IRQHandler
                0x00000458                Reserved54_IRQHandler
                0x00000458                FTM2_Ch6_Ch7_IRQHandler
                0x00000458                FTM3_Ch2_Ch3_IRQHandler
                0x00000458                FTM2_Ch0_Ch1_IRQHandler
                0x00000458                LPSPI1_IRQHandler
                0x00000458                RTC_Seconds_IRQHandler
                0x00000458                CAN2_ORed_IRQHandler
                0x00000458                Reserved72_IRQHandler
                0x00000458                Reserved110_IRQHandler
                0x00000458                DMA11_IRQHandler
                0x00000458                Reserved107_IRQHandler
                0x00000458                Read_Collision_IRQHandler
                0x00000458                CAN2_Error_IRQHandler
                0x00000458                FTFC_IRQHandler
                0x00000458                DMA7_IRQHandler
                0x00000458                FTM1_Ch6_Ch7_IRQHandler
                0x00000458                Reserved105_IRQHandler
                0x00000458                LPIT0_Ch1_IRQHandler
                0x00000458                FTM1_Ch4_Ch5_IRQHandler
                0x00000458                FTM3_Ovf_Reload_IRQHandler
                0x00000458                LPUART2_RxTx_IRQHandler
                0x00000458                LPSPI0_IRQHandler
                0x00000458                WDOG_EWM_IRQHandler
                0x00000458                MemManage_Handler
                0x00000458                Reserved90_IRQHandler
                0x00000458                Reserved83_IRQHandler
                0x00000458                FTM0_Fault_IRQHandler
                0x00000458                Reserved48_IRQHandler
                0x00000458                ERM_single_fault_IRQHandler
                0x00000458                FTM2_Fault_IRQHandler
                0x00000458                FTM0_Ch2_Ch3_IRQHandler
                0x00000458                DMA13_IRQHandler
                0x00000458                FTM0_Ch0_Ch1_IRQHandler
                0x00000458                FTM3_Fault_IRQHandler
                0x00000458                RCM_IRQHandler
                0x00000458                DMA3_IRQHandler
                0x00000458                Reserved100_IRQHandler
                0x00000458                DMA0_IRQHandler
                0x00000458                Reserved91_IRQHandler
                0x00000458                CAN1_ORed_IRQHandler
                0x00000458                DMA15_IRQHandler
                0x00000458                SCG_IRQHandler
                0x00000458                PDB1_IRQHandler
                0x00000458                Reserved81_IRQHandler
                0x00000458                Reserved46_IRQHandler
                0x00000458                Reserved45_IRQHandler
                0x00000458                CAN0_Error_IRQHandler
                0x00000458                Reserved112_IRQHandler
                0x00000458                LPI2C0_Master_IRQHandler
                0x00000458                DMA4_IRQHandler
                0x00000458                FTM1_Fault_IRQHandler
                0x00000458                Reserved106_IRQHandler
                0x00000458                DMA_Error_IRQHandler
                0x00000458                LVD_LVW_IRQHandler
                0x00000458                LPIT0_Ch2_IRQHandler
                0x00000458                PORTA_IRQHandler
                0x00000458                MCM_IRQHandler
                0x00000458                LPSPI2_IRQHandler
                0x00000458                DMA12_IRQHandler
                0x00000458                FTM3_Ch4_Ch5_IRQHandler
                0x00000458                CAN0_ORed_0_15_MB_IRQHandler
                0x00000458                PORTE_IRQHandler
                0x00000458                LPUART0_RxTx_IRQHandler
                0x00000458                LPTMR0_IRQHandler
                0x00000458                BusFault_Handler
                0x00000458                Reserved87_IRQHandler
                0x00000458                FTM1_Ovf_Reload_IRQHandler
                0x00000458                DMA8_IRQHandler
                0x00000458                Reserved93_IRQHandler
                0x00000458                DMA10_IRQHandler
                0x00000458                CAN0_Wake_Up_IRQHandler
                0x00000458                CMP0_IRQHandler
                0x00000458                Reserved52_IRQHandler
                0x00000458                PORTC_IRQHandler
                0x00000458                DMA6_IRQHandler
                0x00000458                FTM1_Ch0_Ch1_IRQHandler
                0x00000458                FLEXIO_IRQHandler
                0x00000458                DMA1_IRQHandler
                0x00000458                Reserved113_IRQHandler
 .text          0x0000045c       0x10 E:/NXP/S32DS_ARM_v2.2/S32DS/build_tools/gcc_v6.3/gcc-6.3-arm32-eabi/arm-none-eabi/newlib/lib/thumb/v7e-m/fpv4-sp/hard\libc_nano.a(lib_a-strlen.o)
                0x0000045c                strlen
 *fill*         0x0000046c        0x4 
 .text          0x00000470       0xa0 E:/NXP/S32DS_ARM_v2.2/S32DS/build_tools/gcc_v6.3/gcc-6.3-arm32-eabi/arm-none-eabi/newlib/lib/thumb/v7e-m/fpv4-sp/hard\libc_nano.a(lib_a-memchr.o)
                0x00000470                memchr
 *(.text*)
 .text.SystemInit
                0x00000510       0x58 ./SDK/platform/devices/S32K144/startup/system_S32K144.o
                0x00000510                SystemInit
 .text.init_data_bss
                0x00000568      0x12c ./SDK/platform/devices/startup.o
                0x00000568                init_data_bss
 .text.SIM_SetLpoClocks
                0x00000694       0x72 ./SDK/platform/drivers/src/clock/S32K1xx/clock_S32K1xx.o
 .text.SIM_SetEimClockGate
                0x00000706       0x3e ./SDK/platform/drivers/src/clock/S32K1xx/clock_S32K1xx.o
 .text.SIM_SetErmClockGate
                0x00000744       0x3e ./SDK/platform/drivers/src/clock/S32K1xx/clock_S32K1xx.o
 .text.SIM_SetDmaClockGate
                0x00000782       0x3e ./SDK/platform/drivers/src/clock/S32K1xx/clock_S32K1xx.o
 .text.SIM_SetMpuClockGate
                0x000007c0       0x3e ./SDK/platform/drivers/src/clock/S32K1xx/clock_S32K1xx.o
 .text.SIM_SetMscmClockGate
                0x000007fe       0x3e ./SDK/platform/drivers/src/clock/S32K1xx/clock_S32K1xx.o
 .text.SIM_SetClockout
                0x0000083c       0x5e ./SDK/platform/drivers/src/clock/S32K1xx/clock_S32K1xx.o
 .text.SIM_SetTraceClockSource
                0x0000089a       0x38 ./SDK/platform/drivers/src/clock/S32K1xx/clock_S32K1xx.o
 .text.SIM_ClearTraceClockConfig
                0x000008d2       0x1e ./SDK/platform/drivers/src/clock/S32K1xx/clock_S32K1xx.o
 .text.SIM_SetTraceClockConfig
                0x000008f0       0x40 ./SDK/platform/drivers/src/clock/S32K1xx/clock_S32K1xx.o
 .text.SCG_GetCurrentSystemClockSource
                0x00000930       0x1e ./SDK/platform/drivers/src/clock/S32K1xx/clock_S32K1xx.o
 .text.SCG_SetRunClockControl
                0x0000094e       0x44 ./SDK/platform/drivers/src/clock/S32K1xx/clock_S32K1xx.o
 .text.SCG_SetVlprClockControl
                0x00000992       0x44 ./SDK/platform/drivers/src/clock/S32K1xx/clock_S32K1xx.o
 .text.SCG_SetHsrunClockControl
                0x000009d6       0x44 ./SDK/platform/drivers/src/clock/S32K1xx/clock_S32K1xx.o
 .text.SCG_SetFircAsyncConfig
                0x00000a1a       0x32 ./SDK/platform/drivers/src/clock/S32K1xx/clock_S32K1xx.o
 .text.SCG_SetSircAsyncConfig
                0x00000a4c       0x32 ./SDK/platform/drivers/src/clock/S32K1xx/clock_S32K1xx.o
 .text.SCG_SetSoscAsyncConfig
                0x00000a7e       0x32 ./SDK/platform/drivers/src/clock/S32K1xx/clock_S32K1xx.o
 .text.SCG_SetSpllAsyncConfig
                0x00000ab0       0x32 ./SDK/platform/drivers/src/clock/S32K1xx/clock_S32K1xx.o
 .text.SCG_SetClockoutSourceSel
                0x00000ae2       0x38 ./SDK/platform/drivers/src/clock/S32K1xx/clock_S32K1xx.o
 .text.SCG_GetSircSystemClockMode
                0x00000b1a       0x32 ./SDK/platform/drivers/src/clock/S32K1xx/clock_S32K1xx.o
 .text.SCG_GetSircStatus
                0x00000b4c       0x28 ./SDK/platform/drivers/src/clock/S32K1xx/clock_S32K1xx.o
 .text.SCG_GetSircRange
                0x00000b74       0x1e ./SDK/platform/drivers/src/clock/S32K1xx/clock_S32K1xx.o
 .text.SCG_ClearSircLock
                0x00000b92       0x24 ./SDK/platform/drivers/src/clock/S32K1xx/clock_S32K1xx.o
 .text.SCG_ClearSircControl
                0x00000bb6       0x1c ./SDK/platform/drivers/src/clock/S32K1xx/clock_S32K1xx.o
 .text.SCG_SetSircConfiguration
                0x00000bd2       0x24 ./SDK/platform/drivers/src/clock/S32K1xx/clock_S32K1xx.o
 .text.SCG_SetSircControl
                0x00000bf6       0x5a ./SDK/platform/drivers/src/clock/S32K1xx/clock_S32K1xx.o
 .text.SCG_GetFircSystemClockMode
                0x00000c50       0x32 ./SDK/platform/drivers/src/clock/S32K1xx/clock_S32K1xx.o
 .text.SCG_GetFircStatus
                0x00000c82       0x28 ./SDK/platform/drivers/src/clock/S32K1xx/clock_S32K1xx.o
 .text.SCG_GetFircRange
                0x00000caa       0x1e ./SDK/platform/drivers/src/clock/S32K1xx/clock_S32K1xx.o
 .text.SCG_ClearFircLock
                0x00000cc8       0x24 ./SDK/platform/drivers/src/clock/S32K1xx/clock_S32K1xx.o
 .text.SCG_ClearFircControl
                0x00000cec       0x1e ./SDK/platform/drivers/src/clock/S32K1xx/clock_S32K1xx.o
 .text.SCG_SetFircConfiguration
                0x00000d0a       0x24 ./SDK/platform/drivers/src/clock/S32K1xx/clock_S32K1xx.o
 .text.SCG_SetFircControl
                0x00000d2e       0x42 ./SDK/platform/drivers/src/clock/S32K1xx/clock_S32K1xx.o
 .text.SCG_GetSoscSystemClockMode
                0x00000d70       0x32 ./SDK/platform/drivers/src/clock/S32K1xx/clock_S32K1xx.o
 .text.SCG_GetSoscStatus
                0x00000da2       0x28 ./SDK/platform/drivers/src/clock/S32K1xx/clock_S32K1xx.o
 .text.SCG_ClearSoscLock
                0x00000dca       0x24 ./SDK/platform/drivers/src/clock/S32K1xx/clock_S32K1xx.o
 .text.SCG_ClearSoscControl
                0x00000dee       0x1e ./SDK/platform/drivers/src/clock/S32K1xx/clock_S32K1xx.o
 .text.SCG_SetSoscConfiguration
                0x00000e0c       0x3c ./SDK/platform/drivers/src/clock/S32K1xx/clock_S32K1xx.o
 .text.SCG_SetSoscControl
                0x00000e48       0x5e ./SDK/platform/drivers/src/clock/S32K1xx/clock_S32K1xx.o
 .text.SCG_GetSpllSystemClockMode
                0x00000ea6       0x32 ./SDK/platform/drivers/src/clock/S32K1xx/clock_S32K1xx.o
 .text.SCG_GetSpllStatus
                0x00000ed8       0x28 ./SDK/platform/drivers/src/clock/S32K1xx/clock_S32K1xx.o
 .text.SCG_GetSpllPredivider
                0x00000f00       0x20 ./SDK/platform/drivers/src/clock/S32K1xx/clock_S32K1xx.o
 .text.SCG_GetSpllMultiplier
                0x00000f20       0x20 ./SDK/platform/drivers/src/clock/S32K1xx/clock_S32K1xx.o
 .text.SCG_ClearSpllLock
                0x00000f40       0x24 ./SDK/platform/drivers/src/clock/S32K1xx/clock_S32K1xx.o
 .text.SCG_ClearSpllControl
                0x00000f64       0x1e ./SDK/platform/drivers/src/clock/S32K1xx/clock_S32K1xx.o
 .text.SCG_SetSpllConfiguration
                0x00000f82       0x34 ./SDK/platform/drivers/src/clock/S32K1xx/clock_S32K1xx.o
 .text.SCG_SetSpllControl
                0x00000fb6       0x5e ./SDK/platform/drivers/src/clock/S32K1xx/clock_S32K1xx.o
 .text.PCC_SetPeripheralClockControl
                0x00001014       0x60 ./SDK/platform/drivers/src/clock/S32K1xx/clock_S32K1xx.o
 .text.PCC_SetClockMode
                0x00001074       0x70 ./SDK/platform/drivers/src/clock/S32K1xx/clock_S32K1xx.o
 .text.PMC_SetLpoMode
                0x000010e4       0x3e ./SDK/platform/drivers/src/clock/S32K1xx/clock_S32K1xx.o
 .text.PMC_SetLpoTrimValue
                0x00001122       0x5e ./SDK/platform/drivers/src/clock/S32K1xx/clock_S32K1xx.o
 .text.SMC_GetCurrentRunningMode
                0x00001180       0x1a ./SDK/platform/drivers/src/clock/S32K1xx/clock_S32K1xx.o
 .text.CLOCK_DRV_Init
                0x0000119a       0x6e ./SDK/platform/drivers/src/clock/S32K1xx/clock_S32K1xx.o
                0x0000119a                CLOCK_DRV_Init
 .text.CLOCK_SYS_SetScgConfiguration
                0x00001208       0xb4 ./SDK/platform/drivers/src/clock/S32K1xx/clock_S32K1xx.o
 .text.CLOCK_SYS_SetPccConfiguration
                0x000012bc       0xb8 ./SDK/platform/drivers/src/clock/S32K1xx/clock_S32K1xx.o
 .text.CLOCK_SYS_SetSimConfiguration
                0x00001374      0x124 ./SDK/platform/drivers/src/clock/S32K1xx/clock_S32K1xx.o
 .text.CLOCK_SYS_SetPmcConfiguration
                0x00001498       0x38 ./SDK/platform/drivers/src/clock/S32K1xx/clock_S32K1xx.o
 .text.CLOCK_SYS_GetDefaultConfiguration
                0x000014d0      0x24c ./SDK/platform/drivers/src/clock/S32K1xx/clock_S32K1xx.o
 .text.CLOCK_SYS_GetCurrentRunMode
                0x0000171c       0x44 ./SDK/platform/drivers/src/clock/S32K1xx/clock_S32K1xx.o
 .text.CLOCK_SYS_TransitionSystemClock
                0x00001760       0x60 ./SDK/platform/drivers/src/clock/S32K1xx/clock_S32K1xx.o
 .text.CLOCK_SYS_ConfigureSIRC
                0x000017c0       0xc8 ./SDK/platform/drivers/src/clock/S32K1xx/clock_S32K1xx.o
 .text.CLOCK_SYS_ConfigureFIRC
                0x00001888       0xc4 ./SDK/platform/drivers/src/clock/S32K1xx/clock_S32K1xx.o
 .text.CLOCK_SYS_ConfigureSOSC
                0x0000194c      0x124 ./SDK/platform/drivers/src/clock/S32K1xx/clock_S32K1xx.o
 .text.CLOCK_SYS_ConfigureSPLL
                0x00001a70      0x118 ./SDK/platform/drivers/src/clock/S32K1xx/clock_S32K1xx.o
 .text.CLOCK_SYS_ConfigureTemporarySystemClock
                0x00001b88       0x68 ./SDK/platform/drivers/src/clock/S32K1xx/clock_S32K1xx.o
 .text.CLOCK_SYS_ConfigureModulesFromScg
                0x00001bf0      0x1c8 ./SDK/platform/drivers/src/clock/S32K1xx/clock_S32K1xx.o
 .text.CLOCK_SYS_GetSrcFreq
                0x00001db8       0x64 ./SDK/platform/drivers/src/clock/S32K1xx/clock_S32K1xx.o
 .text.CLOCK_SYS_SetSystemClockConfig
                0x00001e1c      0x234 ./SDK/platform/drivers/src/clock/S32K1xx/clock_S32K1xx.o
 .text.CLOCK_SYS_GetSysOscFreq
                0x00002050       0x30 ./SDK/platform/drivers/src/clock/S32K1xx/clock_S32K1xx.o
 .text.CLOCK_SYS_GetSircFreq
                0x00002080       0x38 ./SDK/platform/drivers/src/clock/S32K1xx/clock_S32K1xx.o
 .text.CLOCK_SYS_GetFircFreq
                0x000020b8       0x3c ./SDK/platform/drivers/src/clock/S32K1xx/clock_S32K1xx.o
 .text.CLOCK_SYS_GetSysPllFreq
                0x000020f4       0x64 ./SDK/platform/drivers/src/clock/S32K1xx/clock_S32K1xx.o
 .text.FLASH_DRV_GetDEPartitionCode
                0x00002158      0x104 ./SDK/platform/drivers/src/flash/flash_driver.o
 .text.FLASH_DRV_Init
                0x0000225c       0x78 ./SDK/platform/drivers/src/flash/flash_driver.o
                0x0000225c                FLASH_DRV_Init
 .text.FLASH_DRV_EraseSector
                0x000022d4       0xfc ./SDK/platform/drivers/src/flash/flash_driver.o
                0x000022d4                FLASH_DRV_EraseSector
 .text.FLASH_DRV_Program
                0x000023d0      0x114 ./SDK/platform/drivers/src/flash/flash_driver.o
                0x000023d0                FLASH_DRV_Program
 .text.INT_SYS_EnableIRQGlobal
                0x000024e4       0x30 ./SDK/platform/drivers/src/interrupt/interrupt_manager.o
                0x000024e4                INT_SYS_EnableIRQGlobal
 .text.INT_SYS_DisableIRQGlobal
                0x00002514       0x20 ./SDK/platform/drivers/src/interrupt/interrupt_manager.o
                0x00002514                INT_SYS_DisableIRQGlobal
 .text.vListInitialise
                0x00002534       0x40 ./SDK/rtos/FreeRTOS_S32K/Source/list.o
                0x00002534                vListInitialise
 .text.vListInitialiseItem
                0x00002574       0x1a ./SDK/rtos/FreeRTOS_S32K/Source/list.o
                0x00002574                vListInitialiseItem
 .text.vListInsertEnd
                0x0000258e       0x48 ./SDK/rtos/FreeRTOS_S32K/Source/list.o
                0x0000258e                vListInsertEnd
 .text.vListInsert
                0x000025d6       0x72 ./SDK/rtos/FreeRTOS_S32K/Source/list.o
                0x000025d6                vListInsert
 .text.uxListRemove
                0x00002648       0x54 ./SDK/rtos/FreeRTOS_S32K/Source/list.o
                0x00002648                uxListRemove
 .text.xQueueGenericReset
                0x0000269c       0xd0 ./SDK/rtos/FreeRTOS_S32K/Source/queue.o
                0x0000269c                xQueueGenericReset
 .text.xQueueGenericCreate
                0x0000276c       0x72 ./SDK/rtos/FreeRTOS_S32K/Source/queue.o
                0x0000276c                xQueueGenericCreate
 .text.prvInitialiseNewQueue
                0x000027de       0x46 ./SDK/rtos/FreeRTOS_S32K/Source/queue.o
 .text.xQueueGenericSend
                0x00002824      0x1f4 ./SDK/rtos/FreeRTOS_S32K/Source/queue.o
                0x00002824                xQueueGenericSend
 .text.xQueueGenericSendFromISR
                0x00002a18      0x128 ./SDK/rtos/FreeRTOS_S32K/Source/queue.o
                0x00002a18                xQueueGenericSendFromISR
 .text.xQueueReceive
                0x00002b40      0x1b8 ./SDK/rtos/FreeRTOS_S32K/Source/queue.o
                0x00002b40                xQueueReceive
 .text.prvCopyDataToQueue
                0x00002cf8       0xd4 ./SDK/rtos/FreeRTOS_S32K/Source/queue.o
 .text.prvCopyDataFromQueue
                0x00002dcc       0x4c ./SDK/rtos/FreeRTOS_S32K/Source/queue.o
 .text.prvUnlockQueue
                0x00002e18       0xa4 ./SDK/rtos/FreeRTOS_S32K/Source/queue.o
 .text.prvIsQueueEmpty
                0x00002ebc       0x2c ./SDK/rtos/FreeRTOS_S32K/Source/queue.o
 .text.prvIsQueueFull
                0x00002ee8       0x30 ./SDK/rtos/FreeRTOS_S32K/Source/queue.o
 .text.vQueueWaitForMessageRestricted
                0x00002f18       0x68 ./SDK/rtos/FreeRTOS_S32K/Source/queue.o
                0x00002f18                vQueueWaitForMessageRestricted
 .text.xTaskCreate
                0x00002f80       0x82 ./SDK/rtos/FreeRTOS_S32K/Source/tasks.o
                0x00002f80                xTaskCreate
 .text.prvInitialiseNewTask
                0x00003002      0x11a ./SDK/rtos/FreeRTOS_S32K/Source/tasks.o
 .text.prvAddNewTaskToReadyList
                0x0000311c       0xdc ./SDK/rtos/FreeRTOS_S32K/Source/tasks.o
 .text.vTaskDelete
                0x000031f8      0x11c ./SDK/rtos/FreeRTOS_S32K/Source/tasks.o
                0x000031f8                vTaskDelete
 .text.vTaskDelay
                0x00003314       0x68 ./SDK/rtos/FreeRTOS_S32K/Source/tasks.o
                0x00003314                vTaskDelay
 .text.vTaskStartScheduler
                0x0000337c       0xa0 ./SDK/rtos/FreeRTOS_S32K/Source/tasks.o
                0x0000337c                vTaskStartScheduler
 .text.vTaskSuspendAll
                0x0000341c       0x1c ./SDK/rtos/FreeRTOS_S32K/Source/tasks.o
                0x0000341c                vTaskSuspendAll
 .text.xTaskResumeAll
                0x00003438      0x138 ./SDK/rtos/FreeRTOS_S32K/Source/tasks.o
                0x00003438                xTaskResumeAll
 .text.xTaskGetTickCount
                0x00003570       0x20 ./SDK/rtos/FreeRTOS_S32K/Source/tasks.o
                0x00003570                xTaskGetTickCount
 .text.xTaskIncrementTick
                0x00003590      0x178 ./SDK/rtos/FreeRTOS_S32K/Source/tasks.o
                0x00003590                xTaskIncrementTick
 .text.vTaskSwitchContext
                0x00003708       0xf0 ./SDK/rtos/FreeRTOS_S32K/Source/tasks.o
                0x00003708                vTaskSwitchContext
 .text.vTaskPlaceOnEventList
                0x000037f8       0x48 ./SDK/rtos/FreeRTOS_S32K/Source/tasks.o
                0x000037f8                vTaskPlaceOnEventList
 .text.vTaskPlaceOnEventListRestricted
                0x00003840       0x54 ./SDK/rtos/FreeRTOS_S32K/Source/tasks.o
                0x00003840                vTaskPlaceOnEventListRestricted
 .text.xTaskRemoveFromEventList
                0x00003894       0xc4 ./SDK/rtos/FreeRTOS_S32K/Source/tasks.o
                0x00003894                xTaskRemoveFromEventList
 .text.vTaskInternalSetTimeOutState
                0x00003958       0x2c ./SDK/rtos/FreeRTOS_S32K/Source/tasks.o
                0x00003958                vTaskInternalSetTimeOutState
 .text.xTaskCheckForTimeOut
                0x00003984       0xe0 ./SDK/rtos/FreeRTOS_S32K/Source/tasks.o
                0x00003984                xTaskCheckForTimeOut
 .text.vTaskMissedYield
                0x00003a64       0x18 ./SDK/rtos/FreeRTOS_S32K/Source/tasks.o
                0x00003a64                vTaskMissedYield
 .text.prvIdleTask
                0x00003a7c       0x30 ./SDK/rtos/FreeRTOS_S32K/Source/tasks.o
 .text.prvInitialiseTaskLists
                0x00003aac       0x80 ./SDK/rtos/FreeRTOS_S32K/Source/tasks.o
 .text.prvCheckTasksWaitingTermination
                0x00003b2c       0x58 ./SDK/rtos/FreeRTOS_S32K/Source/tasks.o
 .text.prvDeleteTCB
                0x00003b84       0x20 ./SDK/rtos/FreeRTOS_S32K/Source/tasks.o
 .text.prvResetNextTaskUnblockTime
                0x00003ba4       0x4c ./SDK/rtos/FreeRTOS_S32K/Source/tasks.o
 .text.xTaskGetSchedulerState
                0x00003bf0       0x3c ./SDK/rtos/FreeRTOS_S32K/Source/tasks.o
                0x00003bf0                xTaskGetSchedulerState
 .text.xTaskPriorityDisinherit
                0x00003c2c      0x108 ./SDK/rtos/FreeRTOS_S32K/Source/tasks.o
                0x00003c2c                xTaskPriorityDisinherit
 .text.prvAddCurrentTaskToDelayedList
                0x00003d34       0xd4 ./SDK/rtos/FreeRTOS_S32K/Source/tasks.o
 .text.xTimerCreateTimerTask
                0x00003e08       0x60 ./SDK/rtos/FreeRTOS_S32K/Source/timers.o
                0x00003e08                xTimerCreateTimerTask
 .text.xTimerGenericCommand
                0x00003e68       0x98 ./SDK/rtos/FreeRTOS_S32K/Source/timers.o
                0x00003e68                xTimerGenericCommand
 .text.prvProcessExpiredTimer
                0x00003f00       0x80 ./SDK/rtos/FreeRTOS_S32K/Source/timers.o
 .text.prvTimerTask
                0x00003f80       0x24 ./SDK/rtos/FreeRTOS_S32K/Source/timers.o
 .text.prvProcessTimerOrBlockTask
                0x00003fa4       0x9c ./SDK/rtos/FreeRTOS_S32K/Source/timers.o
 .text.prvGetNextExpireTime
                0x00004040       0x48 ./SDK/rtos/FreeRTOS_S32K/Source/timers.o
 .text.prvSampleTimeNow
                0x00004088       0x40 ./SDK/rtos/FreeRTOS_S32K/Source/timers.o
 .text.prvInsertTimerInActiveList
                0x000040c8       0x84 ./SDK/rtos/FreeRTOS_S32K/Source/timers.o
 .text.prvProcessReceivedCommands
                0x0000414c      0x154 ./SDK/rtos/FreeRTOS_S32K/Source/timers.o
 .text.prvSwitchTimerLists
                0x000042a0       0xc0 ./SDK/rtos/FreeRTOS_S32K/Source/timers.o
 .text.prvCheckForValidListAndQueue
                0x00004360       0x54 ./SDK/rtos/FreeRTOS_S32K/Source/timers.o
 .text.pxPortInitialiseStack
                0x000043b4       0x68 ./SDK/rtos/FreeRTOS_S32K/Source/portable/GCC/ARM_CM4F/port.o
                0x000043b4                pxPortInitialiseStack
 .text.prvTaskExitError
                0x0000441c       0x54 ./SDK/rtos/FreeRTOS_S32K/Source/portable/GCC/ARM_CM4F/port.o
 .text.SVC_Handler
                0x00004470       0x28 ./SDK/rtos/FreeRTOS_S32K/Source/portable/GCC/ARM_CM4F/port.o
                0x00004470                SVC_Handler
 .text.prvPortStartFirstTask
                0x00004498       0x28 ./SDK/rtos/FreeRTOS_S32K/Source/portable/GCC/ARM_CM4F/port.o
 .text.xPortStartScheduler
                0x000044c0      0x13c ./SDK/rtos/FreeRTOS_S32K/Source/portable/GCC/ARM_CM4F/port.o
                0x000044c0                xPortStartScheduler
 .text.vPortEnterCritical
                0x000045fc       0x5c ./SDK/rtos/FreeRTOS_S32K/Source/portable/GCC/ARM_CM4F/port.o
                0x000045fc                vPortEnterCritical
 .text.vPortExitCritical
                0x00004658       0x50 ./SDK/rtos/FreeRTOS_S32K/Source/portable/GCC/ARM_CM4F/port.o
                0x00004658                vPortExitCritical
 *fill*         0x000046a8        0x8 
 .text.PendSV_Handler
                0x000046b0       0x68 ./SDK/rtos/FreeRTOS_S32K/Source/portable/GCC/ARM_CM4F/port.o
                0x000046b0                PendSV_Handler
 .text.SysTick_Handler
                0x00004718       0x40 ./SDK/rtos/FreeRTOS_S32K/Source/portable/GCC/ARM_CM4F/port.o
                0x00004718                SysTick_Handler
 .text.vPortSetupTimerInterrupt
                0x00004758       0x38 ./SDK/rtos/FreeRTOS_S32K/Source/portable/GCC/ARM_CM4F/port.o
                0x00004758                vPortSetupTimerInterrupt
 .text.vPortEnableVFP
                0x00004790       0x14 ./SDK/rtos/FreeRTOS_S32K/Source/portable/GCC/ARM_CM4F/port.o
 .text.vPortValidateInterruptPriority
                0x000047a4       0x7c ./SDK/rtos/FreeRTOS_S32K/Source/portable/GCC/ARM_CM4F/port.o
                0x000047a4                vPortValidateInterruptPriority
 .text.pvPortMalloc
                0x00004820      0x184 ./SDK/rtos/FreeRTOS_S32K/Source/portable/MemMang/heap_4.o
                0x00004820                pvPortMalloc
 .text.vPortFree
                0x000049a4       0xb0 ./SDK/rtos/FreeRTOS_S32K/Source/portable/MemMang/heap_4.o
                0x000049a4                vPortFree
 .text.prvHeapInit
                0x00004a54       0xc4 ./SDK/rtos/FreeRTOS_S32K/Source/portable/MemMang/heap_4.o
 .text.prvInsertBlockIntoFreeList
                0x00004b18       0xb4 ./SDK/rtos/FreeRTOS_S32K/Source/portable/MemMang/heap_4.o
 .text.Flash_Erase_Sector
                0x00004bcc       0x48 ./Sources/HardwareLib/FlashWriteRead.o
                0x00004bcc                Flash_Erase_Sector
 .text.Flash_Write_Data
                0x00004c14       0x4c ./Sources/HardwareLib/FlashWriteRead.o
                0x00004c14                Flash_Write_Data
 .text.Flash_Size_Calc
                0x00004c60       0x36 ./Sources/HardwareLib/FlashWriteRead.o
                0x00004c60                Flash_Size_Calc
 *fill*         0x00004c96        0x2 
 .text.LPUART1_init
                0x00004c98       0x84 ./Sources/HardwareLib/LPUART.o
                0x00004c98                LPUART1_init
 .text.LPUART1_NVIC_init_IRQs
                0x00004d1c       0x64 ./Sources/HardwareLib/LPUART.o
                0x00004d1c                LPUART1_NVIC_init_IRQs
 .text.LPUART1_transmit_char
                0x00004d80       0x30 ./Sources/HardwareLib/LPUART.o
                0x00004d80                LPUART1_transmit_char
 .text.LPUART1_transmit_string
                0x00004db0       0x3a ./Sources/HardwareLib/LPUART.o
                0x00004db0                LPUART1_transmit_string
 *fill*         0x00004dea        0x2 
 .text.LPUART1_printf
                0x00004dec       0x30 ./Sources/HardwareLib/LPUART.o
                0x00004dec                LPUART1_printf
 .text.LPUART1_RxTx_IRQHandler
                0x00004e1c       0xb8 ./Sources/HardwareLib/LPUART.o
                0x00004e1c                LPUART1_RxTx_IRQHandler
 .text.LPIT0_init
                0x00004ed4       0x54 ./Sources/HardwareLib/LP_IT_timer.o
                0x00004ed4                LPIT0_init
 .text.LPIT_NVIC_init_IRQs
                0x00004f28       0x64 ./Sources/HardwareLib/LP_IT_timer.o
                0x00004f28                LPIT_NVIC_init_IRQs
 .text.LPIT0_Ch0_IRQHandler
                0x00004f8c       0x2c ./Sources/HardwareLib/LP_IT_timer.o
                0x00004f8c                LPIT0_Ch0_IRQHandler
 .text.RGB_LED_KEY_init
                0x00004fb8       0xcc ./Sources/HardwareLib/RGB_LED.o
                0x00004fb8                RGB_LED_KEY_init
 .text.SW2_key  0x00005084       0x24 ./Sources/HardwareLib/RGB_LED.o
                0x00005084                SW2_key
 .text.SW3_key  0x000050a8       0x24 ./Sources/HardwareLib/RGB_LED.o
                0x000050a8                SW3_key
 .text.Send_Byte
                0x000050cc       0x1c ./Sources/HardwareLib/Ymodem.o
 .text.Ym_Cmd_Process
                0x000050e8       0xa4 ./Sources/HardwareLib/Ymodem.o
 .text.Clear_YM
                0x0000518c       0x5a ./Sources/HardwareLib/Ymodem.o
                0x0000518c                Clear_YM
 *fill*         0x000051e6        0x2 
 .text.File_Information_Storage
                0x000051e8      0x10c ./Sources/HardwareLib/Ymodem.o
 .text.Ymodem_Receive_File
                0x000052f4      0x260 ./Sources/HardwareLib/Ymodem.o
                0x000052f4                Ymodem_Receive_File
 .text.Receive_Packet
                0x00005554      0x1b8 ./Sources/HardwareLib/Ymodem.o
                0x00005554                Receive_Packet
 .text.crc16    0x0000570c       0x78 ./Sources/HardwareLib/Ymodem.o
                0x0000570c                crc16
 .text.systick_later_init
                0x00005784       0x38 ./Sources/HardwareLib/latency.o
                0x00005784                systick_later_init
 .text.later_us
                0x000057bc       0x48 ./Sources/HardwareLib/latency.o
                0x000057bc                later_us
 .text.later_ms
                0x00005804       0x2c ./Sources/HardwareLib/latency.o
                0x00005804                later_ms
 .text.rtos_start
                0x00005830       0x50 ./Sources/RTOS_Task.o
                0x00005830                rtos_start
 .text.init_fcn
                0x00005880       0x34 ./Sources/RTOS_Task.o
                0x00005880                init_fcn
 .text.start_task
                0x000058b4       0x5c ./Sources/RTOS_Task.o
                0x000058b4                start_task
 .text.key_task
                0x00005910       0xb4 ./Sources/RTOS_Task.o
                0x00005910                key_task
 .text.show_task
                0x000059c4       0x18 ./Sources/RTOS_Task.o
                0x000059c4                show_task
 .text.Boot_to_App
                0x000059dc       0x4c ./Sources/RTOS_Task.o
                0x000059dc                Boot_to_App
 .text.main     0x00005a28       0x20 ./Sources/main.o
                0x00005a28                main
 .text.malloc   0x00005a48       0x10 E:/NXP/S32DS_ARM_v2.2/S32DS/build_tools/gcc_v6.3/gcc-6.3-arm32-eabi/arm-none-eabi/newlib/lib/thumb/v7e-m/fpv4-sp/hard\libc_nano.a(lib_a-malloc.o)
                0x00005a48                malloc
 .text.free     0x00005a58       0x10 E:/NXP/S32DS_ARM_v2.2/S32DS/build_tools/gcc_v6.3/gcc-6.3-arm32-eabi/arm-none-eabi/newlib/lib/thumb/v7e-m/fpv4-sp/hard\libc_nano.a(lib_a-malloc.o)
                0x00005a58                free
 .text.memcpy   0x00005a68       0x16 E:/NXP/S32DS_ARM_v2.2/S32DS/build_tools/gcc_v6.3/gcc-6.3-arm32-eabi/arm-none-eabi/newlib/lib/thumb/v7e-m/fpv4-sp/hard\libc_nano.a(lib_a-memcpy-stub.o)
                0x00005a68                memcpy
 .text.memset   0x00005a7e       0x10 E:/NXP/S32DS_ARM_v2.2/S32DS/build_tools/gcc_v6.3/gcc-6.3-arm32-eabi/arm-none-eabi/newlib/lib/thumb/v7e-m/fpv4-sp/hard\libc_nano.a(lib_a-memset.o)
                0x00005a7e                memset
 *fill*         0x00005a8e        0x2 
 .text._free_r  0x00005a90       0x9c E:/NXP/S32DS_ARM_v2.2/S32DS/build_tools/gcc_v6.3/gcc-6.3-arm32-eabi/arm-none-eabi/newlib/lib/thumb/v7e-m/fpv4-sp/hard\libc_nano.a(lib_a-nano-freer.o)
                0x00005a90                _free_r
 .text._malloc_r
                0x00005b2c       0xbc E:/NXP/S32DS_ARM_v2.2/S32DS/build_tools/gcc_v6.3/gcc-6.3-arm32-eabi/arm-none-eabi/newlib/lib/thumb/v7e-m/fpv4-sp/hard\libc_nano.a(lib_a-nano-mallocr.o)
                0x00005b2c                _malloc_r
 .text._sbrk_r  0x00005be8       0x20 E:/NXP/S32DS_ARM_v2.2/S32DS/build_tools/gcc_v6.3/gcc-6.3-arm32-eabi/arm-none-eabi/newlib/lib/thumb/v7e-m/fpv4-sp/hard\libc_nano.a(lib_a-sbrkr.o)
                0x00005be8                _sbrk_r
 .text._vsprintf_r
                0x00005c08       0x30 E:/NXP/S32DS_ARM_v2.2/S32DS/build_tools/gcc_v6.3/gcc-6.3-arm32-eabi/arm-none-eabi/newlib/lib/thumb/v7e-m/fpv4-sp/hard\libc_nano.a(lib_a-vsprintf.o)
                0x00005c08                _vsprintf_r
                0x00005c08                _vsiprintf_r
 .text.vsprintf
                0x00005c38       0x14 E:/NXP/S32DS_ARM_v2.2/S32DS/build_tools/gcc_v6.3/gcc-6.3-arm32-eabi/arm-none-eabi/newlib/lib/thumb/v7e-m/fpv4-sp/hard\libc_nano.a(lib_a-vsprintf.o)
                0x00005c38                vsiprintf
                0x00005c38                vsprintf
 .text.__malloc_lock
                0x00005c4c        0x2 E:/NXP/S32DS_ARM_v2.2/S32DS/build_tools/gcc_v6.3/gcc-6.3-arm32-eabi/arm-none-eabi/newlib/lib/thumb/v7e-m/fpv4-sp/hard\libc_nano.a(lib_a-mlock.o)
                0x00005c4c                __malloc_lock
 .text.__malloc_unlock
                0x00005c4e        0x2 E:/NXP/S32DS_ARM_v2.2/S32DS/build_tools/gcc_v6.3/gcc-6.3-arm32-eabi/arm-none-eabi/newlib/lib/thumb/v7e-m/fpv4-sp/hard\libc_nano.a(lib_a-mlock.o)
                0x00005c4e                __malloc_unlock
 .text.__ssputs_r
                0x00005c50       0xb6 E:/NXP/S32DS_ARM_v2.2/S32DS/build_tools/gcc_v6.3/gcc-6.3-arm32-eabi/arm-none-eabi/newlib/lib/thumb/v7e-m/fpv4-sp/hard\libc_nano.a(lib_a-nano-svfprintf.o)
                0x00005c50                __ssputs_r
 *fill*         0x00005d06        0x2 
 .text._svfprintf_r
                0x00005d08      0x1e8 E:/NXP/S32DS_ARM_v2.2/S32DS/build_tools/gcc_v6.3/gcc-6.3-arm32-eabi/arm-none-eabi/newlib/lib/thumb/v7e-m/fpv4-sp/hard\libc_nano.a(lib_a-nano-svfprintf.o)
                0x00005d08                _svfiprintf_r
                0x00005d08                _svfprintf_r
 .text._printf_common
                0x00005ef0       0xec E:/NXP/S32DS_ARM_v2.2/S32DS/build_tools/gcc_v6.3/gcc-6.3-arm32-eabi/arm-none-eabi/newlib/lib/thumb/v7e-m/fpv4-sp/hard\libc_nano.a(lib_a-nano-vfprintf_i.o)
                0x00005ef0                _printf_common
 .text._printf_i
                0x00005fdc      0x240 E:/NXP/S32DS_ARM_v2.2/S32DS/build_tools/gcc_v6.3/gcc-6.3-arm32-eabi/arm-none-eabi/newlib/lib/thumb/v7e-m/fpv4-sp/hard\libc_nano.a(lib_a-nano-vfprintf_i.o)
                0x00005fdc                _printf_i
 .text.memmove  0x0000621c       0x34 E:/NXP/S32DS_ARM_v2.2/S32DS/build_tools/gcc_v6.3/gcc-6.3-arm32-eabi/arm-none-eabi/newlib/lib/thumb/v7e-m/fpv4-sp/hard\libc_nano.a(lib_a-memmove.o)
                0x0000621c                memmove
 .text._realloc_r
                0x00006250       0x4c E:/NXP/S32DS_ARM_v2.2/S32DS/build_tools/gcc_v6.3/gcc-6.3-arm32-eabi/arm-none-eabi/newlib/lib/thumb/v7e-m/fpv4-sp/hard\libc_nano.a(lib_a-nano-reallocr.o)
                0x00006250                _realloc_r
 .text._malloc_usable_size_r
                0x0000629c       0x12 E:/NXP/S32DS_ARM_v2.2/S32DS/build_tools/gcc_v6.3/gcc-6.3-arm32-eabi/arm-none-eabi/newlib/lib/thumb/v7e-m/fpv4-sp/hard\libc_nano.a(lib_a-nano-msizer.o)
                0x0000629c                _malloc_usable_size_r
 *fill*         0x000062ae        0x2 
 .text._sbrk    0x000062b0       0x1c E:/NXP/S32DS_ARM_v2.2/S32DS/build_tools/gcc_v6.3/gcc-6.3-arm32-eabi/arm-none-eabi/newlib/lib/thumb/v7e-m/fpv4-sp/hard\libnosys.a(sbrk.o)
                0x000062b0                _sbrk
 *(.rodata)
 .rodata        0x000062cc       0x30 ./SDK/rtos/FreeRTOS_S32K/Source/tasks.o
 .rodata        0x000062fc        0x8 ./SDK/rtos/FreeRTOS_S32K/Source/timers.o
 .rodata        0x00006304       0x97 ./Sources/HardwareLib/FlashWriteRead.o
 *fill*         0x0000639b        0x1 
 .rodata        0x0000639c       0xe8 ./Sources/HardwareLib/Ymodem.o
 .rodata        0x00006484      0x165 ./Sources/RTOS_Task.o
 *(.rodata*)
 *fill*         0x000065e9        0x3 
 .rodata.Flash1_InitConfig0
                0x000065ec       0x14 ./Generated_Code/Flash1.o
                0x000065ec                Flash1_InitConfig0
 .rodata.clockNameMappings
                0x00006600       0x9e ./SDK/platform/drivers/src/clock/S32K1xx/clock_S32K1xx.o
                0x00006600                clockNameMappings
 *fill*         0x0000669e        0x2 
 .rodata.tmpSysClk.7552
                0x000066a0        0xc ./SDK/platform/drivers/src/clock/S32K1xx/clock_S32K1xx.o
 .rodata.tmpSysClk.7559
                0x000066ac        0xc ./SDK/platform/drivers/src/clock/S32K1xx/clock_S32K1xx.o
 .rodata.maxSysClksInRUN.7597
                0x000066b8       0x54 ./SDK/platform/drivers/src/clock/S32K1xx/clock_S32K1xx.o
 .rodata.maxSysClksInVLPR.7596
                0x0000670c       0x54 ./SDK/platform/drivers/src/clock/S32K1xx/clock_S32K1xx.o
 .rodata.maxSysClksInHSRUN.7598
                0x00006760       0x54 ./SDK/platform/drivers/src/clock/S32K1xx/clock_S32K1xx.o
 .rodata.fircFreq.7641
                0x000067b4        0x4 ./SDK/platform/drivers/src/clock/S32K1xx/clock_S32K1xx.o
 .rodata._svfprintf_r.str1.1
                0x000067b8       0x11 E:/NXP/S32DS_ARM_v2.2/S32DS/build_tools/gcc_v6.3/gcc-6.3-arm32-eabi/arm-none-eabi/newlib/lib/thumb/v7e-m/fpv4-sp/hard\libc_nano.a(lib_a-nano-svfprintf.o)
 .rodata._printf_i.str1.1
                0x000067c9       0x22 E:/NXP/S32DS_ARM_v2.2/S32DS/build_tools/gcc_v6.3/gcc-6.3-arm32-eabi/arm-none-eabi/newlib/lib/thumb/v7e-m/fpv4-sp/hard\libc_nano.a(lib_a-nano-vfprintf_i.o)
 *(.init)
 *fill*         0x000067eb        0x1 
 .init          0x000067ec        0x4 e:/nxp/s32ds_arm_v2.2/s32ds/build_tools/gcc_v6.3/gcc-6.3-arm32-eabi/bin/../lib/gcc/arm-none-eabi/6.3.1/thumb/v7e-m/fpv4-sp/hard/crti.o
                0x000067ec                _init
 *(.fini)
 .fini          0x000067f0        0x4 e:/nxp/s32ds_arm_v2.2/s32ds/build_tools/gcc_v6.3/gcc-6.3-arm32-eabi/bin/../lib/gcc/arm-none-eabi/6.3.1/thumb/v7e-m/fpv4-sp/hard/crti.o
                0x000067f0                _fini
 *fill*         0x000067f4        0x4 
 .fini.__stub   0x000067f8        0x8 linker stubs
 *(.eh_frame)
                0x00006800                . = ALIGN (0x4)

.glue_7         0x00006800        0x0
 .glue_7        0x00006800        0x0 linker stubs

.glue_7t        0x00006800        0x0
 .glue_7t       0x00006800        0x0 linker stubs

.vfp11_veneer   0x00006800        0x0
 .vfp11_veneer  0x00006800        0x0 linker stubs

.v4_bx          0x00006800        0x0
 .v4_bx         0x00006800        0x0 linker stubs

.iplt           0x00006800        0x0
 .iplt          0x00006800        0x0 e:/nxp/s32ds_arm_v2.2/s32ds/build_tools/gcc_v6.3/gcc-6.3-arm32-eabi/bin/../lib/gcc/arm-none-eabi/6.3.1/thumb/v7e-m/fpv4-sp/hard/crtbegin.o

.ARM            0x00006800        0x0
                0x00006800                __exidx_start = .
 *(.ARM.exidx*)
                0x00006800                __exidx_end = .
                0x00006800                __etext = .
                0x00006800                __DATA_ROM = .

.interrupts_ram
                0x1fff8000      0x400
                0x1fff8000                . = ALIGN (0x4)
                0x1fff8000                __VECTOR_RAM__ = .
                0x1fff8000                __RAM_START = .
                0x1fff8000                __interrupts_ram_start__ = .
 *(.m_interrupts_ram)
                0x1fff8400                . = (. + M_VECTOR_RAM_SIZE)
 *fill*         0x1fff8000      0x400 
                0x1fff8400                . = ALIGN (0x4)
                0x1fff8400                __interrupts_ram_end__ = .
                0x1fff8000                __VECTOR_RAM = DEFINED (__flash_vector_table__)?ORIGIN (m_interrupts):__VECTOR_RAM__
                0x00000400                __RAM_VECTOR_TABLE_SIZE = DEFINED (__flash_vector_table__)?0x0:(__interrupts_ram_end__ - __interrupts_ram_start__)

.data           0x1fff8400      0x1a8 load address 0x00006800
                0x1fff8400                . = ALIGN (0x4)
                0x1fff8400                __DATA_RAM = .
                0x1fff8400                __data_start__ = .
 *(.data)
 *(.data*)
 .data.peripheralClockConfig0
                0x1fff8400       0x19 ./Generated_Code/clockMan1.o
                0x1fff8400                peripheralClockConfig0
 *fill*         0x1fff8419        0x3 
 .data.clockMan1_InitConfig0
                0x1fff841c       0x78 ./Generated_Code/clockMan1.o
                0x1fff841c                clockMan1_InitConfig0
 .data.peripheralClockConfig.7360
                0x1fff8494       0xa0 ./SDK/platform/drivers/src/clock/S32K1xx/clock_S32K1xx.o
 .data.uxCriticalNesting
                0x1fff8534        0x4 ./SDK/rtos/FreeRTOS_S32K/Source/portable/GCC/ARM_CM4F/port.o
 .data.bits_remain
                0x1fff8538        0x4 ./Sources/HardwareLib/Ymodem.o
                0x1fff8538                bits_remain
 .data.packets_index
                0x1fff853c        0x4 ./Sources/HardwareLib/Ymodem.o
                0x1fff853c                packets_index
 .data.fac_us   0x1fff8540        0x4 ./Sources/HardwareLib/latency.o
 .data._impure_ptr
                0x1fff8544        0x4 E:/NXP/S32DS_ARM_v2.2/S32DS/build_tools/gcc_v6.3/gcc-6.3-arm32-eabi/arm-none-eabi/newlib/lib/thumb/v7e-m/fpv4-sp/hard\libc_nano.a(lib_a-impure.o)
                0x1fff8544                _impure_ptr
 .data.impure_data
                0x1fff8548       0x60 E:/NXP/S32DS_ARM_v2.2/S32DS/build_tools/gcc_v6.3/gcc-6.3-arm32-eabi/arm-none-eabi/newlib/lib/thumb/v7e-m/fpv4-sp/hard\libc_nano.a(lib_a-impure.o)
                0x1fff85a8                . = ALIGN (0x4)
                0x1fff85a8                __data_end__ = .
                0x000069a8                __DATA_END = (__DATA_ROM + (__data_end__ - __data_start__))
                0x000069a8                __CODE_ROM = __DATA_END

.igot.plt       0x1fff85a8        0x0 load address 0x000069a8
 .igot.plt      0x1fff85a8        0x0 e:/nxp/s32ds_arm_v2.2/s32ds/build_tools/gcc_v6.3/gcc-6.3-arm32-eabi/bin/../lib/gcc/arm-none-eabi/6.3.1/thumb/v7e-m/fpv4-sp/hard/crtbegin.o

.code           0x1fff85a8       0x5c load address 0x000069a8
                0x1fff85a8                . = ALIGN (0x4)
                0x1fff85a8                __CODE_RAM = .
                0x1fff85a8                __code_start__ = .
                0x1fff85a8                __code_ram_start__ = .
 *(.code_ram)
 .code_ram      0x1fff85a8       0x5c ./SDK/platform/drivers/src/flash/flash_driver.o
                0x1fff8604                . = ALIGN (0x4)
                0x1fff8604                __code_end__ = .
                0x1fff8604                __code_ram_end__ = .
                0x00006a04                __CODE_END = (__CODE_ROM + (__code_end__ - __code_start__))
                0x00006a04                __CUSTOM_ROM = __CODE_END

.rel.dyn        0x1fff8604        0x0 load address 0x00006a04
 .rel.iplt      0x1fff8604        0x0 e:/nxp/s32ds_arm_v2.2/s32ds/build_tools/gcc_v6.3/gcc-6.3-arm32-eabi/bin/../lib/gcc/arm-none-eabi/6.3.1/thumb/v7e-m/fpv4-sp/hard/crtbegin.o

.customSectionBlock
                0x20000000        0x0 load address 0x00006a04
                0x20000000                __customSection_start__ = .
 *(.customSection)
                0x20000000                __customSection_end__ = .
                0x00006a04                __CUSTOM_END = (__CUSTOM_ROM + (__customSection_end__ - __customSection_start__))
                0x00006a04                __rom_end = __CUSTOM_END

.bss            0x20000000     0x2804
                0x20000000                . = ALIGN (0x4)
                0x20000000                __BSS_START = .
                0x20000000                __bss_start__ = .
 *(.bss)
 *(.bss*)
 .bss.g_TClkFreq
                0x20000000        0xc ./SDK/platform/drivers/src/clock/S32K1xx/clock_S32K1xx.o
                0x20000000                g_TClkFreq
 .bss.g_RtcClkInFreq
                0x2000000c        0x4 ./SDK/platform/drivers/src/clock/S32K1xx/clock_S32K1xx.o
                0x2000000c                g_RtcClkInFreq
 .bss.g_xtal0ClkFreq
                0x20000010        0x4 ./SDK/platform/drivers/src/clock/S32K1xx/clock_S32K1xx.o
                0x20000010                g_xtal0ClkFreq
 .bss.g_interruptDisableCount
                0x20000014        0x4 ./SDK/platform/drivers/src/interrupt/interrupt_manager.o
 .bss.pxCurrentTCB
                0x20000018        0x4 ./SDK/rtos/FreeRTOS_S32K/Source/tasks.o
                0x20000018                pxCurrentTCB
 .bss.pxReadyTasksLists
                0x2000001c      0x140 ./SDK/rtos/FreeRTOS_S32K/Source/tasks.o
 .bss.xDelayedTaskList1
                0x2000015c       0x14 ./SDK/rtos/FreeRTOS_S32K/Source/tasks.o
 .bss.xDelayedTaskList2
                0x20000170       0x14 ./SDK/rtos/FreeRTOS_S32K/Source/tasks.o
 .bss.pxDelayedTaskList
                0x20000184        0x4 ./SDK/rtos/FreeRTOS_S32K/Source/tasks.o
 .bss.pxOverflowDelayedTaskList
                0x20000188        0x4 ./SDK/rtos/FreeRTOS_S32K/Source/tasks.o
 .bss.xPendingReadyList
                0x2000018c       0x14 ./SDK/rtos/FreeRTOS_S32K/Source/tasks.o
 .bss.xTasksWaitingTermination
                0x200001a0       0x14 ./SDK/rtos/FreeRTOS_S32K/Source/tasks.o
 .bss.uxDeletedTasksWaitingCleanUp
                0x200001b4        0x4 ./SDK/rtos/FreeRTOS_S32K/Source/tasks.o
 .bss.xSuspendedTaskList
                0x200001b8       0x14 ./SDK/rtos/FreeRTOS_S32K/Source/tasks.o
 .bss.uxCurrentNumberOfTasks
                0x200001cc        0x4 ./SDK/rtos/FreeRTOS_S32K/Source/tasks.o
 .bss.xTickCount
                0x200001d0        0x4 ./SDK/rtos/FreeRTOS_S32K/Source/tasks.o
 .bss.uxTopReadyPriority
                0x200001d4        0x4 ./SDK/rtos/FreeRTOS_S32K/Source/tasks.o
 .bss.xSchedulerRunning
                0x200001d8        0x4 ./SDK/rtos/FreeRTOS_S32K/Source/tasks.o
 .bss.uxPendedTicks
                0x200001dc        0x4 ./SDK/rtos/FreeRTOS_S32K/Source/tasks.o
 .bss.xYieldPending
                0x200001e0        0x4 ./SDK/rtos/FreeRTOS_S32K/Source/tasks.o
 .bss.xNumOfOverflows
                0x200001e4        0x4 ./SDK/rtos/FreeRTOS_S32K/Source/tasks.o
 .bss.uxTaskNumber
                0x200001e8        0x4 ./SDK/rtos/FreeRTOS_S32K/Source/tasks.o
 .bss.xNextTaskUnblockTime
                0x200001ec        0x4 ./SDK/rtos/FreeRTOS_S32K/Source/tasks.o
 .bss.xIdleTaskHandle
                0x200001f0        0x4 ./SDK/rtos/FreeRTOS_S32K/Source/tasks.o
 .bss.uxSchedulerSuspended
                0x200001f4        0x4 ./SDK/rtos/FreeRTOS_S32K/Source/tasks.o
 .bss.ulTaskSwitchedInTime
                0x200001f8        0x4 ./SDK/rtos/FreeRTOS_S32K/Source/tasks.o
 .bss.ulTotalRunTime
                0x200001fc        0x4 ./SDK/rtos/FreeRTOS_S32K/Source/tasks.o
 .bss.xActiveTimerList1
                0x20000200       0x14 ./SDK/rtos/FreeRTOS_S32K/Source/timers.o
 .bss.xActiveTimerList2
                0x20000214       0x14 ./SDK/rtos/FreeRTOS_S32K/Source/timers.o
 .bss.pxCurrentTimerList
                0x20000228        0x4 ./SDK/rtos/FreeRTOS_S32K/Source/timers.o
 .bss.pxOverflowTimerList
                0x2000022c        0x4 ./SDK/rtos/FreeRTOS_S32K/Source/timers.o
 .bss.xTimerQueue
                0x20000230        0x4 ./SDK/rtos/FreeRTOS_S32K/Source/timers.o
 .bss.xTimerTaskHandle
                0x20000234        0x4 ./SDK/rtos/FreeRTOS_S32K/Source/timers.o
 .bss.xLastTime.6399
                0x20000238        0x4 ./SDK/rtos/FreeRTOS_S32K/Source/timers.o
 .bss.ucMaxSysCallPriority
                0x2000023c        0x1 ./SDK/rtos/FreeRTOS_S32K/Source/portable/GCC/ARM_CM4F/port.o
 *fill*         0x2000023d        0x3 
 .bss.ulMaxPRIGROUPValue
                0x20000240        0x4 ./SDK/rtos/FreeRTOS_S32K/Source/portable/GCC/ARM_CM4F/port.o
 .bss.ucHeap    0x20000244     0x2000 ./SDK/rtos/FreeRTOS_S32K/Source/portable/MemMang/heap_4.o
 .bss.xStart    0x20002244        0x8 ./SDK/rtos/FreeRTOS_S32K/Source/portable/MemMang/heap_4.o
 .bss.pxEnd     0x2000224c        0x4 ./SDK/rtos/FreeRTOS_S32K/Source/portable/MemMang/heap_4.o
 .bss.xFreeBytesRemaining
                0x20002250        0x4 ./SDK/rtos/FreeRTOS_S32K/Source/portable/MemMang/heap_4.o
 .bss.xMinimumEverFreeBytesRemaining
                0x20002254        0x4 ./SDK/rtos/FreeRTOS_S32K/Source/portable/MemMang/heap_4.o
 .bss.xBlockAllocatedBit
                0x20002258        0x4 ./SDK/rtos/FreeRTOS_S32K/Source/portable/MemMang/heap_4.o
 .bss.flashConfig
                0x2000225c       0x1c ./Sources/HardwareLib/FlashWriteRead.o
                0x2000225c                flashConfig
 .bss.LPUART1_TX_BUF
                0x20002278       0xc8 ./Sources/HardwareLib/LPUART.o
                0x20002278                LPUART1_TX_BUF
 .bss.receivebuff
                0x20002340      0x405 ./Sources/HardwareLib/LPUART.o
                0x20002340                receivebuff
 .bss.data_c    0x20002745        0x1 ./Sources/HardwareLib/LPUART.o
                0x20002745                data_c
 *fill*         0x20002746        0x2 
 .bss.rev_i     0x20002748        0x4 ./Sources/HardwareLib/LPUART.o
                0x20002748                rev_i
 .bss.CPU_RunTime
                0x2000274c        0x4 ./Sources/HardwareLib/LP_IT_timer.o
                0x2000274c                CPU_RunTime
 .bss.Erase_Pages
                0x20002750        0x4 ./Sources/HardwareLib/Ymodem.o
                0x20002750                Erase_Pages
 .bss.file_name
                0x20002754       0x78 ./Sources/HardwareLib/Ymodem.o
                0x20002754                file_name
 .bss.file_size
                0x200027cc        0x8 ./Sources/HardwareLib/Ymodem.o
                0x200027cc                file_size
 .bss.start_task_handler
                0x200027d4        0x4 ./Sources/RTOS_Task.o
                0x200027d4                start_task_handler
 .bss.key_task_handler
                0x200027d8        0x4 ./Sources/RTOS_Task.o
                0x200027d8                key_task_handler
 .bss.show_task_handler
                0x200027dc        0x4 ./Sources/RTOS_Task.o
                0x200027dc                show_task_handler
 .bss.appEntry  0x200027e0        0x4 ./Sources/RTOS_Task.o
                0x200027e0                appEntry
 .bss.appstack  0x200027e4        0x4 ./Sources/RTOS_Task.o
                0x200027e4                appstack
 .bss.jump_to_application.8901
                0x200027e8        0x4 ./Sources/RTOS_Task.o
 .bss.stack_pointer.8902
                0x200027ec        0x4 ./Sources/RTOS_Task.o
 .bss.exit_code
                0x200027f0        0x4 ./Sources/main.o
                0x200027f0                exit_code
 .bss.__malloc_free_list
                0x200027f4        0x4 E:/NXP/S32DS_ARM_v2.2/S32DS/build_tools/gcc_v6.3/gcc-6.3-arm32-eabi/arm-none-eabi/newlib/lib/thumb/v7e-m/fpv4-sp/hard\libc_nano.a(lib_a-nano-mallocr.o)
                0x200027f4                __malloc_free_list
 .bss.__malloc_sbrk_start
                0x200027f8        0x4 E:/NXP/S32DS_ARM_v2.2/S32DS/build_tools/gcc_v6.3/gcc-6.3-arm32-eabi/arm-none-eabi/newlib/lib/thumb/v7e-m/fpv4-sp/hard\libc_nano.a(lib_a-nano-mallocr.o)
                0x200027f8                __malloc_sbrk_start
 .bss.heap_end.5365
                0x200027fc        0x4 E:/NXP/S32DS_ARM_v2.2/S32DS/build_tools/gcc_v6.3/gcc-6.3-arm32-eabi/arm-none-eabi/newlib/lib/thumb/v7e-m/fpv4-sp/hard\libnosys.a(sbrk.o)
 *(COMMON)
 COMMON         0x20002800        0x4 E:/NXP/S32DS_ARM_v2.2/S32DS/build_tools/gcc_v6.3/gcc-6.3-arm32-eabi/arm-none-eabi/newlib/lib/thumb/v7e-m/fpv4-sp/hard\libc_nano.a(lib_a-reent.o)
                0x20002800                errno
                0x20002804                . = ALIGN (0x4)
                0x20002804                __bss_end__ = .
                0x20002804                __BSS_END = .

.heap           0x20002804      0x404
                0x20002808                . = ALIGN (0x8)
 *fill*         0x20002804        0x4 
                0x20002808                __end__ = .
                0x20002808                __heap_start__ = .
                0x20002808                PROVIDE (end, .)
                [!provide]                PROVIDE (_end, .)
                [!provide]                PROVIDE (__end, .)
                0x20002808                __HeapBase = .
                0x20002c08                . = (. + HEAP_SIZE)
 *fill*         0x20002808      0x400 
                0x20002c08                __HeapLimit = .
                0x20002c08                __heap_limit = .
                0x20002c08                __heap_end__ = .
                0x20007000                __StackTop = (ORIGIN (m_data_2) + LENGTH (m_data_2))
                0x20006c00                __StackLimit = (__StackTop - STACK_SIZE)
                0x20007000                PROVIDE (__stack, __StackTop)
                0x20007000                __RAM_END = __StackTop

.stack          0x20006c00      0x400
                0x20006c00                . = ALIGN (0x8)
                0x20006c00                __stack_start__ = .
                0x20007000                . = (. + STACK_SIZE)
 *fill*         0x20006c00      0x400 
                0x20007000                __stack_end__ = .

.ARM.attributes
                0x00000000       0x30
 *(.ARM.attributes)
 .ARM.attributes
                0x00000000       0x22 e:/nxp/s32ds_arm_v2.2/s32ds/build_tools/gcc_v6.3/gcc-6.3-arm32-eabi/bin/../lib/gcc/arm-none-eabi/6.3.1/thumb/v7e-m/fpv4-sp/hard/crti.o
 .ARM.attributes
                0x00000022       0x39 ./Generated_Code/Flash1.o
 .ARM.attributes
                0x0000005b       0x39 ./Generated_Code/clockMan1.o
 .ARM.attributes
                0x00000094       0x1f ./Project_Settings/Startup_Code/startup_S32K144.o
 .ARM.attributes
                0x000000b3       0x39 ./SDK/platform/devices/S32K144/startup/system_S32K144.o
 .ARM.attributes
                0x000000ec       0x39 ./SDK/platform/devices/startup.o
 .ARM.attributes
                0x00000125       0x39 ./SDK/platform/drivers/src/clock/S32K1xx/clock_S32K1xx.o
 .ARM.attributes
                0x0000015e       0x39 ./SDK/platform/drivers/src/flash/flash_driver.o
 .ARM.attributes
                0x00000197       0x39 ./SDK/platform/drivers/src/interrupt/interrupt_manager.o
 .ARM.attributes
                0x000001d0       0x39 ./SDK/rtos/FreeRTOS_S32K/Source/list.o
 .ARM.attributes
                0x00000209       0x39 ./SDK/rtos/FreeRTOS_S32K/Source/queue.o
 .ARM.attributes
                0x00000242       0x39 ./SDK/rtos/FreeRTOS_S32K/Source/tasks.o
 .ARM.attributes
                0x0000027b       0x39 ./SDK/rtos/FreeRTOS_S32K/Source/timers.o
 .ARM.attributes
                0x000002b4       0x39 ./SDK/rtos/FreeRTOS_S32K/Source/portable/GCC/ARM_CM4F/port.o
 .ARM.attributes
                0x000002ed       0x39 ./SDK/rtos/FreeRTOS_S32K/Source/portable/MemMang/heap_4.o
 .ARM.attributes
                0x00000326       0x39 ./Sources/HardwareLib/FlashWriteRead.o
 .ARM.attributes
                0x0000035f       0x39 ./Sources/HardwareLib/LPUART.o
 .ARM.attributes
                0x00000398       0x39 ./Sources/HardwareLib/LP_IT_timer.o
 .ARM.attributes
                0x000003d1       0x39 ./Sources/HardwareLib/RGB_LED.o
 .ARM.attributes
                0x0000040a       0x39 ./Sources/HardwareLib/Ymodem.o
 .ARM.attributes
                0x00000443       0x39 ./Sources/HardwareLib/latency.o
 .ARM.attributes
                0x0000047c       0x39 ./Sources/RTOS_Task.o
 .ARM.attributes
                0x000004b5       0x39 ./Sources/main.o
 .ARM.attributes
                0x000004ee       0x34 E:/NXP/S32DS_ARM_v2.2/S32DS/build_tools/gcc_v6.3/gcc-6.3-arm32-eabi/arm-none-eabi/newlib/lib/thumb/v7e-m/fpv4-sp/hard\libc_nano.a(lib_a-impure.o)
 .ARM.attributes
                0x00000522       0x34 E:/NXP/S32DS_ARM_v2.2/S32DS/build_tools/gcc_v6.3/gcc-6.3-arm32-eabi/arm-none-eabi/newlib/lib/thumb/v7e-m/fpv4-sp/hard\libc_nano.a(lib_a-malloc.o)
 .ARM.attributes
                0x00000556       0x34 E:/NXP/S32DS_ARM_v2.2/S32DS/build_tools/gcc_v6.3/gcc-6.3-arm32-eabi/arm-none-eabi/newlib/lib/thumb/v7e-m/fpv4-sp/hard\libc_nano.a(lib_a-memcpy-stub.o)
 .ARM.attributes
                0x0000058a       0x34 E:/NXP/S32DS_ARM_v2.2/S32DS/build_tools/gcc_v6.3/gcc-6.3-arm32-eabi/arm-none-eabi/newlib/lib/thumb/v7e-m/fpv4-sp/hard\libc_nano.a(lib_a-memset.o)
 .ARM.attributes
                0x000005be       0x34 E:/NXP/S32DS_ARM_v2.2/S32DS/build_tools/gcc_v6.3/gcc-6.3-arm32-eabi/arm-none-eabi/newlib/lib/thumb/v7e-m/fpv4-sp/hard\libc_nano.a(lib_a-nano-freer.o)
 .ARM.attributes
                0x000005f2       0x34 E:/NXP/S32DS_ARM_v2.2/S32DS/build_tools/gcc_v6.3/gcc-6.3-arm32-eabi/arm-none-eabi/newlib/lib/thumb/v7e-m/fpv4-sp/hard\libc_nano.a(lib_a-nano-mallocr.o)
 .ARM.attributes
                0x00000626       0x34 E:/NXP/S32DS_ARM_v2.2/S32DS/build_tools/gcc_v6.3/gcc-6.3-arm32-eabi/arm-none-eabi/newlib/lib/thumb/v7e-m/fpv4-sp/hard\libc_nano.a(lib_a-sbrkr.o)
 .ARM.attributes
                0x0000065a       0x1b E:/NXP/S32DS_ARM_v2.2/S32DS/build_tools/gcc_v6.3/gcc-6.3-arm32-eabi/arm-none-eabi/newlib/lib/thumb/v7e-m/fpv4-sp/hard\libc_nano.a(lib_a-strlen.o)
 .ARM.attributes
                0x00000675       0x34 E:/NXP/S32DS_ARM_v2.2/S32DS/build_tools/gcc_v6.3/gcc-6.3-arm32-eabi/arm-none-eabi/newlib/lib/thumb/v7e-m/fpv4-sp/hard\libc_nano.a(lib_a-vsprintf.o)
 .ARM.attributes
                0x000006a9       0x34 E:/NXP/S32DS_ARM_v2.2/S32DS/build_tools/gcc_v6.3/gcc-6.3-arm32-eabi/arm-none-eabi/newlib/lib/thumb/v7e-m/fpv4-sp/hard\libc_nano.a(lib_a-mlock.o)
 .ARM.attributes
                0x000006dd       0x34 E:/NXP/S32DS_ARM_v2.2/S32DS/build_tools/gcc_v6.3/gcc-6.3-arm32-eabi/arm-none-eabi/newlib/lib/thumb/v7e-m/fpv4-sp/hard\libc_nano.a(lib_a-nano-svfprintf.o)
 .ARM.attributes
                0x00000711       0x34 E:/NXP/S32DS_ARM_v2.2/S32DS/build_tools/gcc_v6.3/gcc-6.3-arm32-eabi/arm-none-eabi/newlib/lib/thumb/v7e-m/fpv4-sp/hard\libc_nano.a(lib_a-nano-vfprintf_i.o)
 .ARM.attributes
                0x00000745       0x34 E:/NXP/S32DS_ARM_v2.2/S32DS/build_tools/gcc_v6.3/gcc-6.3-arm32-eabi/arm-none-eabi/newlib/lib/thumb/v7e-m/fpv4-sp/hard\libc_nano.a(lib_a-reent.o)
 .ARM.attributes
                0x00000779       0x20 E:/NXP/S32DS_ARM_v2.2/S32DS/build_tools/gcc_v6.3/gcc-6.3-arm32-eabi/arm-none-eabi/newlib/lib/thumb/v7e-m/fpv4-sp/hard\libc_nano.a(lib_a-memchr.o)
 .ARM.attributes
                0x00000799       0x34 E:/NXP/S32DS_ARM_v2.2/S32DS/build_tools/gcc_v6.3/gcc-6.3-arm32-eabi/arm-none-eabi/newlib/lib/thumb/v7e-m/fpv4-sp/hard\libc_nano.a(lib_a-memmove.o)
 .ARM.attributes
                0x000007cd       0x34 E:/NXP/S32DS_ARM_v2.2/S32DS/build_tools/gcc_v6.3/gcc-6.3-arm32-eabi/arm-none-eabi/newlib/lib/thumb/v7e-m/fpv4-sp/hard\libc_nano.a(lib_a-nano-reallocr.o)
 .ARM.attributes
                0x00000801       0x34 E:/NXP/S32DS_ARM_v2.2/S32DS/build_tools/gcc_v6.3/gcc-6.3-arm32-eabi/arm-none-eabi/newlib/lib/thumb/v7e-m/fpv4-sp/hard\libc_nano.a(lib_a-nano-msizer.o)
 .ARM.attributes
                0x00000835       0x34 E:/NXP/S32DS_ARM_v2.2/S32DS/build_tools/gcc_v6.3/gcc-6.3-arm32-eabi/arm-none-eabi/newlib/lib/thumb/v7e-m/fpv4-sp/hard\libnosys.a(sbrk.o)
                0x00000001                ASSERT ((__rom_end <= (ORIGIN (m_text) + LENGTH (m_text))), Region m_text overflowed!)
                0x00000001                ASSERT ((__StackLimit >= __HeapLimit), region m_data_2 overflowed with stack and heap)
OUTPUT(BOOT_RTOS.elf elf32-littlearm)

.debug_info     0x00000000    0x1c1bc
 .debug_info    0x00000000     0x11ee ./Generated_Code/Flash1.o
 .debug_info    0x000011ee     0x1323 ./Generated_Code/clockMan1.o
 .debug_info    0x00002511       0x26 ./Project_Settings/Startup_Code/startup_S32K144.o
 .debug_info    0x00002537      0x51e ./SDK/platform/devices/S32K144/startup/system_S32K144.o
 .debug_info    0x00002a55      0x46d ./SDK/platform/devices/startup.o
 .debug_info    0x00002ec2     0x3e7a ./SDK/platform/drivers/src/clock/S32K1xx/clock_S32K1xx.o
 .debug_info    0x00006d3c     0x1677 ./SDK/platform/drivers/src/flash/flash_driver.o
 .debug_info    0x000083b3      0x9a7 ./SDK/platform/drivers/src/interrupt/interrupt_manager.o
 .debug_info    0x00008d5a      0xabb ./SDK/rtos/FreeRTOS_S32K/Source/list.o
 .debug_info    0x00009815     0x1df2 ./SDK/rtos/FreeRTOS_S32K/Source/queue.o
 .debug_info    0x0000b607     0x29b9 ./SDK/rtos/FreeRTOS_S32K/Source/tasks.o
 .debug_info    0x0000dfc0     0x1590 ./SDK/rtos/FreeRTOS_S32K/Source/timers.o
 .debug_info    0x0000f550      0x52f ./SDK/rtos/FreeRTOS_S32K/Source/portable/GCC/ARM_CM4F/port.o
 .debug_info    0x0000fa7f      0xbe0 ./SDK/rtos/FreeRTOS_S32K/Source/portable/MemMang/heap_4.o
 .debug_info    0x0001065f     0x1ca4 ./Sources/HardwareLib/FlashWriteRead.o
 .debug_info    0x00012303     0x2208 ./Sources/HardwareLib/LPUART.o
 .debug_info    0x0001450b     0x2010 ./Sources/HardwareLib/LP_IT_timer.o
 .debug_info    0x0001651b      0x2a2 ./Sources/HardwareLib/RGB_LED.o
 .debug_info    0x000167bd     0x1e3d ./Sources/HardwareLib/Ymodem.o
 .debug_info    0x000185fa      0x21e ./Sources/HardwareLib/latency.o
 .debug_info    0x00018818     0x1e75 ./Sources/RTOS_Task.o
 .debug_info    0x0001a68d     0x1b2f ./Sources/main.o

.debug_abbrev   0x00000000     0x2af0
 .debug_abbrev  0x00000000      0x123 ./Generated_Code/Flash1.o
 .debug_abbrev  0x00000123      0x130 ./Generated_Code/clockMan1.o
 .debug_abbrev  0x00000253       0x14 ./Project_Settings/Startup_Code/startup_S32K144.o
 .debug_abbrev  0x00000267      0x122 ./SDK/platform/devices/S32K144/startup/system_S32K144.o
 .debug_abbrev  0x00000389      0x105 ./SDK/platform/devices/startup.o
 .debug_abbrev  0x0000048e      0x2ca ./SDK/platform/drivers/src/clock/S32K1xx/clock_S32K1xx.o
 .debug_abbrev  0x00000758      0x227 ./SDK/platform/drivers/src/flash/flash_driver.o
 .debug_abbrev  0x0000097f      0x1b3 ./SDK/platform/drivers/src/interrupt/interrupt_manager.o
 .debug_abbrev  0x00000b32      0x1cc ./SDK/rtos/FreeRTOS_S32K/Source/list.o
 .debug_abbrev  0x00000cfe      0x317 ./SDK/rtos/FreeRTOS_S32K/Source/queue.o
 .debug_abbrev  0x00001015      0x34d ./SDK/rtos/FreeRTOS_S32K/Source/tasks.o
 .debug_abbrev  0x00001362      0x2d0 ./SDK/rtos/FreeRTOS_S32K/Source/timers.o
 .debug_abbrev  0x00001632      0x20d ./SDK/rtos/FreeRTOS_S32K/Source/portable/GCC/ARM_CM4F/port.o
 .debug_abbrev  0x0000183f      0x2a2 ./SDK/rtos/FreeRTOS_S32K/Source/portable/MemMang/heap_4.o
 .debug_abbrev  0x00001ae1      0x251 ./Sources/HardwareLib/FlashWriteRead.o
 .debug_abbrev  0x00001d32      0x2c0 ./Sources/HardwareLib/LPUART.o
 .debug_abbrev  0x00001ff2      0x254 ./Sources/HardwareLib/LP_IT_timer.o
 .debug_abbrev  0x00002246       0xce ./Sources/HardwareLib/RGB_LED.o
 .debug_abbrev  0x00002314      0x296 ./Sources/HardwareLib/Ymodem.o
 .debug_abbrev  0x000025aa      0x123 ./Sources/HardwareLib/latency.o
 .debug_abbrev  0x000026cd      0x237 ./Sources/RTOS_Task.o
 .debug_abbrev  0x00002904      0x1ec ./Sources/main.o

.debug_aranges  0x00000000      0xe00
 .debug_aranges
                0x00000000       0x18 ./Generated_Code/Flash1.o
 .debug_aranges
                0x00000018       0x18 ./Generated_Code/clockMan1.o
 .debug_aranges
                0x00000030       0x20 ./Project_Settings/Startup_Code/startup_S32K144.o
 .debug_aranges
                0x00000050       0x30 ./SDK/platform/devices/S32K144/startup/system_S32K144.o
 .debug_aranges
                0x00000080       0x20 ./SDK/platform/devices/startup.o
 .debug_aranges
                0x000000a0      0x470 ./SDK/platform/drivers/src/clock/S32K1xx/clock_S32K1xx.o
 .debug_aranges
                0x00000510      0x148 ./SDK/platform/drivers/src/flash/flash_driver.o
 .debug_aranges
                0x00000658       0x70 ./SDK/platform/drivers/src/interrupt/interrupt_manager.o
 .debug_aranges
                0x000006c8       0x40 ./SDK/rtos/FreeRTOS_S32K/Source/list.o
 .debug_aranges
                0x00000708      0x128 ./SDK/rtos/FreeRTOS_S32K/Source/queue.o
 .debug_aranges
                0x00000830      0x220 ./SDK/rtos/FreeRTOS_S32K/Source/tasks.o
 .debug_aranges
                0x00000a50       0xd8 ./SDK/rtos/FreeRTOS_S32K/Source/timers.o
 .debug_aranges
                0x00000b28       0x80 ./SDK/rtos/FreeRTOS_S32K/Source/portable/GCC/ARM_CM4F/port.o
 .debug_aranges
                0x00000ba8       0x50 ./SDK/rtos/FreeRTOS_S32K/Source/portable/MemMang/heap_4.o
 .debug_aranges
                0x00000bf8       0x40 ./Sources/HardwareLib/FlashWriteRead.o
 .debug_aranges
                0x00000c38       0x50 ./Sources/HardwareLib/LPUART.o
 .debug_aranges
                0x00000c88       0x30 ./Sources/HardwareLib/LP_IT_timer.o
 .debug_aranges
                0x00000cb8       0x48 ./Sources/HardwareLib/RGB_LED.o
 .debug_aranges
                0x00000d00       0x50 ./Sources/HardwareLib/Ymodem.o
 .debug_aranges
                0x00000d50       0x40 ./Sources/HardwareLib/latency.o
 .debug_aranges
                0x00000d90       0x50 ./Sources/RTOS_Task.o
 .debug_aranges
                0x00000de0       0x20 ./Sources/main.o

.debug_line     0x00000000     0x805c
 .debug_line    0x00000000      0x374 ./Generated_Code/Flash1.o
 .debug_line    0x00000374      0x377 ./Generated_Code/clockMan1.o
 .debug_line    0x000006eb       0x82 ./Project_Settings/Startup_Code/startup_S32K144.o
 .debug_line    0x0000076d      0x20e ./SDK/platform/devices/S32K144/startup/system_S32K144.o
 .debug_line    0x0000097b      0x1b2 ./SDK/platform/devices/startup.o
 .debug_line    0x00000b2d     0x15c0 ./SDK/platform/drivers/src/clock/S32K1xx/clock_S32K1xx.o
 .debug_line    0x000020ed      0x7fa ./SDK/platform/drivers/src/flash/flash_driver.o
 .debug_line    0x000028e7      0x393 ./SDK/platform/drivers/src/interrupt/interrupt_manager.o
 .debug_line    0x00002c7a      0x368 ./SDK/rtos/FreeRTOS_S32K/Source/list.o
 .debug_line    0x00002fe2      0xc4d ./SDK/rtos/FreeRTOS_S32K/Source/queue.o
 .debug_line    0x00003c2f     0x114a ./SDK/rtos/FreeRTOS_S32K/Source/tasks.o
 .debug_line    0x00004d79      0x6d9 ./SDK/rtos/FreeRTOS_S32K/Source/timers.o
 .debug_line    0x00005452      0x48b ./SDK/rtos/FreeRTOS_S32K/Source/portable/GCC/ARM_CM4F/port.o
 .debug_line    0x000058dd      0x3e4 ./SDK/rtos/FreeRTOS_S32K/Source/portable/MemMang/heap_4.o
 .debug_line    0x00005cc1      0x4c8 ./Sources/HardwareLib/FlashWriteRead.o
 .debug_line    0x00006189      0x553 ./Sources/HardwareLib/LPUART.o
 .debug_line    0x000066dc      0x489 ./Sources/HardwareLib/LP_IT_timer.o
 .debug_line    0x00006b65      0x1f8 ./Sources/HardwareLib/RGB_LED.o
 .debug_line    0x00006d5d      0x5b6 ./Sources/HardwareLib/Ymodem.o
 .debug_line    0x00007313      0x25e ./Sources/HardwareLib/latency.o
 .debug_line    0x00007571      0x663 ./Sources/RTOS_Task.o
 .debug_line    0x00007bd4      0x488 ./Sources/main.o

.debug_str      0x00000000     0x73d6
 .debug_str     0x00000000     0x1e80 ./Generated_Code/Flash1.o
                               0x1f25 (size before relaxing)
 .debug_str     0x00001e80      0x4b6 ./Generated_Code/clockMan1.o
                               0x23c0 (size before relaxing)
 .debug_str     0x00002336       0x3f ./Project_Settings/Startup_Code/startup_S32K144.o
                                 0x7b (size before relaxing)
 .debug_str     0x00002375      0x1f8 ./SDK/platform/devices/S32K144/startup/system_S32K144.o
                                0x435 (size before relaxing)
 .debug_str     0x0000256d      0x20c ./SDK/platform/devices/startup.o
                                0x4c9 (size before relaxing)
 .debug_str     0x00002779     0x152c ./SDK/platform/drivers/src/clock/S32K1xx/clock_S32K1xx.o
                               0x3903 (size before relaxing)
 .debug_str     0x00003ca5      0xcbb ./SDK/platform/drivers/src/flash/flash_driver.o
                               0x18b6 (size before relaxing)
 .debug_str     0x00004960      0x1f3 ./SDK/platform/drivers/src/interrupt/interrupt_manager.o
                                0xb7a (size before relaxing)
 .debug_str     0x00004b53      0x534 ./SDK/rtos/FreeRTOS_S32K/Source/list.o
                                0x79a (size before relaxing)
 .debug_str     0x00005087      0x620 ./SDK/rtos/FreeRTOS_S32K/Source/queue.o
                                0xd69 (size before relaxing)
 .debug_str     0x000056a7      0xd7d ./SDK/rtos/FreeRTOS_S32K/Source/tasks.o
                               0x15f4 (size before relaxing)
 .debug_str     0x00006424      0x526 ./SDK/rtos/FreeRTOS_S32K/Source/timers.o
                                0xccb (size before relaxing)
 .debug_str     0x0000694a      0x206 ./SDK/rtos/FreeRTOS_S32K/Source/portable/GCC/ARM_CM4F/port.o
                                0x4c4 (size before relaxing)
 .debug_str     0x00006b50      0x1e5 ./SDK/rtos/FreeRTOS_S32K/Source/portable/MemMang/heap_4.o
                                0x864 (size before relaxing)
 .debug_str     0x00006d35       0xe4 ./Sources/HardwareLib/FlashWriteRead.o
                               0x2464 (size before relaxing)
 .debug_str     0x00006e19      0x17b ./Sources/HardwareLib/LPUART.o
                               0x2b95 (size before relaxing)
 .debug_str     0x00006f94       0x86 ./Sources/HardwareLib/LP_IT_timer.o
                               0x2a8f (size before relaxing)
 .debug_str     0x0000701a       0x93 ./Sources/HardwareLib/RGB_LED.o
                                0x30b (size before relaxing)
 .debug_str     0x000070ad      0x18f ./Sources/HardwareLib/Ymodem.o
                               0x256a (size before relaxing)
 .debug_str     0x0000723c       0x99 ./Sources/HardwareLib/latency.o
                                0x2af (size before relaxing)
 .debug_str     0x000072d5       0xe5 ./Sources/RTOS_Task.o
                               0x25d1 (size before relaxing)
 .debug_str     0x000073ba       0x1c ./Sources/main.o
                               0x23d0 (size before relaxing)

.comment        0x00000000       0xa0
 .comment       0x00000000       0xa0 ./Generated_Code/Flash1.o
                                 0xa1 (size before relaxing)
 .comment       0x000000a0       0xa1 ./Generated_Code/clockMan1.o
 .comment       0x000000a0       0xa1 ./SDK/platform/devices/S32K144/startup/system_S32K144.o
 .comment       0x000000a0       0xa1 ./SDK/platform/devices/startup.o
 .comment       0x000000a0       0xa1 ./SDK/platform/drivers/src/clock/S32K1xx/clock_S32K1xx.o
 .comment       0x000000a0       0xa1 ./SDK/platform/drivers/src/flash/flash_driver.o
 .comment       0x000000a0       0xa1 ./SDK/platform/drivers/src/interrupt/interrupt_manager.o
 .comment       0x000000a0       0xa1 ./SDK/rtos/FreeRTOS_S32K/Source/list.o
 .comment       0x000000a0       0xa1 ./SDK/rtos/FreeRTOS_S32K/Source/queue.o
 .comment       0x000000a0       0xa1 ./SDK/rtos/FreeRTOS_S32K/Source/tasks.o
 .comment       0x000000a0       0xa1 ./SDK/rtos/FreeRTOS_S32K/Source/timers.o
 .comment       0x000000a0       0xa1 ./SDK/rtos/FreeRTOS_S32K/Source/portable/GCC/ARM_CM4F/port.o
 .comment       0x000000a0       0xa1 ./SDK/rtos/FreeRTOS_S32K/Source/portable/MemMang/heap_4.o
 .comment       0x000000a0       0xa1 ./Sources/HardwareLib/FlashWriteRead.o
 .comment       0x000000a0       0xa1 ./Sources/HardwareLib/LPUART.o
 .comment       0x000000a0       0xa1 ./Sources/HardwareLib/LP_IT_timer.o
 .comment       0x000000a0       0xa1 ./Sources/HardwareLib/RGB_LED.o
 .comment       0x000000a0       0xa1 ./Sources/HardwareLib/Ymodem.o
 .comment       0x000000a0       0xa1 ./Sources/HardwareLib/latency.o
 .comment       0x000000a0       0xa1 ./Sources/RTOS_Task.o
 .comment       0x000000a0       0xa1 ./Sources/main.o

.debug_ranges   0x00000000      0xc80
 .debug_ranges  0x00000000       0x20 ./SDK/platform/devices/S32K144/startup/system_S32K144.o
 .debug_ranges  0x00000020       0x10 ./SDK/platform/devices/startup.o
 .debug_ranges  0x00000030      0x460 ./SDK/platform/drivers/src/clock/S32K1xx/clock_S32K1xx.o
 .debug_ranges  0x00000490      0x138 ./SDK/platform/drivers/src/flash/flash_driver.o
 .debug_ranges  0x000005c8       0x60 ./SDK/platform/drivers/src/interrupt/interrupt_manager.o
 .debug_ranges  0x00000628       0x30 ./SDK/rtos/FreeRTOS_S32K/Source/list.o
 .debug_ranges  0x00000658      0x118 ./SDK/rtos/FreeRTOS_S32K/Source/queue.o
 .debug_ranges  0x00000770      0x210 ./SDK/rtos/FreeRTOS_S32K/Source/tasks.o
 .debug_ranges  0x00000980       0xc8 ./SDK/rtos/FreeRTOS_S32K/Source/timers.o
 .debug_ranges  0x00000a48       0x70 ./SDK/rtos/FreeRTOS_S32K/Source/portable/GCC/ARM_CM4F/port.o
 .debug_ranges  0x00000ab8       0x40 ./SDK/rtos/FreeRTOS_S32K/Source/portable/MemMang/heap_4.o
 .debug_ranges  0x00000af8       0x30 ./Sources/HardwareLib/FlashWriteRead.o
 .debug_ranges  0x00000b28       0x40 ./Sources/HardwareLib/LPUART.o
 .debug_ranges  0x00000b68       0x20 ./Sources/HardwareLib/LP_IT_timer.o
 .debug_ranges  0x00000b88       0x38 ./Sources/HardwareLib/RGB_LED.o
 .debug_ranges  0x00000bc0       0x40 ./Sources/HardwareLib/Ymodem.o
 .debug_ranges  0x00000c00       0x30 ./Sources/HardwareLib/latency.o
 .debug_ranges  0x00000c30       0x40 ./Sources/RTOS_Task.o
 .debug_ranges  0x00000c70       0x10 ./Sources/main.o

.debug_frame    0x00000000     0x3c18
 .debug_frame   0x00000000       0x80 ./SDK/platform/devices/S32K144/startup/system_S32K144.o
 .debug_frame   0x00000080       0x38 ./SDK/platform/devices/startup.o
 .debug_frame   0x000000b8     0x1524 ./SDK/platform/drivers/src/clock/S32K1xx/clock_S32K1xx.o
 .debug_frame   0x000015dc      0x584 ./SDK/platform/drivers/src/flash/flash_driver.o
 .debug_frame   0x00001b60      0x1b8 ./SDK/platform/drivers/src/interrupt/interrupt_manager.o
 .debug_frame   0x00001d18       0xd8 ./SDK/rtos/FreeRTOS_S32K/Source/list.o
 .debug_frame   0x00001df0      0x504 ./SDK/rtos/FreeRTOS_S32K/Source/queue.o
 .debug_frame   0x000022f4      0x958 ./SDK/rtos/FreeRTOS_S32K/Source/tasks.o
 .debug_frame   0x00002c4c      0x388 ./SDK/rtos/FreeRTOS_S32K/Source/timers.o
 .debug_frame   0x00002fd4      0x1a8 ./SDK/rtos/FreeRTOS_S32K/Source/portable/GCC/ARM_CM4F/port.o
 .debug_frame   0x0000317c      0x108 ./SDK/rtos/FreeRTOS_S32K/Source/portable/MemMang/heap_4.o
 .debug_frame   0x00003284       0xcc ./Sources/HardwareLib/FlashWriteRead.o
 .debug_frame   0x00003350      0x120 ./Sources/HardwareLib/LPUART.o
 .debug_frame   0x00003470       0x74 ./Sources/HardwareLib/LP_IT_timer.o
 .debug_frame   0x000034e4       0xd0 ./Sources/HardwareLib/RGB_LED.o
 .debug_frame   0x000035b4      0x114 ./Sources/HardwareLib/Ymodem.o
 .debug_frame   0x000036c8       0xcc ./Sources/HardwareLib/latency.o
 .debug_frame   0x00003794       0xf0 ./Sources/RTOS_Task.o
 .debug_frame   0x00003884       0x2c ./Sources/main.o
 .debug_frame   0x000038b0       0x30 E:/NXP/S32DS_ARM_v2.2/S32DS/build_tools/gcc_v6.3/gcc-6.3-arm32-eabi/arm-none-eabi/newlib/lib/thumb/v7e-m/fpv4-sp/hard\libc_nano.a(lib_a-malloc.o)
 .debug_frame   0x000038e0       0x28 E:/NXP/S32DS_ARM_v2.2/S32DS/build_tools/gcc_v6.3/gcc-6.3-arm32-eabi/arm-none-eabi/newlib/lib/thumb/v7e-m/fpv4-sp/hard\libc_nano.a(lib_a-memcpy-stub.o)
 .debug_frame   0x00003908       0x20 E:/NXP/S32DS_ARM_v2.2/S32DS/build_tools/gcc_v6.3/gcc-6.3-arm32-eabi/arm-none-eabi/newlib/lib/thumb/v7e-m/fpv4-sp/hard\libc_nano.a(lib_a-memset.o)
 .debug_frame   0x00003928       0x38 E:/NXP/S32DS_ARM_v2.2/S32DS/build_tools/gcc_v6.3/gcc-6.3-arm32-eabi/arm-none-eabi/newlib/lib/thumb/v7e-m/fpv4-sp/hard\libc_nano.a(lib_a-nano-freer.o)
 .debug_frame   0x00003960       0x2c E:/NXP/S32DS_ARM_v2.2/S32DS/build_tools/gcc_v6.3/gcc-6.3-arm32-eabi/arm-none-eabi/newlib/lib/thumb/v7e-m/fpv4-sp/hard\libc_nano.a(lib_a-nano-mallocr.o)
 .debug_frame   0x0000398c       0x2c E:/NXP/S32DS_ARM_v2.2/S32DS/build_tools/gcc_v6.3/gcc-6.3-arm32-eabi/arm-none-eabi/newlib/lib/thumb/v7e-m/fpv4-sp/hard\libc_nano.a(lib_a-sbrkr.o)
 .debug_frame   0x000039b8       0x40 E:/NXP/S32DS_ARM_v2.2/S32DS/build_tools/gcc_v6.3/gcc-6.3-arm32-eabi/arm-none-eabi/newlib/lib/thumb/v7e-m/fpv4-sp/hard\libc_nano.a(lib_a-vsprintf.o)
 .debug_frame   0x000039f8       0x30 E:/NXP/S32DS_ARM_v2.2/S32DS/build_tools/gcc_v6.3/gcc-6.3-arm32-eabi/arm-none-eabi/newlib/lib/thumb/v7e-m/fpv4-sp/hard\libc_nano.a(lib_a-mlock.o)
 .debug_frame   0x00003a28       0x90 E:/NXP/S32DS_ARM_v2.2/S32DS/build_tools/gcc_v6.3/gcc-6.3-arm32-eabi/arm-none-eabi/newlib/lib/thumb/v7e-m/fpv4-sp/hard\libc_nano.a(lib_a-nano-svfprintf.o)
 .debug_frame   0x00003ab8       0x60 E:/NXP/S32DS_ARM_v2.2/S32DS/build_tools/gcc_v6.3/gcc-6.3-arm32-eabi/arm-none-eabi/newlib/lib/thumb/v7e-m/fpv4-sp/hard\libc_nano.a(lib_a-nano-vfprintf_i.o)
 .debug_frame   0x00003b18       0x5c E:/NXP/S32DS_ARM_v2.2/S32DS/build_tools/gcc_v6.3/gcc-6.3-arm32-eabi/arm-none-eabi/newlib/lib/thumb/v7e-m/fpv4-sp/hard\libc_nano.a(lib_a-reent.o)
 .debug_frame   0x00003b74       0x28 E:/NXP/S32DS_ARM_v2.2/S32DS/build_tools/gcc_v6.3/gcc-6.3-arm32-eabi/arm-none-eabi/newlib/lib/thumb/v7e-m/fpv4-sp/hard\libc_nano.a(lib_a-memmove.o)
 .debug_frame   0x00003b9c       0x3c E:/NXP/S32DS_ARM_v2.2/S32DS/build_tools/gcc_v6.3/gcc-6.3-arm32-eabi/arm-none-eabi/newlib/lib/thumb/v7e-m/fpv4-sp/hard\libc_nano.a(lib_a-nano-reallocr.o)
 .debug_frame   0x00003bd8       0x20 E:/NXP/S32DS_ARM_v2.2/S32DS/build_tools/gcc_v6.3/gcc-6.3-arm32-eabi/arm-none-eabi/newlib/lib/thumb/v7e-m/fpv4-sp/hard\libc_nano.a(lib_a-nano-msizer.o)
 .debug_frame   0x00003bf8       0x20 E:/NXP/S32DS_ARM_v2.2/S32DS/build_tools/gcc_v6.3/gcc-6.3-arm32-eabi/arm-none-eabi/newlib/lib/thumb/v7e-m/fpv4-sp/hard\libnosys.a(sbrk.o)
